<html>
<body>
<pre>
<h1>礦ision Build Log</h1>
<h2>Project:</h2>
Z:\物资管理\开源资料\RM2015开源资料\电控开源\云台\GimbalControl\Project\STM32F4.uvproj
Project File Date:  12/30/2014

<h2>Output:</h2>
Build target 'STM32F4'
compiling stm32f4xx_it.c...
compiling app.c...
compiling main.c...
compiling mpu6050_driver.c...
compiling mpu6050_i2c.c...
compiling mpu6050_interrupt.c...
compiling bsp.c...
compiling can1.c...
compiling can2.c...
compiling usart1.c...
compiling pwm.c...
linking...
Program Size: Code=19344 RO-data=424 RW-data=128 ZI-data=1480  
".\Objects\STM32F4.axf" - 0 Errors, 0 Warning(s).
Build target 'STM32F4'
compiling bsp.c...
linking...
Program Size: Code=19340 RO-data=424 RW-data=128 ZI-data=1480  
".\Objects\STM32F4.axf" - 0 Errors, 0 Warning(s).
