Component: ARM Compiler 5.06 update 1 (build 61) Tool: armlink [4d35a8]

==============================================================================

Section Cross References

    main.o(.text) refers to bsp.o(.text) for BSP_Init
    main.o(.text) refers to delay.o(.text) for delay_ms
    main.o(.text) refers to mpu6050_driver.o(.text) for MPU6050_Initialization
    main.o(.text) refers to pwm.o(.text) for PWM_Configuration
    main.o(.text) refers to printfa.o(i.__0printf) for __2printf
    main.o(.text) refers to canbustask.o(.text) for Motor_Reset_Can_2
    main.o(.text) refers to remote_control.o(.text) for Remote_Control
    main.o(.text) refers to f2d.o(.text) for __aeabi_f2d
    main.o(.text) refers to mpu6050_driver.o(.bss) for MPU6050_Real_Data
    remote_control.o(.text) refers to canbustask.o(.text) for wheel_control
    remote_control.o(.text) refers to usart1.o(.bss) for RC_Ctl
    remote_control.o(.text) refers to remote_control.o(.data) for Remote_On
    remote_control.o(.text) refers to usart3.o(.bss) for data_usart_3
    remote_control.o(.text) refers to app.o(.data) for pitch_Position
    mpu6050_driver.o(.text) refers to mpu6050_i2c.o(.text) for IIC_GPIO_Init
    mpu6050_driver.o(.text) refers to printfa.o(i.__0printf) for __2printf
    mpu6050_driver.o(.text) refers to f2d.o(.text) for __aeabi_f2d
    mpu6050_driver.o(.text) refers to sqrt.o(i.__hardfp_sqrt) for __hardfp_sqrt
    mpu6050_driver.o(.text) refers to ddiv.o(.text) for __aeabi_ddiv
    mpu6050_driver.o(.text) refers to atan.o(i.__hardfp_atan) for __hardfp_atan
    mpu6050_driver.o(.text) refers to dmul.o(.text) for __aeabi_dmul
    mpu6050_driver.o(.text) refers to d2f.o(.text) for __aeabi_d2f
    mpu6050_driver.o(.text) refers to mpu6050_driver.o(.bss) for MPU6050_Raw_Data
    mpu6050_driver.o(.text) refers to mpu6050_driver.o(.data) for gyroADC_X_offset
    mpu6050_driver.o(.text) refers to delay.o(.text) for delay_ms
    mpu6050_i2c.o(.text) refers to stm32f4xx_rcc.o(.text) for RCC_AHB1PeriphClockCmd
    mpu6050_i2c.o(.text) refers to stm32f4xx_gpio.o(.text) for GPIO_Init
    mpu6050_i2c.o(.text) refers to printfa.o(i.__0printf) for __2printf
    mpu6050_interrupt.o(.text) refers to stm32f4xx_rcc.o(.text) for RCC_APB2PeriphClockCmd
    mpu6050_interrupt.o(.text) refers to stm32f4xx_gpio.o(.text) for GPIO_Init
    mpu6050_interrupt.o(.text) refers to stm32f4xx_syscfg.o(.text) for SYSCFG_EXTILineConfig
    mpu6050_interrupt.o(.text) refers to stm32f4xx_exti.o(.text) for EXTI_Init
    mpu6050_interrupt.o(.text) refers to misc.o(.text) for NVIC_Init
    mpu6050_interrupt.o(.text) refers to mpu6050_driver.o(.text) for MPU6050_ReadData
    bsp.o(.text) refers to misc.o(.text) for NVIC_PriorityGroupConfig
    bsp.o(.text) refers to led.o(.text) for LED_Configuration
    bsp.o(.text) refers to laser.o(.text) for RELAY_Configuration
    bsp.o(.text) refers to can1.o(.text) for CAN1_Configuration
    bsp.o(.text) refers to can2.o(.text) for CAN2_Configuration
    bsp.o(.text) refers to usart1.o(.text) for USART1_Configuration
    bsp.o(.text) refers to usart3.o(.text) for USART3_Configuration
    bsp.o(.text) refers to pwm.o(.text) for PWM_Configuration
    bsp.o(.text) refers to tim2.o(.text) for TIM2_Configuration
    bsp.o(.text) refers to tim6.o(.text) for TIM6_Configuration
    can2.o(.text) refers to stm32f4xx_rcc.o(.text) for RCC_AHB1PeriphClockCmd
    can2.o(.text) refers to stm32f4xx_gpio.o(.text) for GPIO_PinAFConfig
    can2.o(.text) refers to misc.o(.text) for NVIC_Init
    can2.o(.text) refers to stm32f4xx_can.o(.text) for CAN_DeInit
    can2.o(.text) refers to canbustask.o(.text) for CanReceiveMsgProcess
    usart1.o(.text) refers to stm32f4xx_rcc.o(.text) for RCC_AHB1PeriphClockCmd
    usart1.o(.text) refers to stm32f4xx_gpio.o(.text) for GPIO_PinAFConfig
    usart1.o(.text) refers to stm32f4xx_usart.o(.text) for USART_Init
    usart1.o(.text) refers to misc.o(.text) for NVIC_Init
    usart1.o(.text) refers to stm32f4xx_dma.o(.text) for DMA_DeInit
    usart1.o(.text) refers to usart1.o(.bss) for dma
    tim6.o(.text) refers to stm32f4xx_rcc.o(.text) for RCC_APB1PeriphClockCmd
    tim6.o(.text) refers to misc.o(.text) for NVIC_Init
    tim6.o(.text) refers to stm32f4xx_tim.o(.text) for TIM_TimeBaseInit
    tim6.o(.text) refers to app.o(.text) for set_Pitch_Yaw_Position
    tim6.o(.text) refers to app.o(.data) for pitch_Position
    led.o(.text) refers to stm32f4xx_rcc.o(.text) for RCC_AHB1PeriphClockCmd
    led.o(.text) refers to stm32f4xx_gpio.o(.text) for GPIO_Init
    laser.o(.text) refers to stm32f4xx_rcc.o(.text) for RCC_AHB1PeriphClockCmd
    laser.o(.text) refers to stm32f4xx_gpio.o(.text) for GPIO_Init
    laser.o(.text) refers to stm32f4xx_tim.o(.text) for TIM_TimeBaseInit
    usart2.o(.text) refers to stm32f4xx_rcc.o(.text) for RCC_AHB1PeriphClockCmd
    usart2.o(.text) refers to stm32f4xx_gpio.o(.text) for GPIO_PinAFConfig
[...]
    ../clib/microlib/printf/stubs.s          0x00000000   Number         0  stubs.o ABSOLUTE
    ../clib/microlib/stdio/streams.c         0x00000000   Number         0  stdout.o ABSOLUTE
    ../clib/microlib/stubs.s                 0x00000000   Number         0  iusefp.o ABSOLUTE
    ../fplib/microlib/d2f.c                  0x00000000   Number         0  d2f.o ABSOLUTE
    ../fplib/microlib/f2d.c                  0x00000000   Number         0  f2d.o ABSOLUTE
    ../fplib/microlib/fpadd.c                0x00000000   Number         0  dadd.o ABSOLUTE
    ../fplib/microlib/fpdiv.c                0x00000000   Number         0  ddiv.o ABSOLUTE
    ../fplib/microlib/fpepilogue.c           0x00000000   Number         0  depilogue.o ABSOLUTE
    ../fplib/microlib/fpepilogue.c           0x00000000   Number         0  fepilogue.o ABSOLUTE
    ../fplib/microlib/fpfix.c                0x00000000   Number         0  dfixul.o ABSOLUTE
    ../fplib/microlib/fpmul.c                0x00000000   Number         0  dmul.o ABSOLUTE
    ../fplib/microlib/fpneg.c                0x00000000   Number         0  dneg.o ABSOLUTE
    ../fplib/microlib/fpsqrt.c               0x00000000   Number         0  dsqrt.o ABSOLUTE
    ../mathlib/atan.c                        0x00000000   Number         0  atan.o ABSOLUTE
    ../mathlib/atan.c                        0x00000000   Number         0  atan_x.o ABSOLUTE
    ../mathlib/dunder.c                      0x00000000   Number         0  dunder.o ABSOLUTE
    ../mathlib/fabs.c                        0x00000000   Number         0  fabs.o ABSOLUTE
    ../mathlib/fpclassify.c                  0x00000000   Number         0  fpclassify.o ABSOLUTE
    ../mathlib/poly.c                        0x00000000   Number         0  poly.o ABSOLUTE
    ../mathlib/sqrt.c                        0x00000000   Number         0  sqrt_x.o ABSOLUTE
    ../mathlib/sqrt.c                        0x00000000   Number         0  sqrt.o ABSOLUTE
    ..\APP\CanBusTask.c                      0x00000000   Number         0  canbustask.o ABSOLUTE
    ..\APP\app.c                             0x00000000   Number         0  app.o ABSOLUTE
    ..\BSP\bsp.c                             0x00000000   Number         0  bsp.o ABSOLUTE
    ..\BSP\can1.c                            0x00000000   Number         0  can1.o ABSOLUTE
    ..\BSP\can2.c                            0x00000000   Number         0  can2.o ABSOLUTE
    ..\BSP\delay.c                           0x00000000   Number         0  delay.o ABSOLUTE
    ..\BSP\laser.c                           0x00000000   Number         0  laser.o ABSOLUTE
    ..\BSP\led.c                             0x00000000   Number         0  led.o ABSOLUTE
    ..\BSP\pwm.c                             0x00000000   Number         0  pwm.o ABSOLUTE
    ..\BSP\tim2.c                            0x00000000   Number         0  tim2.o ABSOLUTE
    ..\BSP\tim6.c                            0x00000000   Number         0  tim6.o ABSOLUTE
    ..\BSP\usart1.c                          0x00000000   Number         0  usart1.o ABSOLUTE
    ..\BSP\usart2.c                          0x00000000   Number         0  usart2.o ABSOLUTE
    ..\BSP\usart3.c                          0x00000000   Number         0  usart3.o ABSOLUTE
    ..\Libraries\misc.c                      0x00000000   Number         0  misc.o ABSOLUTE
    ..\Libraries\startup_stm32f4xx.s         0x00000000   Number         0  startup_stm32f4xx.o ABSOLUTE
    ..\Libraries\stm32f4xx_can.c             0x00000000   Number         0  stm32f4xx_can.o ABSOLUTE
    ..\Libraries\stm32f4xx_dma.c             0x00000000   Number         0  stm32f4xx_dma.o ABSOLUTE
    ..\Libraries\stm32f4xx_exti.c            0x00000000   Number         0  stm32f4xx_exti.o ABSOLUTE
    ..\Libraries\stm32f4xx_flash.c           0x00000000   Number         0  stm32f4xx_flash.o ABSOLUTE
    ..\Libraries\stm32f4xx_gpio.c            0x00000000   Number         0  stm32f4xx_gpio.o ABSOLUTE
    ..\Libraries\stm32f4xx_i2c.c             0x00000000   Number         0  stm32f4xx_i2c.o ABSOLUTE
    ..\Libraries\stm32f4xx_rcc.c             0x00000000   Number         0  stm32f4xx_rcc.o ABSOLUTE
    ..\Libraries\stm32f4xx_syscfg.c          0x00000000   Number         0  stm32f4xx_syscfg.o ABSOLUTE
    ..\Libraries\stm32f4xx_tim.c             0x00000000   Number         0  stm32f4xx_tim.o ABSOLUTE
    ..\Libraries\stm32f4xx_usart.c           0x00000000   Number         0  stm32f4xx_usart.o ABSOLUTE
    ..\Libraries\stm32f4xx_wwdg.c            0x00000000   Number         0  stm32f4xx_wwdg.o ABSOLUTE
    ..\Libraries\system_stm32f4xx.c          0x00000000   Number         0  system_stm32f4xx.o ABSOLUTE
    ..\MPU6050\mpu6050_driver.c              0x00000000   Number         0  mpu6050_driver.o ABSOLUTE
    ..\MPU6050\mpu6050_i2c.c                 0x00000000   Number         0  mpu6050_i2c.o ABSOLUTE
    ..\MPU6050\mpu6050_interrupt.c           0x00000000   Number         0  mpu6050_interrupt.o ABSOLUTE
    ..\User\global_varialbe.c                0x00000000   Number         0  global_varialbe.o ABSOLUTE
    ..\User\main.c                           0x00000000   Number         0  main.o ABSOLUTE
    ..\User\pid.c                            0x00000000   Number         0  pid.o ABSOLUTE
    ..\User\remote_control.c                 0x00000000   Number         0  remote_control.o ABSOLUTE
    ..\User\stm32f4xx_it.c                   0x00000000   Number         0  stm32f4xx_it.o ABSOLUTE
    ..\\APP\\CanBusTask.c                    0x00000000   Number         0  canbustask.o ABSOLUTE
    ..\\APP\\app.c                           0x00000000   Number         0  app.o ABSOLUTE
    ..\\BSP\\bsp.c                           0x00000000   Number         0  bsp.o ABSOLUTE
    ..\\BSP\\can1.c                          0x00000000   Number         0  can1.o ABSOLUTE
    ..\\BSP\\can2.c                          0x00000000   Number         0  can2.o ABSOLUTE
    ..\\BSP\\delay.c                         0x00000000   Number         0  delay.o ABSOLUTE
    ..\\BSP\\laser.c                         0x00000000   Number         0  laser.o ABSOLUTE
    ..\\BSP\\led.c                           0x00000000   Number         0  led.o ABSOLUTE
    ..\\BSP\\pwm.c                           0x00000000   Number         0  pwm.o ABSOLUTE
    ..\\BSP\\tim2.c                          0x00000000   Number         0  tim2.o ABSOLUTE
    ..\\BSP\\tim6.c                          0x00000000   Number         0  tim6.o ABSOLUTE
    ..\\BSP\\usart1.c                        0x00000000   Number         0  usart1.o ABSOLUTE
    ..\\BSP\\usart2.c                        0x00000000   Number         0  usart2.o ABSOLUTE
    ..\\BSP\\usart3.c                        0x00000000   Number         0  usart3.o ABSOLUTE
    ..\\Libraries\\misc.c                    0x00000000   Number         0  misc.o ABSOLUTE
    ..\\Libraries\\stm32f4xx_can.c           0x00000000   Number         0  stm32f4xx_can.o ABSOLUTE
    ..\\Libraries\\stm32f4xx_dma.c           0x00000000   Number         0  stm32f4xx_dma.o ABSOLUTE
    ..\\Libraries\\stm32f4xx_exti.c          0x00000000   Number         0  stm32f4xx_exti.o ABSOLUTE
    ..\\Libraries\\stm32f4xx_flash.c         0x00000000   Number         0  stm32f4xx_flash.o ABSOLUTE
    ..\\Libraries\\stm32f4xx_gpio.c          0x00000000   Number         0  stm32f4xx_gpio.o ABSOLUTE
    ..\\Libraries\\stm32f4xx_i2c.c           0x00000000   Number         0  stm32f4xx_i2c.o ABSOLUTE
    ..\\Libraries\\stm32f4xx_rcc.c           0x00000000   Number         0  stm32f4xx_rcc.o ABSOLUTE
    ..\\Libraries\\stm32f4xx_syscfg.c        0x00000000   Number         0  stm32f4xx_syscfg.o ABSOLUTE
    ..\\Libraries\\stm32f4xx_tim.c           0x00000000   Number         0  stm32f4xx_tim.o ABSOLUTE
    ..\\Libraries\\stm32f4xx_usart.c         0x00000000   Number         0  stm32f4xx_usart.o ABSOLUTE
    ..\\Libraries\\stm32f4xx_wwdg.c          0x00000000   Number         0  stm32f4xx_wwdg.o ABSOLUTE
    ..\\Libraries\\system_stm32f4xx.c        0x00000000   Number         0  system_stm32f4xx.o ABSOLUTE
    ..\\MPU6050\\mpu6050_driver.c            0x00000000   Number         0  mpu6050_driver.o ABSOLUTE
    ..\\MPU6050\\mpu6050_i2c.c               0x00000000   Number         0  mpu6050_i2c.o ABSOLUTE
    ..\\MPU6050\\mpu6050_interrupt.c         0x00000000   Number         0  mpu6050_interrupt.o ABSOLUTE
    ..\\User\\global_varialbe.c              0x00000000   Number         0  global_varialbe.o ABSOLUTE
    ..\\User\\main.c                         0x00000000   Number         0  main.o ABSOLUTE
    ..\\User\\pid.c                          0x00000000   Number         0  pid.o ABSOLUTE
    ..\\User\\remote_control.c               0x00000000   Number         0  remote_control.o ABSOLUTE
    ..\\User\\stm32f4xx_it.c                 0x00000000   Number         0  stm32f4xx_it.o ABSOLUTE
    cdcmple.s                                0x00000000   Number         0  cdcmple.o ABSOLUTE
    cdrcmple.s                               0x00000000   Number         0  cdrcmple.o ABSOLUTE
    dc.s                                     0x00000000   Number         0  dc.o ABSOLUTE
    handlers.s                               0x00000000   Number         0  handlers.o ABSOLUTE
    init.s                                   0x00000000   Number         0  init.o ABSOLUTE
    RESET                                    0x08000000   Section      392  startup_stm32f4xx.o(RESET)
    .ARM.Collect$$$$00000000                 0x08000188   Section        0  entry.o(.ARM.Collect$$$$00000000)
    .ARM.Collect$$$$00000001                 0x08000188   Section        4  entry2.o(.ARM.Collect$$$$00000001)
    .ARM.Collect$$$$00000004                 0x0800018c   Section        4  entry5.o(.ARM.Collect$$$$00000004)
    .ARM.Collect$$$$00000008                 0x08000190   Section        0  entry7b.o(.ARM.Collect$$$$00000008)
    .ARM.Collect$$$$0000000A                 0x08000190   Section        0  entry8b.o(.ARM.Collect$$$$0000000A)
    .ARM.Collect$$$$0000000B                 0x08000190   Section        8  entry9a.o(.ARM.Collect$$$$0000000B)
    .ARM.Collect$$$$0000000D                 0x08000198   Section        0  entry10a.o(.ARM.Collect$$$$0000000D)
    .ARM.Collect$$$$0000000F                 0x08000198   Section        0  entry11a.o(.ARM.Collect$$$$0000000F)
    .ARM.Collect$$$$00002712                 0x08000198   Section        4  entry2.o(.ARM.Collect$$$$00002712)
    __lit__00000000                          0x08000198   Data           4  entry2.o(.ARM.Collect$$$$00002712)
    .text                                    0x0800019c   Section        0  stm32f4xx_it.o(.text)
    .text                                    0x080001bc   Section        0  main.o(.text)
    .text                                    0x08000308   Section        0  remote_control.o(.text)
    .text                                    0x08000454   Section        0  mpu6050_driver.o(.text)
    .text                                    0x08000aa0   Section        0  mpu6050_i2c.o(.text)
    .text                                    0x08000e74   Section        0  mpu6050_interrupt.o(.text)
    .text                                    0x08000f10   Section        0  bsp.o(.text)
    .text                                    0x08000f44   Section        0  can2.o(.text)
    .text                                    0x08001098   Section        0  usart1.o(.text)
    RS232_VisualScope_CRC16                  0x080011bb   Thumb Code    58  usart1.o(.text)
    .text                                    0x08001364   Section        0  delay.o(.text)
    .text                                    0x0800139c   Section        0  tim6.o(.text)
    .text                                    0x0800144c   Section        0  led.o(.text)
    .text                                    0x0800148c   Section        0  laser.o(.text)
    .text                                    0x080015d8   Section        0  usart2.o(.text)
    .text                                    0x080016fc   Section        0  pwm.o(.text)
    .text                                    0x08001878   Section        0  usart3.o(.text)
    .text                                    0x08001a98   Section        0  tim2.o(.text)
    .text                                    0x08001b0c   Section        0  can1.o(.text)
    .text                                    0x08001c84   Section        0  misc.o(.text)
    .text                                    0x08001d64   Section        0  stm32f4xx_tim.o(.text)
    TI4_Config                               0x08002503   Thumb Code    80  stm32f4xx_tim.o(.text)
    TI3_Config                               0x08002565   Thumb Code    72  stm32f4xx_tim.o(.text)
    TI2_Config                               0x080025c7   Thumb Code    90  stm32f4xx_tim.o(.text)
    TI1_Config                               0x08002633   Thumb Code    58  stm32f4xx_tim.o(.text)
    .text                                    0x08002a08   Section        0  stm32f4xx_rcc.o(.text)
    .text                                    0x08002f90   Section        0  stm32f4xx_can.o(.text)
    CheckITStatus                            0x08003793   Thumb Code    18  stm32f4xx_can.o(.text)
    .text                                    0x08003980   Section        0  stm32f4xx_exti.o(.text)
    .text                                    0x08003a9c   Section        0  stm32f4xx_gpio.o(.text)
    .text                                    0x08003cf8   Section        0  stm32f4xx_usart.o(.text)
    .text                                    0x08004114   Section        0  stm32f4xx_syscfg.o(.text)
    .text                                    0x080041a0   Section        0  system_stm32f4xx.o(.text)
    SetSysClock                              0x080041a1   Thumb Code   220  system_stm32f4xx.o(.text)
    .text                                    0x080043b0   Section       36  startup_stm32f4xx.o(.text)
    $v0                                      0x080043b0   Number         0  startup_stm32f4xx.o(.text)
    .text                                    0x080043d4   Section        0  stm32f4xx_dma.o(.text)
    .text                                    0x0800477c   Section        0  canbustask.o(.text)
    .text                                    0x08004ce4   Section        0  app.o(.text)
    Position_Control_206                     0x08004db1   Thumb Code   162  app.o(.text)
    Position_Control_205                     0x08004f3b   Thumb Code   162  app.o(.text)
    map                                      0x08004fdd   Thumb Code    22  app.o(.text)
    .text                                    0x08005152   Section        0  dmul.o(.text)
    .text                                    0x08005236   Section        0  ddiv.o(.text)
    .text                                    0x08005314   Section        0  f2d.o(.text)
    .text                                    0x0800533a   Section        0  d2f.o(.text)
    .text                                    0x08005372   Section        0  uidiv.o(.text)
    .text                                    0x0800539e   Section        0  uldiv.o(.text)
    .text                                    0x08005400   Section        0  fepilogue.o(.text)
    .text                                    0x08005400   Section        0  iusefp.o(.text)
    .text                                    0x0800546e   Section        0  depilogue.o(.text)
    .text                                    0x08005528   Section        0  dadd.o(.text)
    .text                                    0x08005676   Section        0  dsqrt.o(.text)
    .text                                    0x08005718   Section        0  dfixul.o(.text)
    .text                                    0x08005748   Section       48  cdrcmple.o(.text)
    .text                                    0x08005778   Section       36  init.o(.text)
    .text                                    0x0800579c   Section        0  llshl.o(.text)
    .text                                    0x080057ba   Section        0  llushr.o(.text)
    .text                                    0x080057da   Section        0  llsshr.o(.text)
    i.__0printf                              0x08005800   Section        0  printfa.o(i.__0printf)
    i.__ARM_fpclassify                       0x08005820   Section        0  fpclassify.o(i.__ARM_fpclassify)
    i.__hardfp_atan                          0x08005850   Section        0  atan.o(i.__hardfp_atan)
    i.__hardfp_sqrt                          0x08005b28   Section        0  sqrt.o(i.__hardfp_sqrt)
    i.__kernel_poly                          0x08005ba2   Section        0  poly.o(i.__kernel_poly)
    i.__mathlib_dbl_infnan                   0x08005c9a   Section        0  dunder.o(i.__mathlib_dbl_infnan)
    i.__mathlib_dbl_underflow                0x08005cb0   Section        0  dunder.o(i.__mathlib_dbl_underflow)
    i.__scatterload_copy                     0x08005cd0   Section       14  handlers.o(i.__scatterload_copy)
    i.__scatterload_null                     0x08005cde   Section        2  handlers.o(i.__scatterload_null)
    i.__scatterload_zeroinit                 0x08005ce0   Section       14  handlers.o(i.__scatterload_zeroinit)
    i.__set_errno                            0x08005cf0   Section        0  errno.o(i.__set_errno)
    i._fp_digits                             0x08005cfc   Section        0  printfa.o(i._fp_digits)
    _fp_digits                               0x08005cfd   Thumb Code   334  printfa.o(i._fp_digits)
    i._printf_core                           0x08005e60   Section        0  printfa.o(i._printf_core)
    _printf_core                             0x08005e61   Thumb Code  1744  printfa.o(i._printf_core)
    i._printf_post_padding                   0x0800653c   Section        0  printfa.o(i._printf_post_padding)
    _printf_post_padding                     0x0800653d   Thumb Code    36  printfa.o(i._printf_post_padding)
    i._printf_pre_padding                    0x08006560   Section        0  printfa.o(i._printf_pre_padding)
    _printf_pre_padding                      0x08006561   Thumb Code    46  printfa.o(i._printf_pre_padding)
    i.fabs                                   0x0800658e   Section        0  fabs.o(i.fabs)
    .constdata                               0x080065a8   Section      152  atan.o(.constdata)
    atanhi                                   0x080065a8   Data          32  atan.o(.constdata)
    atanlo                                   0x080065c8   Data          32  atan.o(.constdata)
    aTodd                                    0x080065e8   Data          40  atan.o(.constdata)
    aTeven                                   0x08006610   Data          48  atan.o(.constdata)
    .data                                    0x20000000   Section        8  remote_control.o(.data)
    .data                                    0x20000008   Section       56  mpu6050_driver.o(.data)
    .data                                    0x20000040   Section       12  can1.o(.data)
    .data                                    0x2000004c   Section       16  stm32f4xx_rcc.o(.data)
    APBAHBPrescTable                         0x2000004c   Data          16  stm32f4xx_rcc.o(.data)
    .data                                    0x2000005c   Section       20  system_stm32f4xx.o(.data)
    .data                                    0x20000070   Section       64  canbustask.o(.data)
    .data                                    0x200000b0   Section       72  app.o(.data)
    error_v                                  0x200000b8   Data           8  app.o(.data)
    output                                   0x200000c0   Data           4  app.o(.data)
    inte                                     0x200000c4   Data           4  app.o(.data)
    error_l                                  0x200000c8   Data           8  app.o(.data)
    output                                   0x200000d0   Data           4  app.o(.data)
    inte                                     0x200000d4   Data           4  app.o(.data)
    error_v                                  0x200000d8   Data           8  app.o(.data)
    output                                   0x200000e0   Data           4  app.o(.data)
    inte                                     0x200000e4   Data           4  app.o(.data)
    error_l                                  0x200000e8   Data           8  app.o(.data)
    output                                   0x200000f0   Data           4  app.o(.data)
    inte                                     0x200000f4   Data           4  app.o(.data)
    .data                                    0x200000f8   Section        4  stdout.o(.data)
    .data                                    0x200000fc   Section        4  errno.o(.data)
    _errno                                   0x200000fc   Data           4  errno.o(.data)
    .bss                                     0x20000100   Section       44  mpu6050_driver.o(.bss)
    .bss                                     0x2000012c   Section      108  usart1.o(.bss)
    .bss                                     0x20000198   Section       12  usart2.o(.bss)
    .bss                                     0x200001a4   Section       20  pwm.o(.bss)
    .bss                                     0x200001b8   Section       88  usart3.o(.bss)
    .bss                                     0x20000210   Section       40  canbustask.o(.bss)
    STACK                                    0x20000238   Section     1024  startup_stm32f4xx.o(STACK)

    Global Symbols

    Symbol Name                              Value     Ov Type        Size  Object(Section)

    BuildAttributes$$THM_ISAv4$E$P$D$K$B$S$7EM$VFPi3$EXTD16$VFPS$VFMA$PE$A:L22UL41UL21$X:L11$S22US41US21$IEEE1$IW$USESV6$~STKCKD$USESV7$~SHL$OTIME$ROPI$IEEEX$EBA8$MICROLIB$REQ8$PRES8$EABIv2 0x00000000   Number         0  anon$$obj.o ABSOLUTE
    __ARM_use_no_argv                        0x00000000   Number         0  main.o ABSOLUTE
    _printf_a                                0x00000000   Number         0  stubs.o ABSOLUTE
    _printf_c                                0x00000000   Number         0  stubs.o ABSOLUTE
    _printf_charcount                        0x00000000   Number         0  stubs.o ABSOLUTE
    _printf_d                                0x00000000   Number         0  stubs.o ABSOLUTE
    _printf_e                                0x00000000   Number         0  stubs.o ABSOLUTE
    _printf_f                                0x00000000   Number         0  stubs.o ABSOLUTE
    _printf_flags                            0x00000000   Number         0  stubs.o ABSOLUTE
    _printf_fp_dec                           0x00000000   Number         0  stubs.o ABSOLUTE
    _printf_fp_hex                           0x00000000   Number         0  stubs.o ABSOLUTE
    _printf_g                                0x00000000   Number         0  stubs.o ABSOLUTE
    _printf_i                                0x00000000   Number         0  stubs.o ABSOLUTE
    _printf_int_dec                          0x00000000   Number         0  stubs.o ABSOLUTE
    _printf_l                                0x00000000   Number         0  stubs.o ABSOLUTE
    _printf_lc                               0x00000000   Number         0  stubs.o ABSOLUTE
    _printf_ll                               0x00000000   Number         0  stubs.o ABSOLUTE
    _printf_lld                              0x00000000   Number         0  stubs.o ABSOLUTE
    _printf_lli                              0x00000000   Number         0  stubs.o ABSOLUTE
    _printf_llo                              0x00000000   Number         0  stubs.o ABSOLUTE
    _printf_llu                              0x00000000   Number         0  stubs.o ABSOLUTE
    _printf_llx                              0x00000000   Number         0  stubs.o ABSOLUTE
    _printf_longlong_dec                     0x00000000   Number         0  stubs.o ABSOLUTE
    _printf_longlong_hex                     0x00000000   Number         0  stubs.o ABSOLUTE
    _printf_longlong_oct                     0x00000000   Number         0  stubs.o ABSOLUTE
    _printf_ls                               0x00000000   Number         0  stubs.o ABSOLUTE
    _printf_mbtowc                           0x00000000   Number         0  stubs.o ABSOLUTE
    _printf_n                                0x00000000   Number         0  stubs.o ABSOLUTE
    _printf_o                                0x00000000   Number         0  stubs.o ABSOLUTE
    _printf_p                                0x00000000   Number         0  stubs.o ABSOLUTE
    _printf_percent                          0x00000000   Number         0  stubs.o ABSOLUTE
    _printf_pre_padding                      0x00000000   Number         0  stubs.o ABSOLUTE
    _printf_return_value                     0x00000000   Number         0  stubs.o ABSOLUTE
    _printf_s                                0x00000000   Number         0  stubs.o ABSOLUTE
    _printf_sizespec                         0x00000000   Number         0  stubs.o ABSOLUTE
    _printf_str                              0x00000000   Number         0  stubs.o ABSOLUTE
    _printf_truncate_signed                  0x00000000   Number         0  stubs.o ABSOLUTE
    _printf_truncate_unsigned                0x00000000   Number         0  stubs.o ABSOLUTE
    _printf_u                                0x00000000   Number         0  stubs.o ABSOLUTE
    _printf_wc                               0x00000000   Number         0  stubs.o ABSOLUTE
    _printf_wctomb                           0x00000000   Number         0  stubs.o ABSOLUTE
    _printf_widthprec                        0x00000000   Number         0  stubs.o ABSOLUTE
    _printf_x                                0x00000000   Number         0  stubs.o ABSOLUTE
    __cpp_initialize__aeabi_                  - Undefined Weak Reference
    __cxa_finalize                            - Undefined Weak Reference
    __decompress                              - Undefined Weak Reference
    _clock_init                               - Undefined Weak Reference
    _microlib_exit                            - Undefined Weak Reference
    __Vectors_Size                           0x00000188   Number         0  startup_stm32f4xx.o ABSOLUTE
    __Vectors                                0x08000000   Data           4  startup_stm32f4xx.o(RESET)
    __Vectors_End                            0x08000188   Data           0  startup_stm32f4xx.o(RESET)
    __main                                   0x08000189   Thumb Code     0  entry.o(.ARM.Collect$$$$00000000)
    _main_stk                                0x08000189   Thumb Code     0  entry2.o(.ARM.Collect$$$$00000001)
    _main_scatterload                        0x0800018d   Thumb Code     0  entry5.o(.ARM.Collect$$$$00000004)
    __main_after_scatterload                 0x08000191   Thumb Code     0  entry5.o(.ARM.Collect$$$$00000004)
    _main_clock                              0x08000191   Thumb Code     0  entry7b.o(.ARM.Collect$$$$00000008)
    _main_cpp_init                           0x08000191   Thumb Code     0  entry8b.o(.ARM.Collect$$$$0000000A)
    _main_init                               0x08000191   Thumb Code     0  entry9a.o(.ARM.Collect$$$$0000000B)
    __rt_final_cpp                           0x08000199   Thumb Code     0  entry10a.o(.ARM.Collect$$$$0000000D)
    __rt_final_exit                          0x08000199   Thumb Code     0  entry11a.o(.ARM.Collect$$$$0000000F)
    SysTick_Handler                          0x0800019d   Thumb Code     2  stm32f4xx_it.o(.text)
    DMA1_Stream2_IRQHandler                  0x0800019f   Thumb Code     2  stm32f4xx_it.o(.text)
    DMA1_Stream4_IRQHandler                  0x080001a1   Thumb Code     2  stm32f4xx_it.o(.text)
    NMI_Handler                              0x080001a3   Thumb Code     2  stm32f4xx_it.o(.text)
    HardFault_Handler                        0x080001a5   Thumb Code     4  stm32f4xx_it.o(.text)
    MemManage_Handler                        0x080001a9   Thumb Code     4  stm32f4xx_it.o(.text)
    BusFault_Handler                         0x080001ad   Thumb Code     4  stm32f4xx_it.o(.text)
    UsageFault_Handler                       0x080001b1   Thumb Code     4  stm32f4xx_it.o(.text)
    SVC_Handler                              0x080001b5   Thumb Code     2  stm32f4xx_it.o(.text)
    DebugMon_Handler                         0x080001b7   Thumb Code     2  stm32f4xx_it.o(.text)
    PendSV_Handler                           0x080001b9   Thumb Code     2  stm32f4xx_it.o(.text)
    main                                     0x080001bd   Thumb Code   240  main.o(.text)
    Remote_Control                           0x08000309   Thumb Code   242  remote_control.o(.text)
    min                                      0x080003fb   Thumb Code    14  remote_control.o(.text)
    max                                      0x08000409   Thumb Code    14  remote_control.o(.text)
    round_div                                0x08000417   Thumb Code    36  remote_control.o(.text)
    MPU6050_Initialization                   0x08000455   Thumb Code   224  mpu6050_driver.o(.text)
    MPU6050_ReadData                         0x08000535   Thumb Code  1140  mpu6050_driver.o(.text)
    MPU6050_Gyro_calibration                 0x080009a9   Thumb Code   192  mpu6050_driver.o(.text)
    IIC_Delay                                0x08000aa1   Thumb Code    26  mpu6050_i2c.o(.text)
    HEAT_Configuration                       0x08000abb   Thumb Code    50  mpu6050_i2c.o(.text)
    IIC_GPIO_Init                            0x08000aed   Thumb Code    42  mpu6050_i2c.o(.text)
    IIC_SDA_Out                              0x08000b17   Thumb Code    34  mpu6050_i2c.o(.text)
    IIC_SDA_In                               0x08000b39   Thumb Code    38  mpu6050_i2c.o(.text)
    IIC_Start                                0x08000b5f   Thumb Code    60  mpu6050_i2c.o(.text)
    IIC_Stop                                 0x08000b9b   Thumb Code    60  mpu6050_i2c.o(.text)
    IIC_Ack                                  0x08000bd7   Thumb Code    66  mpu6050_i2c.o(.text)
    IIC_WaitAck                              0x08000c19   Thumb Code    94  mpu6050_i2c.o(.text)
    IIC_WriteBit                             0x08000c77   Thumb Code    96  mpu6050_i2c.o(.text)
    IIC_ReadBit                              0x08000cd7   Thumb Code    86  mpu6050_i2c.o(.text)
    IIC_WriteData                            0x08000d2d   Thumb Code    92  mpu6050_i2c.o(.text)
    IIC_ReadData                             0x08000d89   Thumb Code   146  mpu6050_i2c.o(.text)
    MPU6050_Interrupt_Configuration          0x08000e75   Thumb Code   124  mpu6050_interrupt.o(.text)
    EXTI4_IRQHandler                         0x08000ef1   Thumb Code    28  mpu6050_interrupt.o(.text)
    BSP_Init                                 0x08000f11   Thumb Code    52  bsp.o(.text)
    CAN2_Configuration                       0x08000f45   Thumb Code   268  can2.o(.text)
    CAN2_TX_IRQHandler                       0x08001051   Thumb Code    22  can2.o(.text)
    CAN2_RX0_IRQHandler                      0x08001067   Thumb Code    42  can2.o(.text)
    USART1_Configuration                     0x08001099   Thumb Code   262  usart1.o(.text)
    USART1_SendChar                          0x0800119f   Thumb Code    28  usart1.o(.text)
    RS232_VisualScope                        0x080011f5   Thumb Code    70  usart1.o(.text)
    USART1_IRQHandler                        0x0800123b   Thumb Code    26  usart1.o(.text)
    DMA2_Stream2_IRQHandler                  0x08001255   Thumb Code   234  usart1.o(.text)
    delay_ms                                 0x08001365   Thumb Code    28  delay.o(.text)
    delay_us                                 0x08001381   Thumb Code    26  delay.o(.text)
    TIM6_Configuration                       0x0800139d   Thumb Code    86  tim6.o(.text)
    TIM6_Start                               0x080013f3   Thumb Code    30  tim6.o(.text)
    TIM6_DAC_IRQHandler                      0x08001411   Thumb Code    46  tim6.o(.text)
    LED_Configuration                        0x0800144d   Thumb Code    58  led.o(.text)
    RELAY_Configuration                      0x0800148d   Thumb Code    64  laser.o(.text)
    LASER_Configuration                      0x080014cd   Thumb Code    54  laser.o(.text)
    PWM2_Configuration                       0x08001503   Thumb Code   202  laser.o(.text)
    USART2_Configuration                     0x080015d9   Thumb Code   264  usart2.o(.text)
    DMA2_Stream5_IRQHandler                  0x080016e1   Thumb Code     2  usart2.o(.text)
    PWM_Configuration                        0x080016fd   Thumb Code   244  pwm.o(.text)
    feeder_motor_on                          0x080017f1   Thumb Code    14  pwm.o(.text)
    feeder_motor_off                         0x080017ff   Thumb Code    10  pwm.o(.text)
    friction_motor_on                        0x08001809   Thumb Code    24  pwm.o(.text)
    friction_motor_off                       0x08001821   Thumb Code    14  pwm.o(.text)
    usart3_receive                           0x0800182f   Thumb Code    52  pwm.o(.text)
    set                                      0x08001863   Thumb Code     6  pwm.o(.text)
    USART3_Configuration                     0x08001879   Thumb Code   276  usart3.o(.text)
    USART3_SendChar                          0x0800198d   Thumb Code    28  usart3.o(.text)
    fputc                                    0x080019a9   Thumb Code    32  usart3.o(.text)
    USART3_IRQHandler                        0x080019c9   Thumb Code    26  usart3.o(.text)
    DMA1_Stream1_IRQHandler                  0x080019e3   Thumb Code   140  usart3.o(.text)
    TIM2_Configuration                       0x08001a99   Thumb Code    60  tim2.o(.text)
    TIM2_IRQHandler                          0x08001ad5   Thumb Code    42  tim2.o(.text)
    Get_Time_Micros                          0x08001aff   Thumb Code     8  tim2.o(.text)
    CAN1_Configuration                       0x08001b0d   Thumb Code   236  can1.o(.text)
    CAN1_RX0_IRQHandler                      0x08001bf9   Thumb Code   114  can1.o(.text)
    NVIC_PriorityGroupConfig                 0x08001c85   Thumb Code    10  misc.o(.text)
    NVIC_Init                                0x08001c8f   Thumb Code   106  misc.o(.text)
    NVIC_SetVectorTable                      0x08001cf9   Thumb Code    14  misc.o(.text)
    NVIC_SystemLPConfig                      0x08001d07   Thumb Code    34  misc.o(.text)
    SysTick_CLKSourceConfig                  0x08001d29   Thumb Code    40  misc.o(.text)
    TIM_DeInit                               0x08001d65   Thumb Code   346  stm32f4xx_tim.o(.text)
    TIM_TimeBaseInit                         0x08001ebf   Thumb Code   104  stm32f4xx_tim.o(.text)
    TIM_TimeBaseStructInit                   0x08001f27   Thumb Code    18  stm32f4xx_tim.o(.text)
    TIM_PrescalerConfig                      0x08001f39   Thumb Code     6  stm32f4xx_tim.o(.text)
    TIM_CounterModeConfig                    0x08001f3f   Thumb Code    18  stm32f4xx_tim.o(.text)
    TIM_SetCounter                           0x08001f51   Thumb Code     4  stm32f4xx_tim.o(.text)
    TIM_SetAutoreload                        0x08001f55   Thumb Code     4  stm32f4xx_tim.o(.text)
    TIM_GetCounter                           0x08001f59   Thumb Code     6  stm32f4xx_tim.o(.text)
    TIM_GetPrescaler                         0x08001f5f   Thumb Code     6  stm32f4xx_tim.o(.text)
    TIM_UpdateDisableConfig                  0x08001f65   Thumb Code    24  stm32f4xx_tim.o(.text)
    TIM_UpdateRequestConfig                  0x08001f7d   Thumb Code    24  stm32f4xx_tim.o(.text)
    TIM_ARRPreloadConfig                     0x08001f95   Thumb Code    24  stm32f4xx_tim.o(.text)
    TIM_SelectOnePulseMode                   0x08001fad   Thumb Code    18  stm32f4xx_tim.o(.text)
    TIM_SetClockDivision                     0x08001fbf   Thumb Code    18  stm32f4xx_tim.o(.text)
    TIM_Cmd                                  0x08001fd1   Thumb Code    24  stm32f4xx_tim.o(.text)
    TIM_OC1Init                              0x08001fe9   Thumb Code   114  stm32f4xx_tim.o(.text)
    TIM_OC2Init                              0x0800205b   Thumb Code   154  stm32f4xx_tim.o(.text)
    TIM_OC3Init                              0x080020f5   Thumb Code   204  stm32f4xx_tim.o(.text)
    TIM_OC4Init                              0x080021c1   Thumb Code   112  stm32f4xx_tim.o(.text)
    TIM_OCStructInit                         0x08002231   Thumb Code    20  stm32f4xx_tim.o(.text)
    TIM_SelectOCxM                           0x08002245   Thumb Code    86  stm32f4xx_tim.o(.text)
    TIM_SetCompare1                          0x0800229b   Thumb Code     4  stm32f4xx_tim.o(.text)
    TIM_SetCompare2                          0x0800229f   Thumb Code     4  stm32f4xx_tim.o(.text)
    TIM_SetCompare3                          0x080022a3   Thumb Code     4  stm32f4xx_tim.o(.text)
    TIM_SetCompare4                          0x080022a7   Thumb Code     4  stm32f4xx_tim.o(.text)
    TIM_ForcedOC1Config                      0x080022ab   Thumb Code    18  stm32f4xx_tim.o(.text)
    TIM_ForcedOC2Config                      0x080022bd   Thumb Code    26  stm32f4xx_tim.o(.text)
    TIM_ForcedOC3Config                      0x080022d7   Thumb Code    18  stm32f4xx_tim.o(.text)
    TIM_ForcedOC4Config                      0x080022e9   Thumb Code    26  stm32f4xx_tim.o(.text)
    TIM_OC1PreloadConfig                     0x08002303   Thumb Code    18  stm32f4xx_tim.o(.text)
    TIM_OC2PreloadConfig                     0x08002315   Thumb Code    26  stm32f4xx_tim.o(.text)
    TIM_OC3PreloadConfig                     0x0800232f   Thumb Code    18  stm32f4xx_tim.o(.text)
    TIM_OC4PreloadConfig                     0x08002341   Thumb Code    26  stm32f4xx_tim.o(.text)
    TIM_OC1FastConfig                        0x0800235b   Thumb Code    18  stm32f4xx_tim.o(.text)
    TIM_OC2FastConfig                        0x0800236d   Thumb Code    26  stm32f4xx_tim.o(.text)
    TIM_OC3FastConfig                        0x08002387   Thumb Code    18  stm32f4xx_tim.o(.text)
    TIM_OC4FastConfig                        0x08002399   Thumb Code    26  stm32f4xx_tim.o(.text)
    TIM_ClearOC1Ref                          0x080023b3   Thumb Code    18  stm32f4xx_tim.o(.text)
    TIM_ClearOC2Ref                          0x080023c5   Thumb Code    24  stm32f4xx_tim.o(.text)
    TIM_ClearOC3Ref                          0x080023dd   Thumb Code    18  stm32f4xx_tim.o(.text)
    TIM_ClearOC4Ref                          0x080023ef   Thumb Code    24  stm32f4xx_tim.o(.text)
    TIM_OC1PolarityConfig                    0x08002407   Thumb Code    18  stm32f4xx_tim.o(.text)
    TIM_OC1NPolarityConfig                   0x08002419   Thumb Code    18  stm32f4xx_tim.o(.text)
    TIM_OC2PolarityConfig                    0x0800242b   Thumb Code    26  stm32f4xx_tim.o(.text)
    TIM_OC2NPolarityConfig                   0x08002445   Thumb Code    26  stm32f4xx_tim.o(.text)
    TIM_OC3PolarityConfig                    0x0800245f   Thumb Code    26  stm32f4xx_tim.o(.text)
    TIM_OC3NPolarityConfig                   0x08002479   Thumb Code    26  stm32f4xx_tim.o(.text)
    TIM_OC4PolarityConfig                    0x08002493   Thumb Code    26  stm32f4xx_tim.o(.text)
    TIM_CCxCmd                               0x080024ad   Thumb Code    30  stm32f4xx_tim.o(.text)
    TIM_CCxNCmd                              0x080024cb   Thumb Code    30  stm32f4xx_tim.o(.text)
    TIM_SetIC4Prescaler                      0x080024e9   Thumb Code    26  stm32f4xx_tim.o(.text)
    TIM_SetIC3Prescaler                      0x08002553   Thumb Code    18  stm32f4xx_tim.o(.text)
    TIM_SetIC2Prescaler                      0x080025ad   Thumb Code    26  stm32f4xx_tim.o(.text)
    TIM_SetIC1Prescaler                      0x08002621   Thumb Code    18  stm32f4xx_tim.o(.text)
    TIM_ICInit                               0x0800266d   Thumb Code   110  stm32f4xx_tim.o(.text)
    TIM_ICStructInit                         0x080026db   Thumb Code    18  stm32f4xx_tim.o(.text)
    TIM_PWMIConfig                           0x080026ed   Thumb Code   124  stm32f4xx_tim.o(.text)
    TIM_GetCapture1                          0x08002769   Thumb Code     6  stm32f4xx_tim.o(.text)
    TIM_GetCapture2                          0x0800276f   Thumb Code     6  stm32f4xx_tim.o(.text)
    TIM_GetCapture3                          0x08002775   Thumb Code     6  stm32f4xx_tim.o(.text)
    TIM_GetCapture4                          0x0800277b   Thumb Code     6  stm32f4xx_tim.o(.text)
    TIM_BDTRConfig                           0x08002781   Thumb Code    32  stm32f4xx_tim.o(.text)
    TIM_BDTRStructInit                       0x080027a1   Thumb Code    18  stm32f4xx_tim.o(.text)
    TIM_CtrlPWMOutputs                       0x080027b3   Thumb Code    30  stm32f4xx_tim.o(.text)
    TIM_SelectCOM                            0x080027d1   Thumb Code    24  stm32f4xx_tim.o(.text)
    TIM_CCPreloadControl                     0x080027e9   Thumb Code    24  stm32f4xx_tim.o(.text)
    TIM_ITConfig                             0x08002801   Thumb Code    18  stm32f4xx_tim.o(.text)
    TIM_GenerateEvent                        0x08002813   Thumb Code     4  stm32f4xx_tim.o(.text)
    TIM_GetFlagStatus                        0x08002817   Thumb Code    18  stm32f4xx_tim.o(.text)
    TIM_ClearFlag                            0x08002829   Thumb Code     6  stm32f4xx_tim.o(.text)
    TIM_GetITStatus                          0x0800282f   Thumb Code    34  stm32f4xx_tim.o(.text)
    TIM_ClearITPendingBit                    0x08002851   Thumb Code     6  stm32f4xx_tim.o(.text)
    TIM_DMAConfig                            0x08002857   Thumb Code    10  stm32f4xx_tim.o(.text)
    TIM_DMACmd                               0x08002861   Thumb Code    18  stm32f4xx_tim.o(.text)
    TIM_SelectCCDMA                          0x08002873   Thumb Code    24  stm32f4xx_tim.o(.text)
    TIM_InternalClockConfig                  0x0800288b   Thumb Code    12  stm32f4xx_tim.o(.text)
    TIM_SelectInputTrigger                   0x08002897   Thumb Code    18  stm32f4xx_tim.o(.text)
    TIM_ITRxExternalClockConfig              0x080028a9   Thumb Code    24  stm32f4xx_tim.o(.text)
    TIM_TIxExternalClockConfig               0x080028c1   Thumb Code    62  stm32f4xx_tim.o(.text)
    TIM_ETRConfig                            0x080028ff   Thumb Code    28  stm32f4xx_tim.o(.text)
    TIM_ETRClockMode1Config                  0x0800291b   Thumb Code    54  stm32f4xx_tim.o(.text)
    TIM_ETRClockMode2Config                  0x08002951   Thumb Code    32  stm32f4xx_tim.o(.text)
    TIM_SelectOutputTrigger                  0x08002971   Thumb Code    18  stm32f4xx_tim.o(.text)
    TIM_SelectSlaveMode                      0x08002983   Thumb Code    18  stm32f4xx_tim.o(.text)
    TIM_SelectMasterSlaveMode                0x08002995   Thumb Code    18  stm32f4xx_tim.o(.text)
    TIM_EncoderInterfaceConfig               0x080029a7   Thumb Code    66  stm32f4xx_tim.o(.text)
    TIM_SelectHallSensor                     0x080029e9   Thumb Code    24  stm32f4xx_tim.o(.text)
    TIM_RemapConfig                          0x08002a01   Thumb Code     6  stm32f4xx_tim.o(.text)
    RCC_DeInit                               0x08002a09   Thumb Code    60  stm32f4xx_rcc.o(.text)
    RCC_HSEConfig                            0x08002a45   Thumb Code    14  stm32f4xx_rcc.o(.text)
    RCC_GetFlagStatus                        0x08002a53   Thumb Code    60  stm32f4xx_rcc.o(.text)
    RCC_WaitForHSEStartUp                    0x08002a8f   Thumb Code    56  stm32f4xx_rcc.o(.text)
    RCC_AdjustHSICalibrationValue            0x08002ac7   Thumb Code    20  stm32f4xx_rcc.o(.text)
    RCC_HSICmd                               0x08002adb   Thumb Code     6  stm32f4xx_rcc.o(.text)
    RCC_LSEConfig                            0x08002ae1   Thumb Code    46  stm32f4xx_rcc.o(.text)
    RCC_LSICmd                               0x08002b0f   Thumb Code     6  stm32f4xx_rcc.o(.text)
    RCC_PLLConfig                            0x08002b15   Thumb Code    32  stm32f4xx_rcc.o(.text)
    RCC_PLLCmd                               0x08002b35   Thumb Code     6  stm32f4xx_rcc.o(.text)
    RCC_PLLI2SConfig                         0x08002b3b   Thumb Code    14  stm32f4xx_rcc.o(.text)
    RCC_PLLI2SCmd                            0x08002b49   Thumb Code     6  stm32f4xx_rcc.o(.text)
    RCC_ClockSecuritySystemCmd               0x08002b4f   Thumb Code     6  stm32f4xx_rcc.o(.text)
    RCC_MCO1Config                           0x08002b55   Thumb Code    28  stm32f4xx_rcc.o(.text)
    RCC_MCO2Config                           0x08002b71   Thumb Code    28  stm32f4xx_rcc.o(.text)
    RCC_SYSCLKConfig                         0x08002b8d   Thumb Code    20  stm32f4xx_rcc.o(.text)
    RCC_GetSYSCLKSource                      0x08002ba1   Thumb Code    12  stm32f4xx_rcc.o(.text)
    RCC_HCLKConfig                           0x08002bad   Thumb Code    20  stm32f4xx_rcc.o(.text)
    RCC_PCLK1Config                          0x08002bc1   Thumb Code    20  stm32f4xx_rcc.o(.text)
    RCC_PCLK2Config                          0x08002bd5   Thumb Code    22  stm32f4xx_rcc.o(.text)
    RCC_GetClocksFreq                        0x08002beb   Thumb Code   222  stm32f4xx_rcc.o(.text)
    RCC_RTCCLKConfig                         0x08002cc9   Thumb Code    54  stm32f4xx_rcc.o(.text)
    RCC_RTCCLKCmd                            0x08002cff   Thumb Code     8  stm32f4xx_rcc.o(.text)
    RCC_BackupResetCmd                       0x08002d07   Thumb Code     8  stm32f4xx_rcc.o(.text)
    RCC_I2SCLKConfig                         0x08002d0f   Thumb Code     6  stm32f4xx_rcc.o(.text)
    RCC_AHB1PeriphClockCmd                   0x08002d15   Thumb Code    34  stm32f4xx_rcc.o(.text)
    RCC_AHB2PeriphClockCmd                   0x08002d37   Thumb Code    34  stm32f4xx_rcc.o(.text)
    RCC_AHB3PeriphClockCmd                   0x08002d59   Thumb Code    34  stm32f4xx_rcc.o(.text)
    RCC_APB1PeriphClockCmd                   0x08002d7b   Thumb Code    34  stm32f4xx_rcc.o(.text)
    RCC_APB2PeriphClockCmd                   0x08002d9d   Thumb Code    34  stm32f4xx_rcc.o(.text)
    RCC_AHB1PeriphResetCmd                   0x08002dbf   Thumb Code    34  stm32f4xx_rcc.o(.text)
    RCC_AHB2PeriphResetCmd                   0x08002de1   Thumb Code    72  stm32f4xx_rcc.o(.text)
    RCC_AHB3PeriphResetCmd                   0x08002e29   Thumb Code    34  stm32f4xx_rcc.o(.text)
    RCC_APB1PeriphResetCmd                   0x08002e4b   Thumb Code    34  stm32f4xx_rcc.o(.text)
    RCC_APB2PeriphResetCmd                   0x08002e6d   Thumb Code    34  stm32f4xx_rcc.o(.text)
    RCC_AHB1PeriphClockLPModeCmd             0x08002e8f   Thumb Code    34  stm32f4xx_rcc.o(.text)
    RCC_AHB2PeriphClockLPModeCmd             0x08002eb1   Thumb Code    34  stm32f4xx_rcc.o(.text)
    RCC_AHB3PeriphClockLPModeCmd             0x08002ed3   Thumb Code    34  stm32f4xx_rcc.o(.text)
    RCC_APB1PeriphClockLPModeCmd             0x08002ef5   Thumb Code    34  stm32f4xx_rcc.o(.text)
    RCC_APB2PeriphClockLPModeCmd             0x08002f17   Thumb Code    34  stm32f4xx_rcc.o(.text)
    RCC_ITConfig                             0x08002f39   Thumb Code    34  stm32f4xx_rcc.o(.text)
    RCC_ClearFlag                            0x08002f5b   Thumb Code    18  stm32f4xx_rcc.o(.text)
    RCC_GetITStatus                          0x08002f6d   Thumb Code    22  stm32f4xx_rcc.o(.text)
    RCC_ClearITPendingBit                    0x08002f83   Thumb Code     8  stm32f4xx_rcc.o(.text)
    CAN_DeInit                               0x08002f91   Thumb Code    50  stm32f4xx_can.o(.text)
    CAN_Init                                 0x08002fc3   Thumb Code   276  stm32f4xx_can.o(.text)
    CAN_FilterInit                           0x080030d7   Thumb Code   258  stm32f4xx_can.o(.text)
    CAN_StructInit                           0x080031d9   Thumb Code    32  stm32f4xx_can.o(.text)
    CAN_SlaveStartBank                       0x080031f9   Thumb Code    48  stm32f4xx_can.o(.text)
    CAN_DBGFreeze                            0x08003229   Thumb Code    22  stm32f4xx_can.o(.text)
    CAN_TTComModeCmd                         0x0800323f   Thumb Code   118  stm32f4xx_can.o(.text)
    CAN_Transmit                             0x080032b5   Thumb Code   304  stm32f4xx_can.o(.text)
    CAN_TransmitStatus                       0x080033e5   Thumb Code   138  stm32f4xx_can.o(.text)
    CAN_CancelTransmit                       0x0800346f   Thumb Code    48  stm32f4xx_can.o(.text)
    CAN_Receive                              0x0800349f   Thumb Code   240  stm32f4xx_can.o(.text)
    CAN_FIFORelease                          0x0800358f   Thumb Code    22  stm32f4xx_can.o(.text)
    CAN_MessagePending                       0x080035a5   Thumb Code    30  stm32f4xx_can.o(.text)
    CAN_OperatingModeRequest                 0x080035c3   Thumb Code   162  stm32f4xx_can.o(.text)
    CAN_Sleep                                0x08003665   Thumb Code    30  stm32f4xx_can.o(.text)
    CAN_WakeUp                               0x08003683   Thumb Code    48  stm32f4xx_can.o(.text)
    CAN_GetLastErrorCode                     0x080036b3   Thumb Code    12  stm32f4xx_can.o(.text)
    CAN_GetReceiveErrorCounter               0x080036bf   Thumb Code    10  stm32f4xx_can.o(.text)
    CAN_GetLSBTransmitErrorCounter           0x080036c9   Thumb Code    12  stm32f4xx_can.o(.text)
    CAN_ITConfig                             0x080036d5   Thumb Code    18  stm32f4xx_can.o(.text)
    CAN_GetFlagStatus                        0x080036e7   Thumb Code   120  stm32f4xx_can.o(.text)
    CAN_ClearFlag                            0x0800375f   Thumb Code    52  stm32f4xx_can.o(.text)
    CAN_GetITStatus                          0x080037a5   Thumb Code   310  stm32f4xx_can.o(.text)
    CAN_ClearITPendingBit                    0x080038db   Thumb Code   162  stm32f4xx_can.o(.text)
    EXTI_DeInit                              0x08003981   Thumb Code    28  stm32f4xx_exti.o(.text)
    EXTI_Init                                0x0800399d   Thumb Code   142  stm32f4xx_exti.o(.text)
    EXTI_StructInit                          0x08003a2b   Thumb Code    16  stm32f4xx_exti.o(.text)
    EXTI_GenerateSWInterrupt                 0x08003a3b   Thumb Code    16  stm32f4xx_exti.o(.text)
    EXTI_GetFlagStatus                       0x08003a4b   Thumb Code    22  stm32f4xx_exti.o(.text)
    EXTI_ClearFlag                           0x08003a61   Thumb Code     8  stm32f4xx_exti.o(.text)
    EXTI_GetITStatus                         0x08003a69   Thumb Code    34  stm32f4xx_exti.o(.text)
    EXTI_ClearITPendingBit                   0x08003a8b   Thumb Code     8  stm32f4xx_exti.o(.text)
    GPIO_DeInit                              0x08003a9d   Thumb Code   220  stm32f4xx_gpio.o(.text)
    GPIO_Init                                0x08003b79   Thumb Code   144  stm32f4xx_gpio.o(.text)
    GPIO_StructInit                          0x08003c09   Thumb Code    18  stm32f4xx_gpio.o(.text)
    GPIO_PinLockConfig                       0x08003c1b   Thumb Code    34  stm32f4xx_gpio.o(.text)
    GPIO_ReadInputDataBit                    0x08003c3d   Thumb Code    18  stm32f4xx_gpio.o(.text)
    GPIO_ReadInputData                       0x08003c4f   Thumb Code     8  stm32f4xx_gpio.o(.text)
    GPIO_ReadOutputDataBit                   0x08003c57   Thumb Code    18  stm32f4xx_gpio.o(.text)
    GPIO_ReadOutputData                      0x08003c69   Thumb Code     8  stm32f4xx_gpio.o(.text)
    GPIO_SetBits                             0x08003c71   Thumb Code     4  stm32f4xx_gpio.o(.text)
    GPIO_ResetBits                           0x08003c75   Thumb Code     4  stm32f4xx_gpio.o(.text)
    GPIO_WriteBit                            0x08003c79   Thumb Code    10  stm32f4xx_gpio.o(.text)
    GPIO_Write                               0x08003c83   Thumb Code     4  stm32f4xx_gpio.o(.text)
    GPIO_ToggleBits                          0x08003c87   Thumb Code     8  stm32f4xx_gpio.o(.text)
    GPIO_PinAFConfig                         0x08003c8f   Thumb Code    70  stm32f4xx_gpio.o(.text)
    USART_DeInit                             0x08003cf9   Thumb Code   156  stm32f4xx_usart.o(.text)
    USART_Init                               0x08003d95   Thumb Code   204  stm32f4xx_usart.o(.text)
    USART_StructInit                         0x08003e61   Thumb Code    24  stm32f4xx_usart.o(.text)
    USART_ClockInit                          0x08003e79   Thumb Code    32  stm32f4xx_usart.o(.text)
    USART_ClockStructInit                    0x08003e99   Thumb Code    12  stm32f4xx_usart.o(.text)
    USART_Cmd                                0x08003ea5   Thumb Code    24  stm32f4xx_usart.o(.text)
    USART_SetPrescaler                       0x08003ebd   Thumb Code    16  stm32f4xx_usart.o(.text)
    USART_OverSampling8Cmd                   0x08003ecd   Thumb Code    22  stm32f4xx_usart.o(.text)
    USART_OneBitMethodCmd                    0x08003ee3   Thumb Code    24  stm32f4xx_usart.o(.text)
    USART_SendData                           0x08003efb   Thumb Code     8  stm32f4xx_usart.o(.text)
    USART_ReceiveData                        0x08003f03   Thumb Code    10  stm32f4xx_usart.o(.text)
    USART_SetAddress                         0x08003f0d   Thumb Code    18  stm32f4xx_usart.o(.text)
    USART_ReceiverWakeUpCmd                  0x08003f1f   Thumb Code    24  stm32f4xx_usart.o(.text)
    USART_WakeUpConfig                       0x08003f37   Thumb Code    18  stm32f4xx_usart.o(.text)
    USART_LINBreakDetectLengthConfig         0x08003f49   Thumb Code    18  stm32f4xx_usart.o(.text)
    USART_LINCmd                             0x08003f5b   Thumb Code    24  stm32f4xx_usart.o(.text)
    USART_SendBreak                          0x08003f73   Thumb Code    10  stm32f4xx_usart.o(.text)
    USART_HalfDuplexCmd                      0x08003f7d   Thumb Code    24  stm32f4xx_usart.o(.text)
    USART_SetGuardTime                       0x08003f95   Thumb Code    16  stm32f4xx_usart.o(.text)
    USART_SmartCardCmd                       0x08003fa5   Thumb Code    24  stm32f4xx_usart.o(.text)
    USART_SmartCardNACKCmd                   0x08003fbd   Thumb Code    24  stm32f4xx_usart.o(.text)
    USART_IrDAConfig                         0x08003fd5   Thumb Code    18  stm32f4xx_usart.o(.text)
    USART_IrDACmd                            0x08003fe7   Thumb Code    24  stm32f4xx_usart.o(.text)
    USART_DMACmd                             0x08003fff   Thumb Code    18  stm32f4xx_usart.o(.text)
    USART_ITConfig                           0x08004011   Thumb Code    74  stm32f4xx_usart.o(.text)
    USART_GetFlagStatus                      0x0800405b   Thumb Code    26  stm32f4xx_usart.o(.text)
    USART_ClearFlag                          0x08004075   Thumb Code    18  stm32f4xx_usart.o(.text)
    USART_GetITStatus                        0x08004087   Thumb Code   110  stm32f4xx_usart.o(.text)
    USART_ClearITPendingBit                  0x080040f5   Thumb Code    30  stm32f4xx_usart.o(.text)
    SYSCFG_DeInit                            0x08004115   Thumb Code    22  stm32f4xx_syscfg.o(.text)
    SYSCFG_MemoryRemapConfig                 0x0800412b   Thumb Code     6  stm32f4xx_syscfg.o(.text)
    SYSCFG_EXTILineConfig                    0x08004131   Thumb Code    66  stm32f4xx_syscfg.o(.text)
    SYSCFG_ETH_MediaInterfaceConfig          0x08004173   Thumb Code     6  stm32f4xx_syscfg.o(.text)
    SYSCFG_CompensationCellCmd               0x08004179   Thumb Code     6  stm32f4xx_syscfg.o(.text)
    SYSCFG_GetCompensationCellStatus         0x0800417f   Thumb Code    22  stm32f4xx_syscfg.o(.text)
    SystemInit                               0x0800427d   Thumb Code    88  system_stm32f4xx.o(.text)
    SystemCoreClockUpdate                    0x080042d5   Thumb Code   174  system_stm32f4xx.o(.text)
    Reset_Handler                            0x080043b1   Thumb Code     8  startup_stm32f4xx.o(.text)
    ADC_IRQHandler                           0x080043cb   Thumb Code     0  startup_stm32f4xx.o(.text)
    CAN1_RX1_IRQHandler                      0x080043cb   Thumb Code     0  startup_stm32f4xx.o(.text)
    CAN1_SCE_IRQHandler                      0x080043cb   Thumb Code     0  startup_stm32f4xx.o(.text)
    CAN1_TX_IRQHandler                       0x080043cb   Thumb Code     0  startup_stm32f4xx.o(.text)
    CAN2_RX1_IRQHandler                      0x080043cb   Thumb Code     0  startup_stm32f4xx.o(.text)
    CAN2_SCE_IRQHandler                      0x080043cb   Thumb Code     0  startup_stm32f4xx.o(.text)
    CRYP_IRQHandler                          0x080043cb   Thumb Code     0  startup_stm32f4xx.o(.text)
    DCMI_IRQHandler                          0x080043cb   Thumb Code     0  startup_stm32f4xx.o(.text)
    DMA1_Stream0_IRQHandler                  0x080043cb   Thumb Code     0  startup_stm32f4xx.o(.text)
    DMA1_Stream3_IRQHandler                  0x080043cb   Thumb Code     0  startup_stm32f4xx.o(.text)
    DMA1_Stream5_IRQHandler                  0x080043cb   Thumb Code     0  startup_stm32f4xx.o(.text)
    DMA1_Stream6_IRQHandler                  0x080043cb   Thumb Code     0  startup_stm32f4xx.o(.text)
    DMA1_Stream7_IRQHandler                  0x080043cb   Thumb Code     0  startup_stm32f4xx.o(.text)
    DMA2_Stream0_IRQHandler                  0x080043cb   Thumb Code     0  startup_stm32f4xx.o(.text)
    DMA2_Stream1_IRQHandler                  0x080043cb   Thumb Code     0  startup_stm32f4xx.o(.text)
    DMA2_Stream3_IRQHandler                  0x080043cb   Thumb Code     0  startup_stm32f4xx.o(.text)
    DMA2_Stream4_IRQHandler                  0x080043cb   Thumb Code     0  startup_stm32f4xx.o(.text)
    DMA2_Stream6_IRQHandler                  0x080043cb   Thumb Code     0  startup_stm32f4xx.o(.text)
    DMA2_Stream7_IRQHandler                  0x080043cb   Thumb Code     0  startup_stm32f4xx.o(.text)
    ETH_IRQHandler                           0x080043cb   Thumb Code     0  startup_stm32f4xx.o(.text)
    ETH_WKUP_IRQHandler                      0x080043cb   Thumb Code     0  startup_stm32f4xx.o(.text)
    EXTI0_IRQHandler                         0x080043cb   Thumb Code     0  startup_stm32f4xx.o(.text)
    EXTI15_10_IRQHandler                     0x080043cb   Thumb Code     0  startup_stm32f4xx.o(.text)
    EXTI1_IRQHandler                         0x080043cb   Thumb Code     0  startup_stm32f4xx.o(.text)
    EXTI2_IRQHandler                         0x080043cb   Thumb Code     0  startup_stm32f4xx.o(.text)
    EXTI3_IRQHandler                         0x080043cb   Thumb Code     0  startup_stm32f4xx.o(.text)
    EXTI9_5_IRQHandler                       0x080043cb   Thumb Code     0  startup_stm32f4xx.o(.text)
    FLASH_IRQHandler                         0x080043cb   Thumb Code     0  startup_stm32f4xx.o(.text)
    FPU_IRQHandler                           0x080043cb   Thumb Code     0  startup_stm32f4xx.o(.text)
    FSMC_IRQHandler                          0x080043cb   Thumb Code     0  startup_stm32f4xx.o(.text)
    HASH_RNG_IRQHandler                      0x080043cb   Thumb Code     0  startup_stm32f4xx.o(.text)
    I2C1_ER_IRQHandler                       0x080043cb   Thumb Code     0  startup_stm32f4xx.o(.text)
    I2C1_EV_IRQHandler                       0x080043cb   Thumb Code     0  startup_stm32f4xx.o(.text)
    I2C2_ER_IRQHandler                       0x080043cb   Thumb Code     0  startup_stm32f4xx.o(.text)
    I2C2_EV_IRQHandler                       0x080043cb   Thumb Code     0  startup_stm32f4xx.o(.text)
    I2C3_ER_IRQHandler                       0x080043cb   Thumb Code     0  startup_stm32f4xx.o(.text)
    I2C3_EV_IRQHandler                       0x080043cb   Thumb Code     0  startup_stm32f4xx.o(.text)
    OTG_FS_IRQHandler                        0x080043cb   Thumb Code     0  startup_stm32f4xx.o(.text)
    OTG_FS_WKUP_IRQHandler                   0x080043cb   Thumb Code     0  startup_stm32f4xx.o(.text)
    OTG_HS_EP1_IN_IRQHandler                 0x080043cb   Thumb Code     0  startup_stm32f4xx.o(.text)
    OTG_HS_EP1_OUT_IRQHandler                0x080043cb   Thumb Code     0  startup_stm32f4xx.o(.text)
    OTG_HS_IRQHandler                        0x080043cb   Thumb Code     0  startup_stm32f4xx.o(.text)
    OTG_HS_WKUP_IRQHandler                   0x080043cb   Thumb Code     0  startup_stm32f4xx.o(.text)
    PVD_IRQHandler                           0x080043cb   Thumb Code     0  startup_stm32f4xx.o(.text)
    RCC_IRQHandler                           0x080043cb   Thumb Code     0  startup_stm32f4xx.o(.text)
    RTC_Alarm_IRQHandler                     0x080043cb   Thumb Code     0  startup_stm32f4xx.o(.text)
    RTC_WKUP_IRQHandler                      0x080043cb   Thumb Code     0  startup_stm32f4xx.o(.text)
    SDIO_IRQHandler                          0x080043cb   Thumb Code     0  startup_stm32f4xx.o(.text)
    SPI1_IRQHandler                          0x080043cb   Thumb Code     0  startup_stm32f4xx.o(.text)
    SPI2_IRQHandler                          0x080043cb   Thumb Code     0  startup_stm32f4xx.o(.text)
    SPI3_IRQHandler                          0x080043cb   Thumb Code     0  startup_stm32f4xx.o(.text)
    TAMP_STAMP_IRQHandler                    0x080043cb   Thumb Code     0  startup_stm32f4xx.o(.text)
    TIM1_BRK_TIM9_IRQHandler                 0x080043cb   Thumb Code     0  startup_stm32f4xx.o(.text)
    TIM1_CC_IRQHandler                       0x080043cb   Thumb Code     0  startup_stm32f4xx.o(.text)
    TIM1_TRG_COM_TIM11_IRQHandler            0x080043cb   Thumb Code     0  startup_stm32f4xx.o(.text)
    TIM1_UP_TIM10_IRQHandler                 0x080043cb   Thumb Code     0  startup_stm32f4xx.o(.text)
    TIM3_IRQHandler                          0x080043cb   Thumb Code     0  startup_stm32f4xx.o(.text)
    TIM4_IRQHandler                          0x080043cb   Thumb Code     0  startup_stm32f4xx.o(.text)
    TIM5_IRQHandler                          0x080043cb   Thumb Code     0  startup_stm32f4xx.o(.text)
    TIM7_IRQHandler                          0x080043cb   Thumb Code     0  startup_stm32f4xx.o(.text)
    TIM8_BRK_TIM12_IRQHandler                0x080043cb   Thumb Code     0  startup_stm32f4xx.o(.text)
    TIM8_CC_IRQHandler                       0x080043cb   Thumb Code     0  startup_stm32f4xx.o(.text)
    TIM8_TRG_COM_TIM14_IRQHandler            0x080043cb   Thumb Code     0  startup_stm32f4xx.o(.text)
    TIM8_UP_TIM13_IRQHandler                 0x080043cb   Thumb Code     0  startup_stm32f4xx.o(.text)
    UART4_IRQHandler                         0x080043cb   Thumb Code     0  startup_stm32f4xx.o(.text)
    UART5_IRQHandler                         0x080043cb   Thumb Code     0  startup_stm32f4xx.o(.text)
    USART2_IRQHandler                        0x080043cb   Thumb Code     0  startup_stm32f4xx.o(.text)
    USART6_IRQHandler                        0x080043cb   Thumb Code     0  startup_stm32f4xx.o(.text)
    WWDG_IRQHandler                          0x080043cb   Thumb Code     0  startup_stm32f4xx.o(.text)
    DMA_DeInit                               0x080043d5   Thumb Code   324  stm32f4xx_dma.o(.text)
    DMA_Init                                 0x08004519   Thumb Code    82  stm32f4xx_dma.o(.text)
    DMA_StructInit                           0x0800456b   Thumb Code    34  stm32f4xx_dma.o(.text)
    DMA_Cmd                                  0x0800458d   Thumb Code    22  stm32f4xx_dma.o(.text)
    DMA_PeriphIncOffsetSizeConfig            0x080045a3   Thumb Code    22  stm32f4xx_dma.o(.text)
    DMA_FlowControllerConfig                 0x080045b9   Thumb Code    22  stm32f4xx_dma.o(.text)
    DMA_SetCurrDataCounter                   0x080045cf   Thumb Code     4  stm32f4xx_dma.o(.text)
    DMA_GetCurrDataCounter                   0x080045d3   Thumb Code     8  stm32f4xx_dma.o(.text)
    DMA_DoubleBufferModeConfig               0x080045db   Thumb Code    24  stm32f4xx_dma.o(.text)
    DMA_DoubleBufferModeCmd                  0x080045f3   Thumb Code    22  stm32f4xx_dma.o(.text)
    DMA_MemoryTargetConfig                   0x08004609   Thumb Code    10  stm32f4xx_dma.o(.text)
    DMA_GetCurrentMemoryTarget               0x08004613   Thumb Code    20  stm32f4xx_dma.o(.text)
    DMA_GetCmdStatus                         0x08004627   Thumb Code    20  stm32f4xx_dma.o(.text)
    DMA_GetFIFOStatus                        0x0800463b   Thumb Code    12  stm32f4xx_dma.o(.text)
    DMA_GetFlagStatus                        0x08004647   Thumb Code    56  stm32f4xx_dma.o(.text)
    DMA_ClearFlag                            0x0800467f   Thumb Code    40  stm32f4xx_dma.o(.text)
    DMA_ITConfig                             0x080046a7   Thumb Code    58  stm32f4xx_dma.o(.text)
    DMA_GetITStatus                          0x080046e1   Thumb Code    84  stm32f4xx_dma.o(.text)
    DMA_ClearITPendingBit                    0x08004735   Thumb Code    40  stm32f4xx_dma.o(.text)
    CanReceiveMsgProcess                     0x0800477d   Thumb Code   548  canbustask.o(.text)
    PitchYaw_Address_Setup                   0x080049a1   Thumb Code    20  canbustask.o(.text)
    Wheels_Address_Setup                     0x080049b5   Thumb Code    20  canbustask.o(.text)
    Set_PitchYaw_Current                     0x080049c9   Thumb Code    48  canbustask.o(.text)
    Set_Wheels_Current                       0x080049f9   Thumb Code    74  canbustask.o(.text)
    pitchyaw_control                         0x08004a43   Thumb Code    32  canbustask.o(.text)
    wheel_control                            0x08004a63   Thumb Code   108  canbustask.o(.text)
    Motor_Reset_Can_2                        0x08004acf   Thumb Code   150  canbustask.o(.text)
    Motor_ManSet_Can_2                       0x08004b65   Thumb Code   122  canbustask.o(.text)
    Encoder_sent                             0x08004bdf   Thumb Code   136  canbustask.o(.text)
    Velocity_Control_206                     0x08004ce5   Thumb Code   204  app.o(.text)
    Velocity_Control_205                     0x08004e53   Thumb Code   232  app.o(.text)
    set_Pitch_Yaw_Position                   0x08004ff3   Thumb Code   352  app.o(.text)
    __aeabi_dmul                             0x08005153   Thumb Code   228  dmul.o(.text)
    __aeabi_ddiv                             0x08005237   Thumb Code   222  ddiv.o(.text)
    __aeabi_f2d                              0x08005315   Thumb Code    38  f2d.o(.text)
    __aeabi_d2f                              0x0800533b   Thumb Code    56  d2f.o(.text)
    __aeabi_uidiv                            0x08005373   Thumb Code     0  uidiv.o(.text)
    __aeabi_uidivmod                         0x08005373   Thumb Code    44  uidiv.o(.text)
    __aeabi_uldivmod                         0x0800539f   Thumb Code    98  uldiv.o(.text)
    __I$use$fp                               0x08005401   Thumb Code     0  iusefp.o(.text)
    _float_round                             0x08005401   Thumb Code    18  fepilogue.o(.text)
    _float_epilogue                          0x08005413   Thumb Code    92  fepilogue.o(.text)
    _double_round                            0x0800546f   Thumb Code    30  depilogue.o(.text)
    _double_epilogue                         0x0800548d   Thumb Code   156  depilogue.o(.text)
    __aeabi_dadd                             0x08005529   Thumb Code   322  dadd.o(.text)
    __aeabi_dsub                             0x0800566b   Thumb Code     6  dadd.o(.text)
    __aeabi_drsub                            0x08005671   Thumb Code     6  dadd.o(.text)
    _dsqrt                                   0x08005677   Thumb Code   162  dsqrt.o(.text)
    __aeabi_d2ulz                            0x08005719   Thumb Code    48  dfixul.o(.text)
    __aeabi_cdrcmple                         0x08005749   Thumb Code    48  cdrcmple.o(.text)
    __scatterload                            0x08005779   Thumb Code    28  init.o(.text)
    __scatterload_rt2                        0x08005779   Thumb Code     0  init.o(.text)
    __aeabi_llsl                             0x0800579d   Thumb Code    30  llshl.o(.text)
    _ll_shift_l                              0x0800579d   Thumb Code     0  llshl.o(.text)
    __aeabi_llsr                             0x080057bb   Thumb Code    32  llushr.o(.text)
    _ll_ushift_r                             0x080057bb   Thumb Code     0  llushr.o(.text)
    __aeabi_lasr                             0x080057db   Thumb Code    36  llsshr.o(.text)
    _ll_sshift_r                             0x080057db   Thumb Code     0  llsshr.o(.text)
    __0printf                                0x08005801   Thumb Code    22  printfa.o(i.__0printf)
    __1printf                                0x08005801   Thumb Code     0  printfa.o(i.__0printf)
    __2printf                                0x08005801   Thumb Code     0  printfa.o(i.__0printf)
    __c89printf                              0x08005801   Thumb Code     0  printfa.o(i.__0printf)
    printf                                   0x08005801   Thumb Code     0  printfa.o(i.__0printf)
    __ARM_fpclassify                         0x08005821   Thumb Code    48  fpclassify.o(i.__ARM_fpclassify)
    __hardfp_atan                            0x08005851   Thumb Code   622  atan.o(i.__hardfp_atan)
    __hardfp_sqrt                            0x08005b29   Thumb Code   122  sqrt.o(i.__hardfp_sqrt)
    __kernel_poly                            0x08005ba3   Thumb Code   248  poly.o(i.__kernel_poly)
    __mathlib_dbl_infnan                     0x08005c9b   Thumb Code    20  dunder.o(i.__mathlib_dbl_infnan)
    __mathlib_dbl_underflow                  0x08005cb1   Thumb Code    24  dunder.o(i.__mathlib_dbl_underflow)
    __scatterload_copy                       0x08005cd1   Thumb Code    14  handlers.o(i.__scatterload_copy)
    __scatterload_null                       0x08005cdf   Thumb Code     2  handlers.o(i.__scatterload_null)
    __scatterload_zeroinit                   0x08005ce1   Thumb Code    14  handlers.o(i.__scatterload_zeroinit)
    __set_errno                              0x08005cf1   Thumb Code     6  errno.o(i.__set_errno)
    fabs                                     0x0800658f   Thumb Code    24  fabs.o(i.fabs)
    Region$$Table$$Base                      0x08006640   Number         0  anon$$obj.o(Region$$Table)
    Region$$Table$$Limit                     0x08006660   Number         0  anon$$obj.o(Region$$Table)
    Remote_On                                0x20000000   Data           1  remote_control.o(.data)
    manual_Control_Turret                    0x20000004   Data           4  remote_control.o(.data)
    gyroADC_X_offset                         0x20000008   Data           4  mpu6050_driver.o(.data)
    gyroADC_Y_offset                         0x2000000c   Data           4  mpu6050_driver.o(.data)
    gyroADC_Z_offset                         0x20000010   Data           4  mpu6050_driver.o(.data)
    offset                                   0x20000014   Data           1  mpu6050_driver.o(.data)
    gyro_angle_x                             0x20000018   Data           4  mpu6050_driver.o(.data)
    gyro_angle_y                             0x2000001c   Data           4  mpu6050_driver.o(.data)
    gyro_angle_z                             0x20000020   Data           4  mpu6050_driver.o(.data)
    mpu6050_angle_x                          0x20000024   Data           4  mpu6050_driver.o(.data)
    mpu6050_angle_y                          0x20000028   Data           4  mpu6050_driver.o(.data)
    mpu6050_angle_z                          0x2000002c   Data           4  mpu6050_driver.o(.data)
    angle_x_filtered                         0x20000030   Data           4  mpu6050_driver.o(.data)
    angle_y_filtered                         0x20000034   Data           4  mpu6050_driver.o(.data)
    angle_z_filtered                         0x20000038   Data           4  mpu6050_driver.o(.data)
    gyro_rate_x                              0x2000003c   Data           4  mpu6050_driver.o(.data)
    measured_yaw_angle_401                   0x20000040   Data           4  can1.o(.data)
    last_yaw_angle                           0x20000044   Data           4  can1.o(.data)
    this_yaw_angle                           0x20000048   Data           4  can1.o(.data)
    SystemCoreClock                          0x2000005c   Data           4  system_stm32f4xx.o(.data)
    AHBPrescTable                            0x20000060   Data          16  system_stm32f4xx.o(.data)
    target_pitch_angle                       0x20000070   Data           4  canbustask.o(.data)
    target_yaw_angle                         0x20000074   Data           4  canbustask.o(.data)
    measured_yaw_angle                       0x20000078   Data           2  canbustask.o(.data)
    measured_pitch_angle                     0x2000007a   Data           2  canbustask.o(.data)
    measured_yaw_current                     0x2000007c   Data           2  canbustask.o(.data)
    measured_pitch_current                   0x2000007e   Data           2  canbustask.o(.data)
    target_yaw_current                       0x20000080   Data           2  canbustask.o(.data)
    target_pitch_current                     0x20000082   Data           2  canbustask.o(.data)
    measured_201_angle                       0x20000084   Data           2  canbustask.o(.data)
    measured_201_speed                       0x20000086   Data           2  canbustask.o(.data)
    x145                                     0x20000088   Data           2  canbustask.o(.data)
    x167                                     0x2000008a   Data           2  canbustask.o(.data)
    measured_202_angle                       0x2000008c   Data           2  canbustask.o(.data)
    measured_202_speed                       0x2000008e   Data           2  canbustask.o(.data)
    x245                                     0x20000090   Data           2  canbustask.o(.data)
    x267                                     0x20000092   Data           2  canbustask.o(.data)
    measured_203_angle                       0x20000094   Data           2  canbustask.o(.data)
    measured_203_speed                       0x20000096   Data           2  canbustask.o(.data)
    x345                                     0x20000098   Data           2  canbustask.o(.data)
    x367                                     0x2000009a   Data           2  canbustask.o(.data)
    measured_204_angle                       0x2000009c   Data           2  canbustask.o(.data)
    measured_204_speed                       0x2000009e   Data           2  canbustask.o(.data)
    x445                                     0x200000a0   Data           2  canbustask.o(.data)
    x467                                     0x200000a2   Data           2  canbustask.o(.data)
    motor_yaw_cur                            0x200000a4   Data           2  canbustask.o(.data)
    motor_pitch_cur                          0x200000a6   Data           2  canbustask.o(.data)
    motor_front_right_cur                    0x200000a8   Data           2  canbustask.o(.data)
    motor_front_left_cur                     0x200000aa   Data           2  canbustask.o(.data)
    motor_back_left_cur                      0x200000ac   Data           2  canbustask.o(.data)
    motor_back_right_cur                     0x200000ae   Data           2  canbustask.o(.data)
    pitch_Position                           0x200000b0   Data           2  app.o(.data)
    yaw_Position                             0x200000b2   Data           2  app.o(.data)
    remote_pitch_change                      0x200000b4   Data           2  app.o(.data)
    remote_yaw_change                        0x200000b6   Data           2  app.o(.data)
    __stdout                                 0x200000f8   Data           4  stdout.o(.data)
    MPU6050_Raw_Data                         0x20000100   Data          14  mpu6050_driver.o(.bss)
    MPU6050_Real_Data                        0x20000110   Data          28  mpu6050_driver.o(.bss)
    sbus_rx_buffer                           0x2000012c   Data          25  usart1.o(.bss)
    dma                                      0x20000148   Data          60  usart1.o(.bss)
    RC_Ctl                                   0x20000184   Data          20  usart1.o(.bss)
    Camera_Data                              0x20000198   Data          12  usart2.o(.bss)
    oc                                       0x200001a4   Data          20  pwm.o(.bss)
    arduino_rx_buffer_usart_3                0x200001b8   Data          16  usart3.o(.bss)
    dma_usart_3                              0x200001c8   Data          60  usart3.o(.bss)
    data_usart_3                             0x20000204   Data          12  usart3.o(.bss)
    tx_pitchyaw_message                      0x20000210   Data          20  canbustask.o(.bss)
    tx_wheels_message                        0x20000224   Data          20  canbustask.o(.bss)
    __initial_sp                             0x20000638   Data           0  startup_stm32f4xx.o(STACK)



==============================================================================

Memory Map of the image

  Image Entry point : 0x08000189

  Load Region LR_IROM1 (Base: 0x08000000, Size: 0x00006760, Max: 0x00100000, ABSOLUTE)

    Execution Region ER_IROM1 (Base: 0x08000000, Size: 0x00006660, Max: 0x00100000, ABSOLUTE)

    Base Addr    Size         Type   Attr      Idx    E Section Name        Object

    0x08000000   0x00000188   Data   RO          914    RESET               startup_stm32f4xx.o
    0x08000188   0x00000000   Code   RO         1105  * .ARM.Collect$$$$00000000  mc_w.l(entry.o)
    0x08000188   0x00000004   Code   RO         1401    .ARM.Collect$$$$00000001  mc_w.l(entry2.o)
    0x0800018c   0x00000004   Code   RO         1404    .ARM.Collect$$$$00000004  mc_w.l(entry5.o)
    0x08000190   0x00000000   Code   RO         1406    .ARM.Collect$$$$00000008  mc_w.l(entry7b.o)
    0x08000190   0x00000000   Code   RO         1408    .ARM.Collect$$$$0000000A  mc_w.l(entry8b.o)
    0x08000190   0x00000008   Code   RO         1409    .ARM.Collect$$$$0000000B  mc_w.l(entry9a.o)
    0x08000198   0x00000000   Code   RO         1411    .ARM.Collect$$$$0000000D  mc_w.l(entry10a.o)
    0x08000198   0x00000000   Code   RO         1413    .ARM.Collect$$$$0000000F  mc_w.l(entry11a.o)
    0x08000198   0x00000004   Code   RO         1402    .ARM.Collect$$$$00002712  mc_w.l(entry2.o)
    0x0800019c   0x0000001e   Code   RO            4    .text               stm32f4xx_it.o
    0x080001ba   0x00000002   PAD
    0x080001bc   0x0000014c   Code   RO          161    .text               main.o
    0x08000308   0x0000014c   Code   RO          240    .text               remote_control.o
    0x08000454   0x0000064c   Code   RO          298    .text               mpu6050_driver.o
    0x08000aa0   0x000003d4   Code   RO          330    .text               mpu6050_i2c.o
    0x08000e74   0x0000009c   Code   RO          354    .text               mpu6050_interrupt.o
    0x08000f10   0x00000034   Code   RO          378    .text               bsp.o
    0x08000f44   0x00000154   Code   RO          406    .text               can2.o
    0x08001098   0x000002cc   Code   RO          430    .text               usart1.o
    0x08001364   0x00000036   Code   RO          457    .text               delay.o
    0x0800139a   0x00000002   PAD
    0x0800139c   0x000000b0   Code   RO          481    .text               tim6.o
    0x0800144c   0x00000040   Code   RO          506    .text               led.o
    0x0800148c   0x0000014c   Code   RO          530    .text               laser.o
    0x080015d8   0x00000124   Code   RO          554    .text               usart2.o
    0x080016fc   0x0000017c   Code   RO          581    .text               pwm.o
    0x08001878   0x00000220   Code   RO          609    .text               usart3.o
    0x08001a98   0x00000074   Code   RO          637    .text               tim2.o
    0x08001b0c   0x00000178   Code   RO          664    .text               can1.o
    0x08001c84   0x000000e0   Code   RO          691    .text               misc.o
    0x08001d64   0x00000ca2   Code   RO          715    .text               stm32f4xx_tim.o
    0x08002a06   0x00000002   PAD
    0x08002a08   0x00000588   Code   RO          739    .text               stm32f4xx_rcc.o
    0x08002f90   0x000009f0   Code   RO          765    .text               stm32f4xx_can.o
    0x08003980   0x0000011c   Code   RO          789    .text               stm32f4xx_exti.o
    0x08003a9c   0x0000025c   Code   RO          813    .text               stm32f4xx_gpio.o
    0x08003cf8   0x0000041a   Code   RO          837    .text               stm32f4xx_usart.o
    0x08004112   0x00000002   PAD
    0x08004114   0x0000008c   Code   RO          861    .text               stm32f4xx_syscfg.o
    0x080041a0   0x00000210   Code   RO          885    .text               system_stm32f4xx.o
    0x080043b0   0x00000024   Code   RO          915    .text               startup_stm32f4xx.o
    0x080043d4   0x000003a8   Code   RO          997    .text               stm32f4xx_dma.o
    0x0800477c   0x00000568   Code   RO         1021    .text               canbustask.o
    0x08004ce4   0x0000046e   Code   RO         1053    .text               app.o
    0x08005152   0x000000e4   Code   RO         1369    .text               mf_w.l(dmul.o)
    0x08005236   0x000000de   Code   RO         1371    .text               mf_w.l(ddiv.o)
    0x08005314   0x00000026   Code   RO         1373    .text               mf_w.l(f2d.o)
    0x0800533a   0x00000038   Code   RO         1375    .text               mf_w.l(d2f.o)
    0x08005372   0x0000002c   Code   RO         1416    .text               mc_w.l(uidiv.o)
    0x0800539e   0x00000062   Code   RO         1418    .text               mc_w.l(uldiv.o)
    0x08005400   0x00000000   Code   RO         1427    .text               mc_w.l(iusefp.o)
    0x08005400   0x0000006e   Code   RO         1428    .text               mf_w.l(fepilogue.o)
    0x0800546e   0x000000ba   Code   RO         1430    .text               mf_w.l(depilogue.o)
    0x08005528   0x0000014e   Code   RO         1432    .text               mf_w.l(dadd.o)
    0x08005676   0x000000a2   Code   RO         1436    .text               mf_w.l(dsqrt.o)
    0x08005718   0x00000030   Code   RO         1438    .text               mf_w.l(dfixul.o)
    0x08005748   0x00000030   Code   RO         1442    .text               mf_w.l(cdrcmple.o)
    0x08005778   0x00000024   Code   RO         1444    .text               mc_w.l(init.o)
    0x0800579c   0x0000001e   Code   RO         1446    .text               mc_w.l(llshl.o)
    0x080057ba   0x00000020   Code   RO         1448    .text               mc_w.l(llushr.o)
    0x080057da   0x00000024   Code   RO         1450    .text               mc_w.l(llsshr.o)
    0x080057fe   0x00000002   PAD
    0x08005800   0x00000020   Code   RO         1341    i.__0printf         mc_w.l(printfa.o)
    0x08005820   0x00000030   Code   RO         1397    i.__ARM_fpclassify  m_wm.l(fpclassify.o)
    0x08005850   0x000002d8   Code   RO         1079    i.__hardfp_atan     m_wm.l(atan.o)
    0x08005b28   0x0000007a   Code   RO         1093    i.__hardfp_sqrt     m_wm.l(sqrt.o)
    0x08005ba2   0x000000f8   Code   RO         1399    i.__kernel_poly     m_wm.l(poly.o)
    0x08005c9a   0x00000014   Code   RO         1378    i.__mathlib_dbl_infnan  m_wm.l(dunder.o)
    0x08005cae   0x00000002   PAD
    0x08005cb0   0x00000020   Code   RO         1383    i.__mathlib_dbl_underflow  m_wm.l(dunder.o)
    0x08005cd0   0x0000000e   Code   RO         1454    i.__scatterload_copy  mc_w.l(handlers.o)
    0x08005cde   0x00000002   Code   RO         1455    i.__scatterload_null  mc_w.l(handlers.o)
    0x08005ce0   0x0000000e   Code   RO         1456    i.__scatterload_zeroinit  mc_w.l(handlers.o)
    0x08005cee   0x00000002   PAD
    0x08005cf0   0x0000000c   Code   RO         1422    i.__set_errno       mc_w.l(errno.o)
    0x08005cfc   0x00000164   Code   RO         1348    i._fp_digits        mc_w.l(printfa.o)
    0x08005e60   0x000006dc   Code   RO         1349    i._printf_core      mc_w.l(printfa.o)
    0x0800653c   0x00000024   Code   RO         1350    i._printf_post_padding  mc_w.l(printfa.o)
    0x08006560   0x0000002e   Code   RO         1351    i._printf_pre_padding  mc_w.l(printfa.o)
    0x0800658e   0x00000018   Code   RO         1393    i.fabs              m_wm.l(fabs.o)
    0x080065a6   0x00000002   PAD
    0x080065a8   0x00000098   Data   RO         1082    .constdata          m_wm.l(atan.o)
    0x08006640   0x00000020   Data   RO         1452    Region$$Table       anon$$obj.o


    Execution Region RW_IRAM1 (Base: 0x20000000, Size: 0x00000638, Max: 0x00020000, ABSOLUTE)

    Base Addr    Size         Type   Attr      Idx    E Section Name        Object

    0x20000000   0x00000008   Data   RW          241    .data               remote_control.o
    0x20000008   0x00000038   Data   RW          301    .data               mpu6050_driver.o
    0x20000040   0x0000000c   Data   RW          665    .data               can1.o
    0x2000004c   0x00000010   Data   RW          740    .data               stm32f4xx_rcc.o
    0x2000005c   0x00000014   Data   RW          886    .data               system_stm32f4xx.o
    0x20000070   0x00000040   Data   RW         1023    .data               canbustask.o
    0x200000b0   0x00000048   Data   RW         1055    .data               app.o
    0x200000f8   0x00000004   Data   RW         1415    .data               mc_w.l(stdout.o)
    0x200000fc   0x00000004   Data   RW         1423    .data               mc_w.l(errno.o)
    0x20000100   0x0000002c   Zero   RW          299    .bss                mpu6050_driver.o
    0x2000012c   0x0000006c   Zero   RW          431    .bss                usart1.o
    0x20000198   0x0000000c   Zero   RW          555    .bss                usart2.o
    0x200001a4   0x00000014   Zero   RW          582    .bss                pwm.o
    0x200001b8   0x00000058   Zero   RW          610    .bss                usart3.o
    0x20000210   0x00000028   Zero   RW         1022    .bss                canbustask.o
    0x20000238   0x00000400   Zero   RW          912    STACK               startup_stm32f4xx.o


==============================================================================

Image component sizes


      Code (inc. data)   RO Data    RW Data    ZI Data      Debug   Object Name

      1134         72          0         72          0       4095   app.o
        52          0          0          0          0        511   bsp.o
       376         26          0         12          0       1296   can1.o
       340          8          0          0          0       1088   can2.o
      1384        126          0         64         40       6810   canbustask.o
        54          0          0          0          0        812   delay.o
       332         12          0          0          0       1025   laser.o
        64          6          0          0          0        532   led.o
       332         92          0          0          0        643   main.o
       224         20          0          0          0       1865   misc.o
      1612        232          0         56         44       3256   mpu6050_driver.o
       980         90          0          0          0       3979   mpu6050_i2c.o
       156          4          0          0          0        851   mpu6050_interrupt.o
       380         16          0          0         20       1714   pwm.o
       332         26          0          8          0       1941   remote_control.o
        36          8        392          0       1024        852   startup_stm32f4xx.o
      2544         38          0          0          0       8196   stm32f4xx_can.o
       936         32          0          0          0       6445   stm32f4xx_dma.o
       284         10          0          0          0       2371   stm32f4xx_exti.o
       604         36          0          0          0       4181   stm32f4xx_gpio.o
        30          0          0          0          0     285954   stm32f4xx_it.o
      1416         48          0         16          0      11115   stm32f4xx_rcc.o
       140         12          0          0          0       1703   stm32f4xx_syscfg.o
      3234         60          0          0          0      23064   stm32f4xx_tim.o
      1050         26          0          0          0       7908   stm32f4xx_usart.o
       528         46          0         20          0       1923   system_stm32f4xx.o
       116          6          0          0          0        901   tim2.o
       176         14          0          0          0        840   tim6.o
       716         38          0          0        108       2579   usart1.o
       292         26          0          0         12       1517   usart2.o
       544         42          0          0         88       2197   usart3.o

    ----------------------------------------------------------------------
     20406       1172        424        248       1336     392164   Object Totals
         0          0         32          0          0          0   (incl. Generated)
         8          0          0          0          0          0   (incl. Padding)

    ----------------------------------------------------------------------

      Code (inc. data)   RO Data    RW Data    ZI Data      Debug   Library Member Name

       728        106        152          0          0        228   atan.o
        52          8          0          0          0        248   dunder.o
        24          0          0          0          0        124   fabs.o
        48          0          0          0          0        124   fpclassify.o
       248          0          0          0          0        152   poly.o
       122          0          0          0          0        148   sqrt.o
         0          0          0          0          0          0   entry.o
         0          0          0          0          0          0   entry10a.o
         0          0          0          0          0          0   entry11a.o
         8          4          0          0          0          0   entry2.o
         4          0          0          0          0          0   entry5.o
         0          0          0          0          0          0   entry7b.o
         0          0          0          0          0          0   entry8b.o
         8          4          0          0          0          0   entry9a.o
        12          6          0          4          0         68   errno.o
        30          0          0          0          0          0   handlers.o
        36          8          0          0          0         68   init.o
         0          0          0          0          0          0   iusefp.o
        30          0          0          0          0         68   llshl.o
        36          0          0          0          0         68   llsshr.o
        32          0          0          0          0         68   llushr.o
      2226         90          0          0          0        444   printfa.o
         0          0          0          4          0          0   stdout.o
        44          0          0          0          0         80   uidiv.o
        98          0          0          0          0         92   uldiv.o
        48          0          0          0          0         68   cdrcmple.o
        56          0          0          0          0         88   d2f.o
       334          0          0          0          0        148   dadd.o
       222          0          0          0          0        100   ddiv.o
       186          0          0          0          0        176   depilogue.o
        48          0          0          0          0         68   dfixul.o
       228          0          0          0          0         96   dmul.o
       162          0          0          0          0        100   dsqrt.o
        38          0          0          0          0         68   f2d.o
       110          0          0          0          0        168   fepilogue.o

    ----------------------------------------------------------------------
      5226        226        152          8          0       3060   Library Totals
         8          0          0          0          0          0   (incl. Padding)

    ----------------------------------------------------------------------

      Code (inc. data)   RO Data    RW Data    ZI Data      Debug   Library Name

      1222        114        152          0          0       1024   m_wm.l
      2564        112          0          8          0        956   mc_w.l
      1432          0          0          0          0       1080   mf_w.l

    ----------------------------------------------------------------------
      5226        226        152          8          0       3060   Library Totals

    ----------------------------------------------------------------------

==============================================================================


      Code (inc. data)   RO Data    RW Data    ZI Data      Debug   

     25632       1398        576        256       1336     388340   Grand Totals
     25632       1398        576        256       1336     388340   ELF Image Totals
     25632       1398        576        256          0          0   ROM Totals

==============================================================================

    Total RO  Size (Code + RO Data)                26208 (  25.59kB)
    Total RW  Size (RW Data + ZI Data)              1592 (   1.55kB)
    Total ROM Size (Code + RO Data + RW Data)      26464 (  25.84kB)

==============================================================================

