Component: ARM Compiler 5.06 update 1 (build 61) Tool: armlink [4d35a8]

==============================================================================

Section Cross References

    app.o(.text) refers to stm32f4xx_can.o(.text) for CAN_Transmit
    app.o(.text) refers to cfrcmple.o(.text) for __aeabi_cfrcmple
    app.o(.text) refers to f2d.o(.text) for __aeabi_f2d
    app.o(.text) refers to cdcmple.o(.text) for __aeabi_cdcmple
    app.o(.text) refers to fadd.o(.text) for __aeabi_frsub
    app.o(.text) refers to fmul.o(.text) for __aeabi_fmul
    app.o(.text) refers to cdrcmple.o(.text) for __aeabi_cdrcmple
    app.o(.text) refers to app.o(.data) for error_v
    app.o(.text) refers to app.o(.bss) for error_l
    main.o(.text) refers to bsp.o(.text) for BSP_Init
    main.o(.text) refers to delay.o(.text) for delay_ms
    main.o(.text) refers to mpu6050_driver.o(.text) for MPU6050_Initialization
    main.o(.text) refers to mpu6050_interrupt.o(.text) for MPU6050_Interrupt_Configuration
    main.o(.text) refers to pwm.o(.text) for PWM_Configuration
    main.o(.text) refers to can1.o(.text) for Motor_Reset
    mpu6050_driver.o(.text) refers to mpu6050_i2c.o(.text) for IIC_GPIO_Init
    mpu6050_driver.o(.text) refers to printfb.o(i.__0printf$bare) for __2printf
    mpu6050_driver.o(.text) refers to fflti.o(.text) for __aeabi_i2f
    mpu6050_driver.o(.text) refers to f2d.o(.text) for __aeabi_f2d
    mpu6050_driver.o(.text) refers to ddiv.o(.text) for __aeabi_ddiv
    mpu6050_driver.o(.text) refers to d2f.o(.text) for __aeabi_d2f
    mpu6050_driver.o(.text) refers to dadd.o(.text) for __aeabi_dadd
    mpu6050_driver.o(.text) refers to delay.o(.text) for delay_ms
    mpu6050_driver.o(.text) refers to fadd.o(.text) for __aeabi_fadd
    mpu6050_driver.o(.text) refers to ffixi.o(.text) for __aeabi_f2iz
    mpu6050_driver.o(.text) refers to mpu6050_driver.o(.bss) for MPU6050_Raw_Data
    mpu6050_driver.o(.text) refers to mpu6050_driver.o(.data) for gyroADC_X_offset
    mpu6050_i2c.o(.text) refers to stm32f4xx_rcc.o(.text) for RCC_AHB1PeriphClockCmd
    mpu6050_i2c.o(.text) refers to stm32f4xx_gpio.o(.text) for GPIO_Init
    mpu6050_i2c.o(.text) refers to printfb.o(i.__0printf$bare) for __2printf
    mpu6050_interrupt.o(.text) refers to stm32f4xx_rcc.o(.text) for RCC_APB2PeriphClockCmd
    mpu6050_interrupt.o(.text) refers to stm32f4xx_gpio.o(.text) for GPIO_Init
    mpu6050_interrupt.o(.text) refers to stm32f4xx_syscfg.o(.text) for SYSCFG_EXTILineConfig
    mpu6050_interrupt.o(.text) refers to stm32f4xx_exti.o(.text) for EXTI_Init
    mpu6050_interrupt.o(.text) refers to misc.o(.text) for NVIC_Init
    mpu6050_interrupt.o(.text) refers to mpu6050_driver.o(.text) for MPU6050_ReadData
    bsp.o(.text) refers to misc.o(.text) for NVIC_PriorityGroupConfig
    bsp.o(.text) refers to led.o(.text) for LED_Configuration
    bsp.o(.text) refers to laser.o(.text) for RELAY_Configuration
    bsp.o(.text) refers to can1.o(.text) for CAN1_Configuration
    bsp.o(.text) refers to can2.o(.text) for CAN2_Configuration
    bsp.o(.text) refers to usart1.o(.text) for USART1_Configuration
    can1.o(.text) refers to stm32f4xx_rcc.o(.text) for RCC_AHB1PeriphClockCmd
    can1.o(.text) refers to stm32f4xx_gpio.o(.text) for GPIO_PinAFConfig
    can1.o(.text) refers to misc.o(.text) for NVIC_Init
    can1.o(.text) refers to stm32f4xx_can.o(.text) for CAN_DeInit
    can1.o(.text) refers to delay.o(.text) for delay_ms
    can1.o(.text) refers to can1.o(.data) for Can1_CNT
    can1.o(.text) refers to can1.o(.bss) for CurrTemp_201
    can2.o(.text) refers to stm32f4xx_rcc.o(.text) for RCC_AHB1PeriphClockCmd
    can2.o(.text) refers to stm32f4xx_gpio.o(.text) for GPIO_PinAFConfig
    can2.o(.text) refers to misc.o(.text) for NVIC_Init
    can2.o(.text) refers to stm32f4xx_can.o(.text) for CAN_DeInit
    can2.o(.text) refers to f2d.o(.text) for __aeabi_f2d
    can2.o(.text) refers to dmul.o(.text) for __aeabi_dmul
    can2.o(.text) refers to d2f.o(.text) for __aeabi_d2f
    can2.o(.text) refers to ffixi.o(.text) for __aeabi_f2iz
    can2.o(.text) refers to fflti.o(.text) for __aeabi_i2f
    can2.o(.text) refers to can1.o(.text) for Motor_PWM_Set
    can2.o(.text) refers to fadd.o(.text) for __aeabi_fsub
    can2.o(.text) refers to ddiv.o(.text) for __aeabi_ddiv
    can2.o(.text) refers to dadd.o(.text) for __aeabi_dadd
    can2.o(.text) refers to can2.o(.data) for gyro_ok_flag
    can2.o(.text) refers to cdrcmple.o(.text) for __aeabi_cdrcmple
    can2.o(.text) refers to cdcmple.o(.text) for __aeabi_cdcmple
    usart1.o(.text) refers to stm32f4xx_rcc.o(.text) for RCC_AHB1PeriphClockCmd
    usart1.o(.text) refers to stm32f4xx_gpio.o(.text) for GPIO_PinAFConfig
    usart1.o(.text) refers to stm32f4xx_usart.o(.text) for USART_Init
    usart1.o(.text) refers to misc.o(.text) for NVIC_Init
    tim6.o(.text) refers to stm32f4xx_rcc.o(.text) for RCC_APB1PeriphClockCmd
[...]
    printf4.o(i._printf_core) refers to uldiv.o(.text) for __aeabi_uldivmod
    printf5.o(i.__0fprintf$5) refers to printf5.o(i._printf_core) for _printf_core
    printf5.o(i.__0fprintf$5) refers to usart1.o(.text) for fputc
    printf5.o(i.__0printf$5) refers to printf5.o(i._printf_core) for _printf_core
    printf5.o(i.__0printf$5) refers to usart1.o(.text) for fputc
    printf5.o(i.__0printf$5) refers to stdout.o(.data) for __stdout
    printf5.o(i.__0snprintf$5) refers to printf5.o(i._printf_core) for _printf_core
    printf5.o(i.__0snprintf$5) refers to printf5.o(i._snputc) for _snputc
    printf5.o(i.__0sprintf$5) refers to printf5.o(i._printf_core) for _printf_core
    printf5.o(i.__0sprintf$5) refers to printf5.o(i._sputc) for _sputc
    printf5.o(i.__0vfprintf$5) refers to printf5.o(i._printf_core) for _printf_core
    printf5.o(i.__0vfprintf$5) refers to usart1.o(.text) for fputc
    printf5.o(i.__0vprintf$5) refers to printf5.o(i._printf_core) for _printf_core
    printf5.o(i.__0vprintf$5) refers to usart1.o(.text) for fputc
    printf5.o(i.__0vprintf$5) refers to stdout.o(.data) for __stdout
    printf5.o(i.__0vsnprintf$5) refers to printf5.o(i._printf_core) for _printf_core
    printf5.o(i.__0vsnprintf$5) refers to printf5.o(i._snputc) for _snputc
    printf5.o(i.__0vsprintf$5) refers to printf5.o(i._printf_core) for _printf_core
    printf5.o(i.__0vsprintf$5) refers to printf5.o(i._sputc) for _sputc
    printf5.o(i._printf_core) refers to uldiv.o(.text) for __aeabi_uldivmod
    printf6.o(i.__0fprintf$6) refers to printf6.o(i._printf_core) for _printf_core
    printf6.o(i.__0fprintf$6) refers to usart1.o(.text) for fputc
    printf6.o(i.__0printf$6) refers to printf6.o(i._printf_core) for _printf_core
    printf6.o(i.__0printf$6) refers to usart1.o(.text) for fputc
    printf6.o(i.__0printf$6) refers to stdout.o(.data) for __stdout
    printf6.o(i.__0snprintf$6) refers to printf6.o(i._printf_core) for _printf_core
    printf6.o(i.__0snprintf$6) refers to printf6.o(i._snputc) for _snputc
    printf6.o(i.__0sprintf$6) refers to printf6.o(i._printf_core) for _printf_core
    printf6.o(i.__0sprintf$6) refers to printf6.o(i._sputc) for _sputc
    printf6.o(i.__0vfprintf$6) refers to printf6.o(i._printf_core) for _printf_core
    printf6.o(i.__0vfprintf$6) refers to usart1.o(.text) for fputc
    printf6.o(i.__0vprintf$6) refers to printf6.o(i._printf_core) for _printf_core
    printf6.o(i.__0vprintf$6) refers to usart1.o(.text) for fputc
    printf6.o(i.__0vprintf$6) refers to stdout.o(.data) for __stdout
    printf6.o(i.__0vsnprintf$6) refers to printf6.o(i._printf_core) for _printf_core
    printf6.o(i.__0vsnprintf$6) refers to printf6.o(i._snputc) for _snputc
    printf6.o(i.__0vsprintf$6) refers to printf6.o(i._printf_core) for _printf_core
    printf6.o(i.__0vsprintf$6) refers to printf6.o(i._sputc) for _sputc
    printf6.o(i._printf_core) refers to printf6.o(i._printf_pre_padding) for _printf_pre_padding
    printf6.o(i._printf_core) refers to uidiv.o(.text) for __aeabi_uidivmod
    printf6.o(i._printf_core) refers to printf6.o(i._printf_post_padding) for _printf_post_padding
    printf7.o(i.__0fprintf$7) refers to printf7.o(i._printf_core) for _printf_core
    printf7.o(i.__0fprintf$7) refers to usart1.o(.text) for fputc
    printf7.o(i.__0printf$7) refers to printf7.o(i._printf_core) for _printf_core
    printf7.o(i.__0printf$7) refers to usart1.o(.text) for fputc
    printf7.o(i.__0printf$7) refers to stdout.o(.data) for __stdout
    printf7.o(i.__0snprintf$7) refers to printf7.o(i._printf_core) for _printf_core
    printf7.o(i.__0snprintf$7) refers to printf7.o(i._snputc) for _snputc
    printf7.o(i.__0sprintf$7) refers to printf7.o(i._printf_core) for _printf_core
    printf7.o(i.__0sprintf$7) refers to printf7.o(i._sputc) for _sputc
    printf7.o(i.__0vfprintf$7) refers to printf7.o(i._printf_core) for _printf_core
    printf7.o(i.__0vfprintf$7) refers to usart1.o(.text) for fputc
    printf7.o(i.__0vprintf$7) refers to printf7.o(i._printf_core) for _printf_core
    printf7.o(i.__0vprintf$7) refers to usart1.o(.text) for fputc
    printf7.o(i.__0vprintf$7) refers to stdout.o(.data) for __stdout
    printf7.o(i.__0vsnprintf$7) refers to printf7.o(i._printf_core) for _printf_core
    printf7.o(i.__0vsnprintf$7) refers to printf7.o(i._snputc) for _snputc
    printf7.o(i.__0vsprintf$7) refers to printf7.o(i._printf_core) for _printf_core
    printf7.o(i.__0vsprintf$7) refers to printf7.o(i._sputc) for _sputc
    printf7.o(i._printf_core) refers to printf7.o(i._printf_pre_padding) for _printf_pre_padding
    printf7.o(i._printf_core) refers to uldiv.o(.text) for __aeabi_uldivmod
    printf7.o(i._printf_core) refers to printf7.o(i._printf_post_padding) for _printf_post_padding
    printf8.o(i.__0fprintf$8) refers to printf8.o(i._printf_core) for _printf_core
    printf8.o(i.__0fprintf$8) refers to usart1.o(.text) for fputc
    printf8.o(i.__0printf$8) refers to printf8.o(i._printf_core) for _printf_core
    printf8.o(i.__0printf$8) refers to usart1.o(.text) for fputc
    printf8.o(i.__0printf$8) refers to stdout.o(.data) for __stdout
    printf8.o(i.__0snprintf$8) refers to printf8.o(i._printf_core) for _printf_core
    printf8.o(i.__0snprintf$8) refers to printf8.o(i._snputc) for _snputc
    printf8.o(i.__0sprintf$8) refers to printf8.o(i._printf_core) for _printf_core
    printf8.o(i.__0sprintf$8) refers to printf8.o(i._sputc) for _sputc
    printf8.o(i.__0vfprintf$8) refers to printf8.o(i._printf_core) for _printf_core
    printf8.o(i.__0vfprintf$8) refers to usart1.o(.text) for fputc
    printf8.o(i.__0vprintf$8) refers to printf8.o(i._printf_core) for _printf_core
    printf8.o(i.__0vprintf$8) refers to usart1.o(.text) for fputc
    printf8.o(i.__0vprintf$8) refers to stdout.o(.data) for __stdout
    printf8.o(i.__0vsnprintf$8) refers to printf8.o(i._printf_core) for _printf_core
    printf8.o(i.__0vsnprintf$8) refers to printf8.o(i._snputc) for _snputc
    printf8.o(i.__0vsprintf$8) refers to printf8.o(i._printf_core) for _printf_core
    printf8.o(i.__0vsprintf$8) refers to printf8.o(i._sputc) for _sputc
    printf8.o(i._printf_core) refers to printf8.o(i._printf_pre_padding) for _printf_pre_padding
    printf8.o(i._printf_core) refers to uldiv.o(.text) for __aeabi_uldivmod
    printf8.o(i._printf_core) refers to printf8.o(i._printf_post_padding) for _printf_post_padding
    printfa.o(i.__0fprintf) refers (Special) to iusefp.o(.text) for __I$use$fp
    printfa.o(i.__0fprintf) refers to printfa.o(i._printf_core) for _printf_core
    printfa.o(i.__0fprintf) refers to usart1.o(.text) for fputc
    printfa.o(i.__0printf) refers (Special) to iusefp.o(.text) for __I$use$fp
    printfa.o(i.__0printf) refers to printfa.o(i._printf_core) for _printf_core
    printfa.o(i.__0printf) refers to usart1.o(.text) for fputc
    printfa.o(i.__0printf) refers to stdout.o(.data) for __stdout
    printfa.o(i.__0snprintf) refers (Special) to iusefp.o(.text) for __I$use$fp
    printfa.o(i.__0snprintf) refers to printfa.o(i._printf_core) for _printf_core
    printfa.o(i.__0snprintf) refers to printfa.o(i._snputc) for _snputc
    printfa.o(i.__0sprintf) refers (Special) to iusefp.o(.text) for __I$use$fp
    printfa.o(i.__0sprintf) refers to printfa.o(i._printf_core) for _printf_core
    printfa.o(i.__0sprintf) refers to printfa.o(i._sputc) for _sputc
    printfa.o(i.__0vfprintf) refers (Special) to iusefp.o(.text) for __I$use$fp
    printfa.o(i.__0vfprintf) refers to printfa.o(i._printf_core) for _printf_core
    printfa.o(i.__0vfprintf) refers to usart1.o(.text) for fputc
    printfa.o(i.__0vprintf) refers (Special) to iusefp.o(.text) for __I$use$fp
    printfa.o(i.__0vprintf) refers to printfa.o(i._printf_core) for _printf_core
    printfa.o(i.__0vprintf) refers to usart1.o(.text) for fputc
    printfa.o(i.__0vprintf) refers to stdout.o(.data) for __stdout
    printfa.o(i.__0vsnprintf) refers (Special) to iusefp.o(.text) for __I$use$fp
    printfa.o(i.__0vsnprintf) refers to printfa.o(i._printf_core) for _printf_core
    printfa.o(i.__0vsnprintf) refers to printfa.o(i._snputc) for _snputc
    printfa.o(i.__0vsprintf) refers (Special) to iusefp.o(.text) for __I$use$fp
    printfa.o(i.__0vsprintf) refers to printfa.o(i._printf_core) for _printf_core
    printfa.o(i.__0vsprintf) refers to printfa.o(i._sputc) for _sputc
    printfa.o(i._fp_digits) refers (Special) to iusefp.o(.text) for __I$use$fp
    printfa.o(i._fp_digits) refers to dmul.o(.text) for __aeabi_dmul
    printfa.o(i._fp_digits) refers to ddiv.o(.text) for __aeabi_ddiv
    printfa.o(i._fp_digits) refers to cdrcmple.o(.text) for __aeabi_cdrcmple
    printfa.o(i._fp_digits) refers to dadd.o(.text) for __aeabi_dadd
    printfa.o(i._fp_digits) refers to dfixul.o(.text) for __aeabi_d2ulz
    printfa.o(i._fp_digits) refers to uldiv.o(.text) for __aeabi_uldivmod
    printfa.o(i._printf_core) refers (Special) to iusefp.o(.text) for __I$use$fp
    printfa.o(i._printf_core) refers to printfa.o(i._printf_pre_padding) for _printf_pre_padding
    printfa.o(i._printf_core) refers to uldiv.o(.text) for __aeabi_uldivmod
    printfa.o(i._printf_core) refers to printfa.o(i._printf_post_padding) for _printf_post_padding
    printfa.o(i._printf_core) refers to printfa.o(i._fp_digits) for _fp_digits
    printfa.o(i._printf_core) refers to uidiv.o(.text) for __aeabi_uidivmod
    printfa.o(i._printf_post_padding) refers (Special) to iusefp.o(.text) for __I$use$fp
    printfa.o(i._printf_pre_padding) refers (Special) to iusefp.o(.text) for __I$use$fp
    printfa.o(i._snputc) refers (Special) to iusefp.o(.text) for __I$use$fp
    printfa.o(i._sputc) refers (Special) to iusefp.o(.text) for __I$use$fp
    fadd.o(.text) refers (Special) to iusefp.o(.text) for __I$use$fp
    fadd.o(.text) refers to fepilogue.o(.text) for _float_epilogue
    fmul.o(.text) refers (Special) to iusefp.o(.text) for __I$use$fp
    dadd.o(.text) refers (Special) to iusefp.o(.text) for __I$use$fp
    dadd.o(.text) refers to llshl.o(.text) for __aeabi_llsl
    dadd.o(.text) refers to llsshr.o(.text) for __aeabi_lasr
    dadd.o(.text) refers to depilogue.o(.text) for _double_epilogue
    dmul.o(.text) refers (Special) to iusefp.o(.text) for __I$use$fp
    dmul.o(.text) refers to depilogue.o(.text) for _double_epilogue
    ddiv.o(.text) refers (Special) to iusefp.o(.text) for __I$use$fp
    ddiv.o(.text) refers to depilogue.o(.text) for _double_round
    fflti.o(.text) refers (Special) to iusefp.o(.text) for __I$use$fp
    fflti.o(.text) refers to fepilogue.o(.text) for _float_epilogue
    ffixi.o(.text) refers (Special) to iusefp.o(.text) for __I$use$fp
    f2d.o(.text) refers (Special) to iusefp.o(.text) for __I$use$fp
    cdcmple.o(.text) refers (Special) to iusefp.o(.text) for __I$use$fp
    cdrcmple.o(.text) refers (Special) to iusefp.o(.text) for __I$use$fp
    d2f.o(.text) refers (Special) to iusefp.o(.text) for __I$use$fp
    d2f.o(.text) refers to fepilogue.o(.text) for _float_round
    cfrcmple.o(.text) refers (Special) to iusefp.o(.text) for __I$use$fp
    entry2.o(.ARM.Collect$$$$00000001) refers to entry2.o(.ARM.Collect$$$$00002712) for __lit__00000000
    entry2.o(.ARM.Collect$$$$00002712) refers to startup_stm32f4xx.o(STACK) for __initial_sp
    entry2.o(__vectab_stack_and_reset_area) refers to startup_stm32f4xx.o(STACK) for __initial_sp
    entry2.o(__vectab_stack_and_reset_area) refers to entry.o(.ARM.Collect$$$$00000000) for __main
    entry5.o(.ARM.Collect$$$$00000004) refers to init.o(.text) for __scatterload
    entry9a.o(.ARM.Collect$$$$0000000B) refers to main.o(.text) for main
    entry9b.o(.ARM.Collect$$$$0000000C) refers to main.o(.text) for main
    uldiv.o(.text) refers to llushr.o(.text) for __aeabi_llsr
    uldiv.o(.text) refers to llshl.o(.text) for __aeabi_llsl
    depilogue.o(.text) refers to llshl.o(.text) for __aeabi_llsl
    depilogue.o(.text) refers to llushr.o(.text) for __aeabi_llsr
    dfixul.o(.text) refers to llushr.o(.text) for __aeabi_llsr
    dfixul.o(.text) refers to llshl.o(.text) for __aeabi_llsl
    init.o(.text) refers to entry5.o(.ARM.Collect$$$$00000004) for __main_after_scatterload


==============================================================================

Removing Unused input sections from the image.

    Removing stm32f4xx_it.o(.rev16_text), (4 bytes).
    Removing stm32f4xx_it.o(.revsh_text), (4 bytes).
    Removing app.o(.rev16_text), (4 bytes).
    Removing app.o(.revsh_text), (4 bytes).
    Removing app.o(.text), (864 bytes).
    Removing app.o(.bss), (12 bytes).
    Removing app.o(.data), (44 bytes).
    Removing global_varialbe.o(.rev16_text), (4 bytes).
    Removing global_varialbe.o(.revsh_text), (4 bytes).
    Removing global_varialbe.o(.bss), (400 bytes).
    Removing global_varialbe.o(.data), (14 bytes).
    Removing main.o(.rev16_text), (4 bytes).
    Removing main.o(.revsh_text), (4 bytes).
    Removing main.o(.bss), (24 bytes).
    Removing main.o(.data), (3 bytes).
    Removing mpu6050_driver.o(.rev16_text), (4 bytes).
    Removing mpu6050_driver.o(.revsh_text), (4 bytes).
    Removing mpu6050_i2c.o(.rev16_text), (4 bytes).
    Removing mpu6050_i2c.o(.revsh_text), (4 bytes).
    Removing mpu6050_interrupt.o(.rev16_text), (4 bytes).
    Removing mpu6050_interrupt.o(.revsh_text), (4 bytes).
    Removing bsp.o(.rev16_text), (4 bytes).
    Removing bsp.o(.revsh_text), (4 bytes).
    Removing can1.o(.rev16_text), (4 bytes).
    Removing can1.o(.revsh_text), (4 bytes).
    Removing can2.o(.rev16_text), (4 bytes).
    Removing can2.o(.revsh_text), (4 bytes).
    Removing usart1.o(.rev16_text), (4 bytes).
    Removing usart1.o(.revsh_text), (4 bytes).
    Removing delay.o(.rev16_text), (4 bytes).
    Removing delay.o(.revsh_text), (4 bytes).
    Removing tim6.o(.rev16_text), (4 bytes).
    Removing tim6.o(.revsh_text), (4 bytes).
    Removing tim6.o(.text), (108 bytes).
    Removing led.o(.rev16_text), (4 bytes).
    Removing led.o(.revsh_text), (4 bytes).
    Removing laser.o(.rev16_text), (4 bytes).
    Removing laser.o(.revsh_text), (4 bytes).
    Removing usart2.o(.rev16_text), (4 bytes).
    Removing usart2.o(.revsh_text), (4 bytes).
    Removing pwm.o(.rev16_text), (4 bytes).
    Removing pwm.o(.revsh_text), (4 bytes).
    Removing misc.o(.rev16_text), (4 bytes).
    Removing misc.o(.revsh_text), (4 bytes).
    Removing stm32f4xx_tim.o(.rev16_text), (4 bytes).
    Removing stm32f4xx_tim.o(.revsh_text), (4 bytes).
    Removing stm32f4xx_rcc.o(.rev16_text), (4 bytes).
    Removing stm32f4xx_rcc.o(.revsh_text), (4 bytes).
    Removing stm32f4xx_can.o(.rev16_text), (4 bytes).
    Removing stm32f4xx_can.o(.revsh_text), (4 bytes).
    Removing stm32f4xx_exti.o(.rev16_text), (4 bytes).
    Removing stm32f4xx_exti.o(.revsh_text), (4 bytes).
    Removing stm32f4xx_gpio.o(.rev16_text), (4 bytes).
    Removing stm32f4xx_gpio.o(.revsh_text), (4 bytes).
    Removing stm32f4xx_usart.o(.rev16_text), (4 bytes).
    Removing stm32f4xx_usart.o(.revsh_text), (4 bytes).
    Removing stm32f4xx_syscfg.o(.rev16_text), (4 bytes).
    Removing stm32f4xx_syscfg.o(.revsh_text), (4 bytes).
    Removing system_stm32f4xx.o(.rev16_text), (4 bytes).
    Removing system_stm32f4xx.o(.revsh_text), (4 bytes).
    Removing startup_stm32f4xx.o(HEAP), (512 bytes).
    Removing stm32f4xx_i2c.o(.rev16_text), (4 bytes).
    Removing stm32f4xx_i2c.o(.revsh_text), (4 bytes).
    Removing stm32f4xx_i2c.o(.text), (1064 bytes).
    Removing stm32f4xx_wwdg.o(.rev16_text), (4 bytes).
    Removing stm32f4xx_wwdg.o(.revsh_text), (4 bytes).
    Removing stm32f4xx_wwdg.o(.text), (144 bytes).
    Removing stm32f4xx_flash.o(.rev16_text), (4 bytes).
    Removing stm32f4xx_flash.o(.revsh_text), (4 bytes).
    Removing stm32f4xx_flash.o(.text), (1212 bytes).
    Removing stm32f4xx_dma.o(.rev16_text), (4 bytes).
    Removing stm32f4xx_dma.o(.revsh_text), (4 bytes).
    Removing fmul.o(.text), (100 bytes).
    Removing cfrcmple.o(.text), (20 bytes).
    Removing dfixul.o(.text), (48 bytes).

75 unused section(s) (total 4809 bytes) removed from the image.

==============================================================================

Image Symbol Table

    Local Symbols

    Symbol Name                              Value     Ov Type        Size  Object(Section)

    ../clib/microlib/division.c              0x00000000   Number         0  uldiv.o ABSOLUTE
    ../clib/microlib/division.c              0x00000000   Number         0  uidiv.o ABSOLUTE
    ../clib/microlib/init/entry.s            0x00000000   Number         0  entry.o ABSOLUTE
    ../clib/microlib/init/entry.s            0x00000000   Number         0  entry9a.o ABSOLUTE
    ../clib/microlib/init/entry.s            0x00000000   Number         0  entry8b.o ABSOLUTE
    ../clib/microlib/init/entry.s            0x00000000   Number         0  entry11b.o ABSOLUTE
    ../clib/microlib/init/entry.s            0x00000000   Number         0  entry8a.o ABSOLUTE
    ../clib/microlib/init/entry.s            0x00000000   Number         0  entry7b.o ABSOLUTE
    ../clib/microlib/init/entry.s            0x00000000   Number         0  entry11a.o ABSOLUTE
    ../clib/microlib/init/entry.s            0x00000000   Number         0  entry2.o ABSOLUTE
    ../clib/microlib/init/entry.s            0x00000000   Number         0  entry10b.o ABSOLUTE
    ../clib/microlib/init/entry.s            0x00000000   Number         0  entry7a.o ABSOLUTE
    ../clib/microlib/init/entry.s            0x00000000   Number         0  entry5.o ABSOLUTE
    ../clib/microlib/init/entry.s            0x00000000   Number         0  entry10a.o ABSOLUTE
    ../clib/microlib/init/entry.s            0x00000000   Number         0  entry9b.o ABSOLUTE
    ../clib/microlib/longlong.c              0x00000000   Number         0  llsshr.o ABSOLUTE
    ../clib/microlib/longlong.c              0x00000000   Number         0  llshl.o ABSOLUTE
    ../clib/microlib/longlong.c              0x00000000   Number         0  llushr.o ABSOLUTE
    ../clib/microlib/printf/printf.c         0x00000000   Number         0  printf6.o ABSOLUTE
    ../clib/microlib/printf/printf.c         0x00000000   Number         0  printf2.o ABSOLUTE
    ../clib/microlib/printf/printf.c         0x00000000   Number         0  printfb.o ABSOLUTE
    ../clib/microlib/printf/printf.c         0x00000000   Number         0  printf0.o ABSOLUTE
    ../clib/microlib/printf/printf.c         0x00000000   Number         0  printf1.o ABSOLUTE
    ../clib/microlib/printf/printf.c         0x00000000   Number         0  printf3.o ABSOLUTE
    ../clib/microlib/printf/printf.c         0x00000000   Number         0  printf4.o ABSOLUTE
    ../clib/microlib/printf/printf.c         0x00000000   Number         0  printfa.o ABSOLUTE
    ../clib/microlib/printf/printf.c         0x00000000   Number         0  printf5.o ABSOLUTE
    ../clib/microlib/printf/printf.c         0x00000000   Number         0  printf7.o ABSOLUTE
    ../clib/microlib/printf/printf.c         0x00000000   Number         0  printf8.o ABSOLUTE
    ../clib/microlib/stdio/streams.c         0x00000000   Number         0  stdout.o ABSOLUTE
    ../clib/microlib/stubs.s                 0x00000000   Number         0  iusefp.o ABSOLUTE
    ../fplib/microlib/d2f.c                  0x00000000   Number         0  d2f.o ABSOLUTE
    ../fplib/microlib/f2d.c                  0x00000000   Number         0  f2d.o ABSOLUTE
    ../fplib/microlib/fpadd.c                0x00000000   Number         0  dadd.o ABSOLUTE
    ../fplib/microlib/fpadd.c                0x00000000   Number         0  fadd.o ABSOLUTE
    ../fplib/microlib/fpdiv.c                0x00000000   Number         0  ddiv.o ABSOLUTE
    ../fplib/microlib/fpepilogue.c           0x00000000   Number         0  fepilogue.o ABSOLUTE
    ../fplib/microlib/fpepilogue.c           0x00000000   Number         0  depilogue.o ABSOLUTE
    ../fplib/microlib/fpfix.c                0x00000000   Number         0  ffixi.o ABSOLUTE
    ../fplib/microlib/fpfix.c                0x00000000   Number         0  dfixul.o ABSOLUTE
    ../fplib/microlib/fpflt.c                0x00000000   Number         0  fflti.o ABSOLUTE
    ../fplib/microlib/fpmul.c                0x00000000   Number         0  dmul.o ABSOLUTE
    ../fplib/microlib/fpmul.c                0x00000000   Number         0  fmul.o ABSOLUTE
    ..\BSP\bsp.c                             0x00000000   Number         0  bsp.o ABSOLUTE
    ..\BSP\can1.c                            0x00000000   Number         0  can1.o ABSOLUTE
    ..\BSP\can2.c                            0x00000000   Number         0  can2.o ABSOLUTE
    ..\BSP\delay.c                           0x00000000   Number         0  delay.o ABSOLUTE
    ..\BSP\laser.c                           0x00000000   Number         0  laser.o ABSOLUTE
    ..\BSP\led.c                             0x00000000   Number         0  led.o ABSOLUTE
    ..\BSP\pwm.c                             0x00000000   Number         0  pwm.o ABSOLUTE
    ..\BSP\tim6.c                            0x00000000   Number         0  tim6.o ABSOLUTE
    ..\BSP\usart1.c                          0x00000000   Number         0  usart1.o ABSOLUTE
    ..\BSP\usart2.c                          0x00000000   Number         0  usart2.o ABSOLUTE
    ..\Libraries\misc.c                      0x00000000   Number         0  misc.o ABSOLUTE
    ..\Libraries\startup_stm32f4xx.s         0x00000000   Number         0  startup_stm32f4xx.o ABSOLUTE
    ..\Libraries\stm32f4xx_can.c             0x00000000   Number         0  stm32f4xx_can.o ABSOLUTE
    ..\Libraries\stm32f4xx_dma.c             0x00000000   Number         0  stm32f4xx_dma.o ABSOLUTE
    ..\Libraries\stm32f4xx_exti.c            0x00000000   Number         0  stm32f4xx_exti.o ABSOLUTE
    ..\Libraries\stm32f4xx_flash.c           0x00000000   Number         0  stm32f4xx_flash.o ABSOLUTE
    ..\Libraries\stm32f4xx_gpio.c            0x00000000   Number         0  stm32f4xx_gpio.o ABSOLUTE
    ..\Libraries\stm32f4xx_i2c.c             0x00000000   Number         0  stm32f4xx_i2c.o ABSOLUTE
    ..\Libraries\stm32f4xx_rcc.c             0x00000000   Number         0  stm32f4xx_rcc.o ABSOLUTE
    ..\Libraries\stm32f4xx_syscfg.c          0x00000000   Number         0  stm32f4xx_syscfg.o ABSOLUTE
    ..\Libraries\stm32f4xx_tim.c             0x00000000   Number         0  stm32f4xx_tim.o ABSOLUTE
    ..\Libraries\stm32f4xx_usart.c           0x00000000   Number         0  stm32f4xx_usart.o ABSOLUTE
    ..\Libraries\stm32f4xx_wwdg.c            0x00000000   Number         0  stm32f4xx_wwdg.o ABSOLUTE
    ..\Libraries\system_stm32f4xx.c          0x00000000   Number         0  system_stm32f4xx.o ABSOLUTE
    ..\MPU6050\mpu6050_driver.c              0x00000000   Number         0  mpu6050_driver.o ABSOLUTE
    ..\MPU6050\mpu6050_i2c.c                 0x00000000   Number         0  mpu6050_i2c.o ABSOLUTE
    ..\MPU6050\mpu6050_interrupt.c           0x00000000   Number         0  mpu6050_interrupt.o ABSOLUTE
    ..\User\app.c                            0x00000000   Number         0  app.o ABSOLUTE
    ..\User\global_varialbe.c                0x00000000   Number         0  global_varialbe.o ABSOLUTE
    ..\User\main.c                           0x00000000   Number         0  main.o ABSOLUTE
    ..\User\stm32f4xx_it.c                   0x00000000   Number         0  stm32f4xx_it.o ABSOLUTE
    ..\\BSP\\bsp.c                           0x00000000   Number         0  bsp.o ABSOLUTE
    ..\\BSP\\can1.c                          0x00000000   Number         0  can1.o ABSOLUTE
    ..\\BSP\\can2.c                          0x00000000   Number         0  can2.o ABSOLUTE
    ..\\BSP\\delay.c                         0x00000000   Number         0  delay.o ABSOLUTE
    ..\\BSP\\laser.c                         0x00000000   Number         0  laser.o ABSOLUTE
    ..\\BSP\\led.c                           0x00000000   Number         0  led.o ABSOLUTE
    ..\\BSP\\pwm.c                           0x00000000   Number         0  pwm.o ABSOLUTE
    ..\\BSP\\tim6.c                          0x00000000   Number         0  tim6.o ABSOLUTE
    ..\\BSP\\usart1.c                        0x00000000   Number         0  usart1.o ABSOLUTE
    ..\\BSP\\usart2.c                        0x00000000   Number         0  usart2.o ABSOLUTE
    ..\\Libraries\\misc.c                    0x00000000   Number         0  misc.o ABSOLUTE
    ..\\Libraries\\stm32f4xx_can.c           0x00000000   Number         0  stm32f4xx_can.o ABSOLUTE
    ..\\Libraries\\stm32f4xx_dma.c           0x00000000   Number         0  stm32f4xx_dma.o ABSOLUTE
    ..\\Libraries\\stm32f4xx_exti.c          0x00000000   Number         0  stm32f4xx_exti.o ABSOLUTE
    ..\\Libraries\\stm32f4xx_flash.c         0x00000000   Number         0  stm32f4xx_flash.o ABSOLUTE
    ..\\Libraries\\stm32f4xx_gpio.c          0x00000000   Number         0  stm32f4xx_gpio.o ABSOLUTE
    ..\\Libraries\\stm32f4xx_i2c.c           0x00000000   Number         0  stm32f4xx_i2c.o ABSOLUTE
    ..\\Libraries\\stm32f4xx_rcc.c           0x00000000   Number         0  stm32f4xx_rcc.o ABSOLUTE
    ..\\Libraries\\stm32f4xx_syscfg.c        0x00000000   Number         0  stm32f4xx_syscfg.o ABSOLUTE
    ..\\Libraries\\stm32f4xx_tim.c           0x00000000   Number         0  stm32f4xx_tim.o ABSOLUTE
    ..\\Libraries\\stm32f4xx_usart.c         0x00000000   Number         0  stm32f4xx_usart.o ABSOLUTE
    ..\\Libraries\\stm32f4xx_wwdg.c          0x00000000   Number         0  stm32f4xx_wwdg.o ABSOLUTE
    ..\\Libraries\\system_stm32f4xx.c        0x00000000   Number         0  system_stm32f4xx.o ABSOLUTE
    ..\\MPU6050\\mpu6050_driver.c            0x00000000   Number         0  mpu6050_driver.o ABSOLUTE
    ..\\MPU6050\\mpu6050_i2c.c               0x00000000   Number         0  mpu6050_i2c.o ABSOLUTE
    ..\\MPU6050\\mpu6050_interrupt.c         0x00000000   Number         0  mpu6050_interrupt.o ABSOLUTE
    ..\\User\\app.c                          0x00000000   Number         0  app.o ABSOLUTE
    ..\\User\\global_varialbe.c              0x00000000   Number         0  global_varialbe.o ABSOLUTE
    ..\\User\\main.c                         0x00000000   Number         0  main.o ABSOLUTE
    ..\\User\\stm32f4xx_it.c                 0x00000000   Number         0  stm32f4xx_it.o ABSOLUTE
    cdcmple.s                                0x00000000   Number         0  cdcmple.o ABSOLUTE
    cdrcmple.s                               0x00000000   Number         0  cdrcmple.o ABSOLUTE
    cfrcmple.s                               0x00000000   Number         0  cfrcmple.o ABSOLUTE
    dc.s                                     0x00000000   Number         0  dc.o ABSOLUTE
    handlers.s                               0x00000000   Number         0  handlers.o ABSOLUTE
    init.s                                   0x00000000   Number         0  init.o ABSOLUTE
    RESET                                    0x08000000   Section      392  startup_stm32f4xx.o(RESET)
    .ARM.Collect$$$$00000000                 0x08000188   Section        0  entry.o(.ARM.Collect$$$$00000000)
    .ARM.Collect$$$$00000001                 0x08000188   Section        4  entry2.o(.ARM.Collect$$$$00000001)
    .ARM.Collect$$$$00000004                 0x0800018c   Section        4  entry5.o(.ARM.Collect$$$$00000004)
    .ARM.Collect$$$$00000008                 0x08000190   Section        0  entry7b.o(.ARM.Collect$$$$00000008)
    .ARM.Collect$$$$0000000A                 0x08000190   Section        0  entry8b.o(.ARM.Collect$$$$0000000A)
    .ARM.Collect$$$$0000000B                 0x08000190   Section        8  entry9a.o(.ARM.Collect$$$$0000000B)
    .ARM.Collect$$$$0000000D                 0x08000198   Section        0  entry10a.o(.ARM.Collect$$$$0000000D)
    .ARM.Collect$$$$0000000F                 0x08000198   Section        0  entry11a.o(.ARM.Collect$$$$0000000F)
    .ARM.Collect$$$$00002712                 0x08000198   Section        4  entry2.o(.ARM.Collect$$$$00002712)
    __lit__00000000                          0x08000198   Data           4  entry2.o(.ARM.Collect$$$$00002712)
    .text                                    0x0800019c   Section        0  stm32f4xx_it.o(.text)
    .text                                    0x080001bc   Section        0  main.o(.text)
    .text                                    0x08000230   Section        0  mpu6050_driver.o(.text)
    .text                                    0x0800064c   Section        0  mpu6050_i2c.o(.text)
    .text                                    0x080009e8   Section        0  mpu6050_interrupt.o(.text)
    .text                                    0x08000a84   Section        0  bsp.o(.text)
    .text                                    0x08000aa8   Section        0  can1.o(.text)
    .text                                    0x0800116c   Section        0  can2.o(.text)
    .text                                    0x08001624   Section        0  usart1.o(.text)
    RS232_VisualScope_CRC16                  0x08001709   Thumb Code    58  usart1.o(.text)
    .text                                    0x080017ac   Section        0  delay.o(.text)
    .text                                    0x080017e4   Section        0  led.o(.text)
    .text                                    0x08001824   Section        0  laser.o(.text)
    .text                                    0x0800196c   Section        0  usart2.o(.text)
    .text                                    0x08001a90   Section        0  pwm.o(.text)
    .text                                    0x08001b78   Section        0  misc.o(.text)
    .text                                    0x08001c58   Section        0  stm32f4xx_tim.o(.text)
    TI4_Config                               0x080023f7   Thumb Code    80  stm32f4xx_tim.o(.text)
    TI3_Config                               0x08002459   Thumb Code    72  stm32f4xx_tim.o(.text)
    TI2_Config                               0x080024bb   Thumb Code    90  stm32f4xx_tim.o(.text)
    TI1_Config                               0x08002527   Thumb Code    58  stm32f4xx_tim.o(.text)
    .text                                    0x080028fc   Section        0  stm32f4xx_rcc.o(.text)
    .text                                    0x08002e84   Section        0  stm32f4xx_can.o(.text)
    CheckITStatus                            0x08003687   Thumb Code    18  stm32f4xx_can.o(.text)
    .text                                    0x08003874   Section        0  stm32f4xx_exti.o(.text)
    .text                                    0x08003990   Section        0  stm32f4xx_gpio.o(.text)
    .text                                    0x08003bec   Section        0  stm32f4xx_usart.o(.text)
    .text                                    0x08004008   Section        0  stm32f4xx_syscfg.o(.text)
    .text                                    0x08004094   Section        0  system_stm32f4xx.o(.text)
    SetSysClock                              0x08004095   Thumb Code   220  system_stm32f4xx.o(.text)
    .text                                    0x08004294   Section       36  startup_stm32f4xx.o(.text)
    .text                                    0x080042b8   Section        0  stm32f4xx_dma.o(.text)
    .text                                    0x08004660   Section        0  fadd.o(.text)
    .text                                    0x08004710   Section        0  dadd.o(.text)
    .text                                    0x0800485e   Section        0  dmul.o(.text)
    .text                                    0x08004942   Section        0  ddiv.o(.text)
    .text                                    0x08004a20   Section        0  fflti.o(.text)
    .text                                    0x08004a32   Section        0  ffixi.o(.text)
    .text                                    0x08004a64   Section        0  f2d.o(.text)
    .text                                    0x08004a8c   Section       48  cdcmple.o(.text)
    .text                                    0x08004abc   Section       48  cdrcmple.o(.text)
    .text                                    0x08004aec   Section        0  d2f.o(.text)
    .text                                    0x08004b24   Section        0  llshl.o(.text)
    .text                                    0x08004b42   Section        0  llsshr.o(.text)
    .text                                    0x08004b66   Section        0  iusefp.o(.text)
    .text                                    0x08004b66   Section        0  fepilogue.o(.text)
    .text                                    0x08004bd4   Section        0  depilogue.o(.text)
    .text                                    0x08004c90   Section       36  init.o(.text)
    .text                                    0x08004cb4   Section        0  llushr.o(.text)
    i.__0printf$bare                         0x08004cd4   Section        0  printfb.o(i.__0printf$bare)
    i.__scatterload_copy                     0x08004ce4   Section       14  handlers.o(i.__scatterload_copy)
    i.__scatterload_null                     0x08004cf2   Section        2  handlers.o(i.__scatterload_null)
    i.__scatterload_zeroinit                 0x08004cf4   Section       14  handlers.o(i.__scatterload_zeroinit)
    i._printf_core                           0x08004d02   Section        0  printfb.o(i._printf_core)
    _printf_core                             0x08004d03   Thumb Code    34  printfb.o(i._printf_core)
    .data                                    0x20000000   Section       12  mpu6050_driver.o(.data)
    .data                                    0x2000000c   Section       22  can1.o(.data)
    Can1_CNT                                 0x2000000c   Data           2  can1.o(.data)
    current_201                              0x2000000e   Data           2  can1.o(.data)
    current_202                              0x20000010   Data           2  can1.o(.data)
    CurrCnt_201                              0x20000012   Data           2  can1.o(.data)
    CurrCnt_202                              0x20000014   Data           2  can1.o(.data)
    CurrInt_201                              0x20000018   Data           4  can1.o(.data)
    CurrInt_202                              0x2000001c   Data           4  can1.o(.data)
    .data                                    0x20000024   Section       52  can2.o(.data)
    .data                                    0x20000058   Section       16  stm32f4xx_rcc.o(.data)
    APBAHBPrescTable                         0x20000058   Data          16  stm32f4xx_rcc.o(.data)
    .data                                    0x20000068   Section       20  system_stm32f4xx.o(.data)
    .data                                    0x2000007c   Section        4  stdout.o(.data)
    .bss                                     0x20000080   Section       44  mpu6050_driver.o(.bss)
    .bss                                     0x200000ac   Section      400  can1.o(.bss)
    CurrTemp_201                             0x200000ac   Data         200  can1.o(.bss)
    CurrTemp_202                             0x20000174   Data         200  can1.o(.bss)
    .bss                                     0x2000023c   Section       12  usart2.o(.bss)
    STACK                                    0x20000248   Section     1024  startup_stm32f4xx.o(STACK)

    Global Symbols

    Symbol Name                              Value     Ov Type        Size  Object(Section)

    BuildAttributes$$THM_ISAv4$E$P$D$K$B$S$7EM$PE$A:L22UL41UL21$X:L11$S22US41US21$IEEE1$IW$USESV6$~STKCKD$USESV7$~SHL$OTIME$ROPI$EBA8$MICROLIB$REQ8$PRES8$EABIv2 0x00000000   Number         0  anon$$obj.o ABSOLUTE
    __ARM_use_no_argv                        0x00000000   Number         0  main.o ABSOLUTE
    __cpp_initialize__aeabi_                  - Undefined Weak Reference
    __cxa_finalize                            - Undefined Weak Reference
    __decompress                              - Undefined Weak Reference
    _clock_init                               - Undefined Weak Reference
    _microlib_exit                            - Undefined Weak Reference
    __Vectors_Size                           0x00000188   Number         0  startup_stm32f4xx.o ABSOLUTE
    __Vectors                                0x08000000   Data           4  startup_stm32f4xx.o(RESET)
    __Vectors_End                            0x08000188   Data           0  startup_stm32f4xx.o(RESET)
    __main                                   0x08000189   Thumb Code     0  entry.o(.ARM.Collect$$$$00000000)
    _main_stk                                0x08000189   Thumb Code     0  entry2.o(.ARM.Collect$$$$00000001)
    _main_scatterload                        0x0800018d   Thumb Code     0  entry5.o(.ARM.Collect$$$$00000004)
    __main_after_scatterload                 0x08000191   Thumb Code     0  entry5.o(.ARM.Collect$$$$00000004)
    _main_clock                              0x08000191   Thumb Code     0  entry7b.o(.ARM.Collect$$$$00000008)
    _main_cpp_init                           0x08000191   Thumb Code     0  entry8b.o(.ARM.Collect$$$$0000000A)
    _main_init                               0x08000191   Thumb Code     0  entry9a.o(.ARM.Collect$$$$0000000B)
    __rt_final_cpp                           0x08000199   Thumb Code     0  entry10a.o(.ARM.Collect$$$$0000000D)
    __rt_final_exit                          0x08000199   Thumb Code     0  entry11a.o(.ARM.Collect$$$$0000000F)
    SysTick_Handler                          0x0800019d   Thumb Code     2  stm32f4xx_it.o(.text)
    DMA1_Stream2_IRQHandler                  0x0800019f   Thumb Code     2  stm32f4xx_it.o(.text)
    DMA1_Stream4_IRQHandler                  0x080001a1   Thumb Code     2  stm32f4xx_it.o(.text)
    NMI_Handler                              0x080001a3   Thumb Code     2  stm32f4xx_it.o(.text)
    HardFault_Handler                        0x080001a5   Thumb Code     4  stm32f4xx_it.o(.text)
    MemManage_Handler                        0x080001a9   Thumb Code     4  stm32f4xx_it.o(.text)
    BusFault_Handler                         0x080001ad   Thumb Code     4  stm32f4xx_it.o(.text)
    UsageFault_Handler                       0x080001b1   Thumb Code     4  stm32f4xx_it.o(.text)
    SVC_Handler                              0x080001b5   Thumb Code     2  stm32f4xx_it.o(.text)
    DebugMon_Handler                         0x080001b7   Thumb Code     2  stm32f4xx_it.o(.text)
    PendSV_Handler                           0x080001b9   Thumb Code     2  stm32f4xx_it.o(.text)
    main                                     0x080001bd   Thumb Code   112  main.o(.text)
    MPU6050_Initialization                   0x08000231   Thumb Code   228  mpu6050_driver.o(.text)
    MPU6050_ReadData                         0x08000315   Thumb Code   458  mpu6050_driver.o(.text)
    MPU6050_Gyro_calibration                 0x080004df   Thumb Code   202  mpu6050_driver.o(.text)
    IIC_Delay                                0x0800064d   Thumb Code    26  mpu6050_i2c.o(.text)
    HEAT_Configuration                       0x08000667   Thumb Code    50  mpu6050_i2c.o(.text)
    IIC_GPIO_Init                            0x08000699   Thumb Code    40  mpu6050_i2c.o(.text)
    IIC_SDA_Out                              0x080006c1   Thumb Code    32  mpu6050_i2c.o(.text)
    IIC_SDA_In                               0x080006e1   Thumb Code    36  mpu6050_i2c.o(.text)
    IIC_Start                                0x08000705   Thumb Code    52  mpu6050_i2c.o(.text)
    IIC_Stop                                 0x08000739   Thumb Code    52  mpu6050_i2c.o(.text)
    IIC_Ack                                  0x0800076d   Thumb Code    58  mpu6050_i2c.o(.text)
    IIC_WaitAck                              0x080007a7   Thumb Code    86  mpu6050_i2c.o(.text)
    IIC_WriteBit                             0x080007fd   Thumb Code    86  mpu6050_i2c.o(.text)
    IIC_ReadBit                              0x08000853   Thumb Code    78  mpu6050_i2c.o(.text)
    IIC_WriteData                            0x080008a1   Thumb Code    92  mpu6050_i2c.o(.text)
    IIC_ReadData                             0x080008fd   Thumb Code   146  mpu6050_i2c.o(.text)
    MPU6050_Interrupt_Configuration          0x080009e9   Thumb Code   122  mpu6050_interrupt.o(.text)
    EXTI9_5_IRQHandler                       0x08000a63   Thumb Code    30  mpu6050_interrupt.o(.text)
    BSP_Init                                 0x08000a85   Thumb Code    36  bsp.o(.text)
    CAN1_Configuration                       0x08000aa9   Thumb Code   262  can1.o(.text)
    CurrentProtect                           0x08000baf   Thumb Code   232  can1.o(.text)
    CAN1_TX_IRQHandler                       0x08000c97   Thumb Code    28  can1.o(.text)
    CAN1_RX0_IRQHandler                      0x08000cb3   Thumb Code    46  can1.o(.text)
    Motor_Reset                              0x08000ce1   Thumb Code   148  can1.o(.text)
    Motor_Init                               0x08000d75   Thumb Code   228  can1.o(.text)
    Motor_PWM_Set                            0x08000e59   Thumb Code   214  can1.o(.text)
    Motor_Speed_Set                          0x08000f2f   Thumb Code   172  can1.o(.text)
    Motor_PWM_Location_Set                   0x08000fdb   Thumb Code   188  can1.o(.text)
    Motor_Speed_Location_Set                 0x08001097   Thumb Code   198  can1.o(.text)
    CAN2_Configuration                       0x0800116d   Thumb Code   238  can2.o(.text)
    GYRO_RST                                 0x0800125b   Thumb Code    86  can2.o(.text)
    Encoder_sent                             0x080012b1   Thumb Code   134  can2.o(.text)
    Radio_Sent                               0x08001337   Thumb Code    96  can2.o(.text)
    CAN2_RX0_IRQHandler                      0x08001397   Thumb Code   634  can2.o(.text)
    USART1_Configuration                     0x08001625   Thumb Code   168  usart1.o(.text)
    USART1_SendChar                          0x080016cd   Thumb Code    28  usart1.o(.text)
    fputc                                    0x080016e9   Thumb Code    32  usart1.o(.text)
    RS232_VisualScope                        0x08001743   Thumb Code    70  usart1.o(.text)
    USART1_IRQHandler                        0x08001789   Thumb Code    26  usart1.o(.text)
    delay_ms                                 0x080017ad   Thumb Code    28  delay.o(.text)
    delay_us                                 0x080017c9   Thumb Code    26  delay.o(.text)
    LED_Configuration                        0x080017e5   Thumb Code    58  led.o(.text)
    RELAY_Configuration                      0x08001825   Thumb Code    64  laser.o(.text)
    LASER_Configuration                      0x08001865   Thumb Code    50  laser.o(.text)
    PWM2_Configuration                       0x08001897   Thumb Code   202  laser.o(.text)
    USART2_Configuration                     0x0800196d   Thumb Code   264  usart2.o(.text)
    DMA2_Stream5_IRQHandler                  0x08001a75   Thumb Code     2  usart2.o(.text)
    PWM_Configuration                        0x08001a91   Thumb Code   222  pwm.o(.text)
    NVIC_PriorityGroupConfig                 0x08001b79   Thumb Code    10  misc.o(.text)
    NVIC_Init                                0x08001b83   Thumb Code   106  misc.o(.text)
    NVIC_SetVectorTable                      0x08001bed   Thumb Code    14  misc.o(.text)
    NVIC_SystemLPConfig                      0x08001bfb   Thumb Code    34  misc.o(.text)
    SysTick_CLKSourceConfig                  0x08001c1d   Thumb Code    40  misc.o(.text)
    TIM_DeInit                               0x08001c59   Thumb Code   346  stm32f4xx_tim.o(.text)
    TIM_TimeBaseInit                         0x08001db3   Thumb Code   104  stm32f4xx_tim.o(.text)
    TIM_TimeBaseStructInit                   0x08001e1b   Thumb Code    18  stm32f4xx_tim.o(.text)
    TIM_PrescalerConfig                      0x08001e2d   Thumb Code     6  stm32f4xx_tim.o(.text)
    TIM_CounterModeConfig                    0x08001e33   Thumb Code    18  stm32f4xx_tim.o(.text)
    TIM_SetCounter                           0x08001e45   Thumb Code     4  stm32f4xx_tim.o(.text)
    TIM_SetAutoreload                        0x08001e49   Thumb Code     4  stm32f4xx_tim.o(.text)
    TIM_GetCounter                           0x08001e4d   Thumb Code     6  stm32f4xx_tim.o(.text)
    TIM_GetPrescaler                         0x08001e53   Thumb Code     6  stm32f4xx_tim.o(.text)
    TIM_UpdateDisableConfig                  0x08001e59   Thumb Code    24  stm32f4xx_tim.o(.text)
    TIM_UpdateRequestConfig                  0x08001e71   Thumb Code    24  stm32f4xx_tim.o(.text)
    TIM_ARRPreloadConfig                     0x08001e89   Thumb Code    24  stm32f4xx_tim.o(.text)
    TIM_SelectOnePulseMode                   0x08001ea1   Thumb Code    18  stm32f4xx_tim.o(.text)
    TIM_SetClockDivision                     0x08001eb3   Thumb Code    18  stm32f4xx_tim.o(.text)
    TIM_Cmd                                  0x08001ec5   Thumb Code    24  stm32f4xx_tim.o(.text)
    TIM_OC1Init                              0x08001edd   Thumb Code   114  stm32f4xx_tim.o(.text)
    TIM_OC2Init                              0x08001f4f   Thumb Code   154  stm32f4xx_tim.o(.text)
    TIM_OC3Init                              0x08001fe9   Thumb Code   204  stm32f4xx_tim.o(.text)
    TIM_OC4Init                              0x080020b5   Thumb Code   112  stm32f4xx_tim.o(.text)
    TIM_OCStructInit                         0x08002125   Thumb Code    20  stm32f4xx_tim.o(.text)
    TIM_SelectOCxM                           0x08002139   Thumb Code    86  stm32f4xx_tim.o(.text)
    TIM_SetCompare1                          0x0800218f   Thumb Code     4  stm32f4xx_tim.o(.text)
    TIM_SetCompare2                          0x08002193   Thumb Code     4  stm32f4xx_tim.o(.text)
    TIM_SetCompare3                          0x08002197   Thumb Code     4  stm32f4xx_tim.o(.text)
    TIM_SetCompare4                          0x0800219b   Thumb Code     4  stm32f4xx_tim.o(.text)
    TIM_ForcedOC1Config                      0x0800219f   Thumb Code    18  stm32f4xx_tim.o(.text)
    TIM_ForcedOC2Config                      0x080021b1   Thumb Code    26  stm32f4xx_tim.o(.text)
    TIM_ForcedOC3Config                      0x080021cb   Thumb Code    18  stm32f4xx_tim.o(.text)
    TIM_ForcedOC4Config                      0x080021dd   Thumb Code    26  stm32f4xx_tim.o(.text)
    TIM_OC1PreloadConfig                     0x080021f7   Thumb Code    18  stm32f4xx_tim.o(.text)
    TIM_OC2PreloadConfig                     0x08002209   Thumb Code    26  stm32f4xx_tim.o(.text)
    TIM_OC3PreloadConfig                     0x08002223   Thumb Code    18  stm32f4xx_tim.o(.text)
    TIM_OC4PreloadConfig                     0x08002235   Thumb Code    26  stm32f4xx_tim.o(.text)
    TIM_OC1FastConfig                        0x0800224f   Thumb Code    18  stm32f4xx_tim.o(.text)
    TIM_OC2FastConfig                        0x08002261   Thumb Code    26  stm32f4xx_tim.o(.text)
    TIM_OC3FastConfig                        0x0800227b   Thumb Code    18  stm32f4xx_tim.o(.text)
    TIM_OC4FastConfig                        0x0800228d   Thumb Code    26  stm32f4xx_tim.o(.text)
    TIM_ClearOC1Ref                          0x080022a7   Thumb Code    18  stm32f4xx_tim.o(.text)
    TIM_ClearOC2Ref                          0x080022b9   Thumb Code    24  stm32f4xx_tim.o(.text)
    TIM_ClearOC3Ref                          0x080022d1   Thumb Code    18  stm32f4xx_tim.o(.text)
    TIM_ClearOC4Ref                          0x080022e3   Thumb Code    24  stm32f4xx_tim.o(.text)
    TIM_OC1PolarityConfig                    0x080022fb   Thumb Code    18  stm32f4xx_tim.o(.text)
    TIM_OC1NPolarityConfig                   0x0800230d   Thumb Code    18  stm32f4xx_tim.o(.text)
    TIM_OC2PolarityConfig                    0x0800231f   Thumb Code    26  stm32f4xx_tim.o(.text)
    TIM_OC2NPolarityConfig                   0x08002339   Thumb Code    26  stm32f4xx_tim.o(.text)
    TIM_OC3PolarityConfig                    0x08002353   Thumb Code    26  stm32f4xx_tim.o(.text)
    TIM_OC3NPolarityConfig                   0x0800236d   Thumb Code    26  stm32f4xx_tim.o(.text)
    TIM_OC4PolarityConfig                    0x08002387   Thumb Code    26  stm32f4xx_tim.o(.text)
    TIM_CCxCmd                               0x080023a1   Thumb Code    30  stm32f4xx_tim.o(.text)
    TIM_CCxNCmd                              0x080023bf   Thumb Code    30  stm32f4xx_tim.o(.text)
    TIM_SetIC4Prescaler                      0x080023dd   Thumb Code    26  stm32f4xx_tim.o(.text)
    TIM_SetIC3Prescaler                      0x08002447   Thumb Code    18  stm32f4xx_tim.o(.text)
    TIM_SetIC2Prescaler                      0x080024a1   Thumb Code    26  stm32f4xx_tim.o(.text)
    TIM_SetIC1Prescaler                      0x08002515   Thumb Code    18  stm32f4xx_tim.o(.text)
    TIM_ICInit                               0x08002561   Thumb Code   110  stm32f4xx_tim.o(.text)
    TIM_ICStructInit                         0x080025cf   Thumb Code    18  stm32f4xx_tim.o(.text)
    TIM_PWMIConfig                           0x080025e1   Thumb Code   124  stm32f4xx_tim.o(.text)
    TIM_GetCapture1                          0x0800265d   Thumb Code     6  stm32f4xx_tim.o(.text)
    TIM_GetCapture2                          0x08002663   Thumb Code     6  stm32f4xx_tim.o(.text)
    TIM_GetCapture3                          0x08002669   Thumb Code     6  stm32f4xx_tim.o(.text)
    TIM_GetCapture4                          0x0800266f   Thumb Code     6  stm32f4xx_tim.o(.text)
    TIM_BDTRConfig                           0x08002675   Thumb Code    32  stm32f4xx_tim.o(.text)
    TIM_BDTRStructInit                       0x08002695   Thumb Code    18  stm32f4xx_tim.o(.text)
    TIM_CtrlPWMOutputs                       0x080026a7   Thumb Code    30  stm32f4xx_tim.o(.text)
    TIM_SelectCOM                            0x080026c5   Thumb Code    24  stm32f4xx_tim.o(.text)
    TIM_CCPreloadControl                     0x080026dd   Thumb Code    24  stm32f4xx_tim.o(.text)
    TIM_ITConfig                             0x080026f5   Thumb Code    18  stm32f4xx_tim.o(.text)
    TIM_GenerateEvent                        0x08002707   Thumb Code     4  stm32f4xx_tim.o(.text)
    TIM_GetFlagStatus                        0x0800270b   Thumb Code    18  stm32f4xx_tim.o(.text)
    TIM_ClearFlag                            0x0800271d   Thumb Code     6  stm32f4xx_tim.o(.text)
    TIM_GetITStatus                          0x08002723   Thumb Code    34  stm32f4xx_tim.o(.text)
    TIM_ClearITPendingBit                    0x08002745   Thumb Code     6  stm32f4xx_tim.o(.text)
    TIM_DMAConfig                            0x0800274b   Thumb Code    10  stm32f4xx_tim.o(.text)
    TIM_DMACmd                               0x08002755   Thumb Code    18  stm32f4xx_tim.o(.text)
    TIM_SelectCCDMA                          0x08002767   Thumb Code    24  stm32f4xx_tim.o(.text)
    TIM_InternalClockConfig                  0x0800277f   Thumb Code    12  stm32f4xx_tim.o(.text)
    TIM_SelectInputTrigger                   0x0800278b   Thumb Code    18  stm32f4xx_tim.o(.text)
    TIM_ITRxExternalClockConfig              0x0800279d   Thumb Code    24  stm32f4xx_tim.o(.text)
    TIM_TIxExternalClockConfig               0x080027b5   Thumb Code    62  stm32f4xx_tim.o(.text)
    TIM_ETRConfig                            0x080027f3   Thumb Code    28  stm32f4xx_tim.o(.text)
    TIM_ETRClockMode1Config                  0x0800280f   Thumb Code    54  stm32f4xx_tim.o(.text)
    TIM_ETRClockMode2Config                  0x08002845   Thumb Code    32  stm32f4xx_tim.o(.text)
    TIM_SelectOutputTrigger                  0x08002865   Thumb Code    18  stm32f4xx_tim.o(.text)
    TIM_SelectSlaveMode                      0x08002877   Thumb Code    18  stm32f4xx_tim.o(.text)
    TIM_SelectMasterSlaveMode                0x08002889   Thumb Code    18  stm32f4xx_tim.o(.text)
    TIM_EncoderInterfaceConfig               0x0800289b   Thumb Code    66  stm32f4xx_tim.o(.text)
    TIM_SelectHallSensor                     0x080028dd   Thumb Code    24  stm32f4xx_tim.o(.text)
    TIM_RemapConfig                          0x080028f5   Thumb Code     6  stm32f4xx_tim.o(.text)
    RCC_DeInit                               0x080028fd   Thumb Code    60  stm32f4xx_rcc.o(.text)
    RCC_HSEConfig                            0x08002939   Thumb Code    14  stm32f4xx_rcc.o(.text)
    RCC_GetFlagStatus                        0x08002947   Thumb Code    60  stm32f4xx_rcc.o(.text)
    RCC_WaitForHSEStartUp                    0x08002983   Thumb Code    56  stm32f4xx_rcc.o(.text)
    RCC_AdjustHSICalibrationValue            0x080029bb   Thumb Code    20  stm32f4xx_rcc.o(.text)
    RCC_HSICmd                               0x080029cf   Thumb Code     6  stm32f4xx_rcc.o(.text)
    RCC_LSEConfig                            0x080029d5   Thumb Code    46  stm32f4xx_rcc.o(.text)
    RCC_LSICmd                               0x08002a03   Thumb Code     6  stm32f4xx_rcc.o(.text)
    RCC_PLLConfig                            0x08002a09   Thumb Code    32  stm32f4xx_rcc.o(.text)
    RCC_PLLCmd                               0x08002a29   Thumb Code     6  stm32f4xx_rcc.o(.text)
    RCC_PLLI2SConfig                         0x08002a2f   Thumb Code    14  stm32f4xx_rcc.o(.text)
    RCC_PLLI2SCmd                            0x08002a3d   Thumb Code     6  stm32f4xx_rcc.o(.text)
    RCC_ClockSecuritySystemCmd               0x08002a43   Thumb Code     6  stm32f4xx_rcc.o(.text)
    RCC_MCO1Config                           0x08002a49   Thumb Code    28  stm32f4xx_rcc.o(.text)
    RCC_MCO2Config                           0x08002a65   Thumb Code    28  stm32f4xx_rcc.o(.text)
    RCC_SYSCLKConfig                         0x08002a81   Thumb Code    20  stm32f4xx_rcc.o(.text)
    RCC_GetSYSCLKSource                      0x08002a95   Thumb Code    12  stm32f4xx_rcc.o(.text)
    RCC_HCLKConfig                           0x08002aa1   Thumb Code    20  stm32f4xx_rcc.o(.text)
    RCC_PCLK1Config                          0x08002ab5   Thumb Code    20  stm32f4xx_rcc.o(.text)
    RCC_PCLK2Config                          0x08002ac9   Thumb Code    22  stm32f4xx_rcc.o(.text)
    RCC_GetClocksFreq                        0x08002adf   Thumb Code   222  stm32f4xx_rcc.o(.text)
    RCC_RTCCLKConfig                         0x08002bbd   Thumb Code    54  stm32f4xx_rcc.o(.text)
    RCC_RTCCLKCmd                            0x08002bf3   Thumb Code     8  stm32f4xx_rcc.o(.text)
    RCC_BackupResetCmd                       0x08002bfb   Thumb Code     8  stm32f4xx_rcc.o(.text)
    RCC_I2SCLKConfig                         0x08002c03   Thumb Code     6  stm32f4xx_rcc.o(.text)
    RCC_AHB1PeriphClockCmd                   0x08002c09   Thumb Code    34  stm32f4xx_rcc.o(.text)
    RCC_AHB2PeriphClockCmd                   0x08002c2b   Thumb Code    34  stm32f4xx_rcc.o(.text)
    RCC_AHB3PeriphClockCmd                   0x08002c4d   Thumb Code    34  stm32f4xx_rcc.o(.text)
    RCC_APB1PeriphClockCmd                   0x08002c6f   Thumb Code    34  stm32f4xx_rcc.o(.text)
    RCC_APB2PeriphClockCmd                   0x08002c91   Thumb Code    34  stm32f4xx_rcc.o(.text)
    RCC_AHB1PeriphResetCmd                   0x08002cb3   Thumb Code    34  stm32f4xx_rcc.o(.text)
    RCC_AHB2PeriphResetCmd                   0x08002cd5   Thumb Code    72  stm32f4xx_rcc.o(.text)
    RCC_AHB3PeriphResetCmd                   0x08002d1d   Thumb Code    34  stm32f4xx_rcc.o(.text)
    RCC_APB1PeriphResetCmd                   0x08002d3f   Thumb Code    34  stm32f4xx_rcc.o(.text)
    RCC_APB2PeriphResetCmd                   0x08002d61   Thumb Code    34  stm32f4xx_rcc.o(.text)
    RCC_AHB1PeriphClockLPModeCmd             0x08002d83   Thumb Code    34  stm32f4xx_rcc.o(.text)
    RCC_AHB2PeriphClockLPModeCmd             0x08002da5   Thumb Code    34  stm32f4xx_rcc.o(.text)
    RCC_AHB3PeriphClockLPModeCmd             0x08002dc7   Thumb Code    34  stm32f4xx_rcc.o(.text)
    RCC_APB1PeriphClockLPModeCmd             0x08002de9   Thumb Code    34  stm32f4xx_rcc.o(.text)
    RCC_APB2PeriphClockLPModeCmd             0x08002e0b   Thumb Code    34  stm32f4xx_rcc.o(.text)
    RCC_ITConfig                             0x08002e2d   Thumb Code    34  stm32f4xx_rcc.o(.text)
    RCC_ClearFlag                            0x08002e4f   Thumb Code    18  stm32f4xx_rcc.o(.text)
    RCC_GetITStatus                          0x08002e61   Thumb Code    22  stm32f4xx_rcc.o(.text)
    RCC_ClearITPendingBit                    0x08002e77   Thumb Code     8  stm32f4xx_rcc.o(.text)
    CAN_DeInit                               0x08002e85   Thumb Code    50  stm32f4xx_can.o(.text)
    CAN_Init                                 0x08002eb7   Thumb Code   276  stm32f4xx_can.o(.text)
    CAN_FilterInit                           0x08002fcb   Thumb Code   258  stm32f4xx_can.o(.text)
    CAN_StructInit                           0x080030cd   Thumb Code    32  stm32f4xx_can.o(.text)
    CAN_SlaveStartBank                       0x080030ed   Thumb Code    48  stm32f4xx_can.o(.text)
    CAN_DBGFreeze                            0x0800311d   Thumb Code    22  stm32f4xx_can.o(.text)
    CAN_TTComModeCmd                         0x08003133   Thumb Code   118  stm32f4xx_can.o(.text)
    CAN_Transmit                             0x080031a9   Thumb Code   304  stm32f4xx_can.o(.text)
    CAN_TransmitStatus                       0x080032d9   Thumb Code   138  stm32f4xx_can.o(.text)
    CAN_CancelTransmit                       0x08003363   Thumb Code    48  stm32f4xx_can.o(.text)
    CAN_Receive                              0x08003393   Thumb Code   240  stm32f4xx_can.o(.text)
    CAN_FIFORelease                          0x08003483   Thumb Code    22  stm32f4xx_can.o(.text)
    CAN_MessagePending                       0x08003499   Thumb Code    30  stm32f4xx_can.o(.text)
    CAN_OperatingModeRequest                 0x080034b7   Thumb Code   162  stm32f4xx_can.o(.text)
    CAN_Sleep                                0x08003559   Thumb Code    30  stm32f4xx_can.o(.text)
    CAN_WakeUp                               0x08003577   Thumb Code    48  stm32f4xx_can.o(.text)
    CAN_GetLastErrorCode                     0x080035a7   Thumb Code    12  stm32f4xx_can.o(.text)
    CAN_GetReceiveErrorCounter               0x080035b3   Thumb Code    10  stm32f4xx_can.o(.text)
    CAN_GetLSBTransmitErrorCounter           0x080035bd   Thumb Code    12  stm32f4xx_can.o(.text)
    CAN_ITConfig                             0x080035c9   Thumb Code    18  stm32f4xx_can.o(.text)
    CAN_GetFlagStatus                        0x080035db   Thumb Code   120  stm32f4xx_can.o(.text)
    CAN_ClearFlag                            0x08003653   Thumb Code    52  stm32f4xx_can.o(.text)
    CAN_GetITStatus                          0x08003699   Thumb Code   310  stm32f4xx_can.o(.text)
    CAN_ClearITPendingBit                    0x080037cf   Thumb Code   162  stm32f4xx_can.o(.text)
    EXTI_DeInit                              0x08003875   Thumb Code    28  stm32f4xx_exti.o(.text)
    EXTI_Init                                0x08003891   Thumb Code   142  stm32f4xx_exti.o(.text)
    EXTI_StructInit                          0x0800391f   Thumb Code    16  stm32f4xx_exti.o(.text)
    EXTI_GenerateSWInterrupt                 0x0800392f   Thumb Code    16  stm32f4xx_exti.o(.text)
    EXTI_GetFlagStatus                       0x0800393f   Thumb Code    22  stm32f4xx_exti.o(.text)
    EXTI_ClearFlag                           0x08003955   Thumb Code     8  stm32f4xx_exti.o(.text)
    EXTI_GetITStatus                         0x0800395d   Thumb Code    34  stm32f4xx_exti.o(.text)
    EXTI_ClearITPendingBit                   0x0800397f   Thumb Code     8  stm32f4xx_exti.o(.text)
    GPIO_DeInit                              0x08003991   Thumb Code   220  stm32f4xx_gpio.o(.text)
    GPIO_Init                                0x08003a6d   Thumb Code   144  stm32f4xx_gpio.o(.text)
    GPIO_StructInit                          0x08003afd   Thumb Code    18  stm32f4xx_gpio.o(.text)
    GPIO_PinLockConfig                       0x08003b0f   Thumb Code    34  stm32f4xx_gpio.o(.text)
    GPIO_ReadInputDataBit                    0x08003b31   Thumb Code    18  stm32f4xx_gpio.o(.text)
    GPIO_ReadInputData                       0x08003b43   Thumb Code     8  stm32f4xx_gpio.o(.text)
    GPIO_ReadOutputDataBit                   0x08003b4b   Thumb Code    18  stm32f4xx_gpio.o(.text)
    GPIO_ReadOutputData                      0x08003b5d   Thumb Code     8  stm32f4xx_gpio.o(.text)
    GPIO_SetBits                             0x08003b65   Thumb Code     4  stm32f4xx_gpio.o(.text)
    GPIO_ResetBits                           0x08003b69   Thumb Code     4  stm32f4xx_gpio.o(.text)
    GPIO_WriteBit                            0x08003b6d   Thumb Code    10  stm32f4xx_gpio.o(.text)
    GPIO_Write                               0x08003b77   Thumb Code     4  stm32f4xx_gpio.o(.text)
    GPIO_ToggleBits                          0x08003b7b   Thumb Code     8  stm32f4xx_gpio.o(.text)
    GPIO_PinAFConfig                         0x08003b83   Thumb Code    70  stm32f4xx_gpio.o(.text)
    USART_DeInit                             0x08003bed   Thumb Code   156  stm32f4xx_usart.o(.text)
    USART_Init                               0x08003c89   Thumb Code   204  stm32f4xx_usart.o(.text)
    USART_StructInit                         0x08003d55   Thumb Code    24  stm32f4xx_usart.o(.text)
    USART_ClockInit                          0x08003d6d   Thumb Code    32  stm32f4xx_usart.o(.text)
    USART_ClockStructInit                    0x08003d8d   Thumb Code    12  stm32f4xx_usart.o(.text)
    USART_Cmd                                0x08003d99   Thumb Code    24  stm32f4xx_usart.o(.text)
    USART_SetPrescaler                       0x08003db1   Thumb Code    16  stm32f4xx_usart.o(.text)
    USART_OverSampling8Cmd                   0x08003dc1   Thumb Code    22  stm32f4xx_usart.o(.text)
    USART_OneBitMethodCmd                    0x08003dd7   Thumb Code    24  stm32f4xx_usart.o(.text)
    USART_SendData                           0x08003def   Thumb Code     8  stm32f4xx_usart.o(.text)
    USART_ReceiveData                        0x08003df7   Thumb Code    10  stm32f4xx_usart.o(.text)
    USART_SetAddress                         0x08003e01   Thumb Code    18  stm32f4xx_usart.o(.text)
    USART_ReceiverWakeUpCmd                  0x08003e13   Thumb Code    24  stm32f4xx_usart.o(.text)
    USART_WakeUpConfig                       0x08003e2b   Thumb Code    18  stm32f4xx_usart.o(.text)
    USART_LINBreakDetectLengthConfig         0x08003e3d   Thumb Code    18  stm32f4xx_usart.o(.text)
    USART_LINCmd                             0x08003e4f   Thumb Code    24  stm32f4xx_usart.o(.text)
    USART_SendBreak                          0x08003e67   Thumb Code    10  stm32f4xx_usart.o(.text)
    USART_HalfDuplexCmd                      0x08003e71   Thumb Code    24  stm32f4xx_usart.o(.text)
    USART_SetGuardTime                       0x08003e89   Thumb Code    16  stm32f4xx_usart.o(.text)
    USART_SmartCardCmd                       0x08003e99   Thumb Code    24  stm32f4xx_usart.o(.text)
    USART_SmartCardNACKCmd                   0x08003eb1   Thumb Code    24  stm32f4xx_usart.o(.text)
    USART_IrDAConfig                         0x08003ec9   Thumb Code    18  stm32f4xx_usart.o(.text)
    USART_IrDACmd                            0x08003edb   Thumb Code    24  stm32f4xx_usart.o(.text)
    USART_DMACmd                             0x08003ef3   Thumb Code    18  stm32f4xx_usart.o(.text)
    USART_ITConfig                           0x08003f05   Thumb Code    74  stm32f4xx_usart.o(.text)
    USART_GetFlagStatus                      0x08003f4f   Thumb Code    26  stm32f4xx_usart.o(.text)
    USART_ClearFlag                          0x08003f69   Thumb Code    18  stm32f4xx_usart.o(.text)
    USART_GetITStatus                        0x08003f7b   Thumb Code   110  stm32f4xx_usart.o(.text)
    USART_ClearITPendingBit                  0x08003fe9   Thumb Code    30  stm32f4xx_usart.o(.text)
    SYSCFG_DeInit                            0x08004009   Thumb Code    22  stm32f4xx_syscfg.o(.text)
    SYSCFG_MemoryRemapConfig                 0x0800401f   Thumb Code     6  stm32f4xx_syscfg.o(.text)
    SYSCFG_EXTILineConfig                    0x08004025   Thumb Code    66  stm32f4xx_syscfg.o(.text)
    SYSCFG_ETH_MediaInterfaceConfig          0x08004067   Thumb Code     6  stm32f4xx_syscfg.o(.text)
    SYSCFG_CompensationCellCmd               0x0800406d   Thumb Code     6  stm32f4xx_syscfg.o(.text)
    SYSCFG_GetCompensationCellStatus         0x08004073   Thumb Code    22  stm32f4xx_syscfg.o(.text)
    SystemInit                               0x08004171   Thumb Code    74  system_stm32f4xx.o(.text)
    SystemCoreClockUpdate                    0x080041bb   Thumb Code   174  system_stm32f4xx.o(.text)
    Reset_Handler                            0x08004295   Thumb Code     8  startup_stm32f4xx.o(.text)
    ADC_IRQHandler                           0x080042af   Thumb Code     0  startup_stm32f4xx.o(.text)
    CAN1_RX1_IRQHandler                      0x080042af   Thumb Code     0  startup_stm32f4xx.o(.text)
    CAN1_SCE_IRQHandler                      0x080042af   Thumb Code     0  startup_stm32f4xx.o(.text)
    CAN2_RX1_IRQHandler                      0x080042af   Thumb Code     0  startup_stm32f4xx.o(.text)
    CAN2_SCE_IRQHandler                      0x080042af   Thumb Code     0  startup_stm32f4xx.o(.text)
    CAN2_TX_IRQHandler                       0x080042af   Thumb Code     0  startup_stm32f4xx.o(.text)
    CRYP_IRQHandler                          0x080042af   Thumb Code     0  startup_stm32f4xx.o(.text)
    DCMI_IRQHandler                          0x080042af   Thumb Code     0  startup_stm32f4xx.o(.text)
    DMA1_Stream0_IRQHandler                  0x080042af   Thumb Code     0  startup_stm32f4xx.o(.text)
    DMA1_Stream1_IRQHandler                  0x080042af   Thumb Code     0  startup_stm32f4xx.o(.text)
    DMA1_Stream3_IRQHandler                  0x080042af   Thumb Code     0  startup_stm32f4xx.o(.text)
    DMA1_Stream5_IRQHandler                  0x080042af   Thumb Code     0  startup_stm32f4xx.o(.text)
    DMA1_Stream6_IRQHandler                  0x080042af   Thumb Code     0  startup_stm32f4xx.o(.text)
    DMA1_Stream7_IRQHandler                  0x080042af   Thumb Code     0  startup_stm32f4xx.o(.text)
    DMA2_Stream0_IRQHandler                  0x080042af   Thumb Code     0  startup_stm32f4xx.o(.text)
    DMA2_Stream1_IRQHandler                  0x080042af   Thumb Code     0  startup_stm32f4xx.o(.text)
    DMA2_Stream2_IRQHandler                  0x080042af   Thumb Code     0  startup_stm32f4xx.o(.text)
    DMA2_Stream3_IRQHandler                  0x080042af   Thumb Code     0  startup_stm32f4xx.o(.text)
    DMA2_Stream4_IRQHandler                  0x080042af   Thumb Code     0  startup_stm32f4xx.o(.text)
    DMA2_Stream6_IRQHandler                  0x080042af   Thumb Code     0  startup_stm32f4xx.o(.text)
    DMA2_Stream7_IRQHandler                  0x080042af   Thumb Code     0  startup_stm32f4xx.o(.text)
    ETH_IRQHandler                           0x080042af   Thumb Code     0  startup_stm32f4xx.o(.text)
    ETH_WKUP_IRQHandler                      0x080042af   Thumb Code     0  startup_stm32f4xx.o(.text)
    EXTI0_IRQHandler                         0x080042af   Thumb Code     0  startup_stm32f4xx.o(.text)
    EXTI15_10_IRQHandler                     0x080042af   Thumb Code     0  startup_stm32f4xx.o(.text)
    EXTI1_IRQHandler                         0x080042af   Thumb Code     0  startup_stm32f4xx.o(.text)
    EXTI2_IRQHandler                         0x080042af   Thumb Code     0  startup_stm32f4xx.o(.text)
    EXTI3_IRQHandler                         0x080042af   Thumb Code     0  startup_stm32f4xx.o(.text)
    EXTI4_IRQHandler                         0x080042af   Thumb Code     0  startup_stm32f4xx.o(.text)
    FLASH_IRQHandler                         0x080042af   Thumb Code     0  startup_stm32f4xx.o(.text)
    FPU_IRQHandler                           0x080042af   Thumb Code     0  startup_stm32f4xx.o(.text)
    FSMC_IRQHandler                          0x080042af   Thumb Code     0  startup_stm32f4xx.o(.text)
    HASH_RNG_IRQHandler                      0x080042af   Thumb Code     0  startup_stm32f4xx.o(.text)
    I2C1_ER_IRQHandler                       0x080042af   Thumb Code     0  startup_stm32f4xx.o(.text)
    I2C1_EV_IRQHandler                       0x080042af   Thumb Code     0  startup_stm32f4xx.o(.text)
    I2C2_ER_IRQHandler                       0x080042af   Thumb Code     0  startup_stm32f4xx.o(.text)
    I2C2_EV_IRQHandler                       0x080042af   Thumb Code     0  startup_stm32f4xx.o(.text)
    I2C3_ER_IRQHandler                       0x080042af   Thumb Code     0  startup_stm32f4xx.o(.text)
    I2C3_EV_IRQHandler                       0x080042af   Thumb Code     0  startup_stm32f4xx.o(.text)
    OTG_FS_IRQHandler                        0x080042af   Thumb Code     0  startup_stm32f4xx.o(.text)
    OTG_FS_WKUP_IRQHandler                   0x080042af   Thumb Code     0  startup_stm32f4xx.o(.text)
    OTG_HS_EP1_IN_IRQHandler                 0x080042af   Thumb Code     0  startup_stm32f4xx.o(.text)
    OTG_HS_EP1_OUT_IRQHandler                0x080042af   Thumb Code     0  startup_stm32f4xx.o(.text)
    OTG_HS_IRQHandler                        0x080042af   Thumb Code     0  startup_stm32f4xx.o(.text)
    OTG_HS_WKUP_IRQHandler                   0x080042af   Thumb Code     0  startup_stm32f4xx.o(.text)
    PVD_IRQHandler                           0x080042af   Thumb Code     0  startup_stm32f4xx.o(.text)
    RCC_IRQHandler                           0x080042af   Thumb Code     0  startup_stm32f4xx.o(.text)
    RTC_Alarm_IRQHandler                     0x080042af   Thumb Code     0  startup_stm32f4xx.o(.text)
    RTC_WKUP_IRQHandler                      0x080042af   Thumb Code     0  startup_stm32f4xx.o(.text)
    SDIO_IRQHandler                          0x080042af   Thumb Code     0  startup_stm32f4xx.o(.text)
    SPI1_IRQHandler                          0x080042af   Thumb Code     0  startup_stm32f4xx.o(.text)
    SPI2_IRQHandler                          0x080042af   Thumb Code     0  startup_stm32f4xx.o(.text)
    SPI3_IRQHandler                          0x080042af   Thumb Code     0  startup_stm32f4xx.o(.text)
    TAMP_STAMP_IRQHandler                    0x080042af   Thumb Code     0  startup_stm32f4xx.o(.text)
    TIM1_BRK_TIM9_IRQHandler                 0x080042af   Thumb Code     0  startup_stm32f4xx.o(.text)
    TIM1_CC_IRQHandler                       0x080042af   Thumb Code     0  startup_stm32f4xx.o(.text)
    TIM1_TRG_COM_TIM11_IRQHandler            0x080042af   Thumb Code     0  startup_stm32f4xx.o(.text)
    TIM1_UP_TIM10_IRQHandler                 0x080042af   Thumb Code     0  startup_stm32f4xx.o(.text)
    TIM2_IRQHandler                          0x080042af   Thumb Code     0  startup_stm32f4xx.o(.text)
    TIM3_IRQHandler                          0x080042af   Thumb Code     0  startup_stm32f4xx.o(.text)
    TIM4_IRQHandler                          0x080042af   Thumb Code     0  startup_stm32f4xx.o(.text)
    TIM5_IRQHandler                          0x080042af   Thumb Code     0  startup_stm32f4xx.o(.text)
    TIM6_DAC_IRQHandler                      0x080042af   Thumb Code     0  startup_stm32f4xx.o(.text)
    TIM7_IRQHandler                          0x080042af   Thumb Code     0  startup_stm32f4xx.o(.text)
    TIM8_BRK_TIM12_IRQHandler                0x080042af   Thumb Code     0  startup_stm32f4xx.o(.text)
    TIM8_CC_IRQHandler                       0x080042af   Thumb Code     0  startup_stm32f4xx.o(.text)
    TIM8_TRG_COM_TIM14_IRQHandler            0x080042af   Thumb Code     0  startup_stm32f4xx.o(.text)
    TIM8_UP_TIM13_IRQHandler                 0x080042af   Thumb Code     0  startup_stm32f4xx.o(.text)
    UART4_IRQHandler                         0x080042af   Thumb Code     0  startup_stm32f4xx.o(.text)
    UART5_IRQHandler                         0x080042af   Thumb Code     0  startup_stm32f4xx.o(.text)
    USART2_IRQHandler                        0x080042af   Thumb Code     0  startup_stm32f4xx.o(.text)
    USART3_IRQHandler                        0x080042af   Thumb Code     0  startup_stm32f4xx.o(.text)
    USART6_IRQHandler                        0x080042af   Thumb Code     0  startup_stm32f4xx.o(.text)
    WWDG_IRQHandler                          0x080042af   Thumb Code     0  startup_stm32f4xx.o(.text)
    DMA_DeInit                               0x080042b9   Thumb Code   324  stm32f4xx_dma.o(.text)
    DMA_Init                                 0x080043fd   Thumb Code    82  stm32f4xx_dma.o(.text)
    DMA_StructInit                           0x0800444f   Thumb Code    34  stm32f4xx_dma.o(.text)
    DMA_Cmd                                  0x08004471   Thumb Code    22  stm32f4xx_dma.o(.text)
    DMA_PeriphIncOffsetSizeConfig            0x08004487   Thumb Code    22  stm32f4xx_dma.o(.text)
    DMA_FlowControllerConfig                 0x0800449d   Thumb Code    22  stm32f4xx_dma.o(.text)
    DMA_SetCurrDataCounter                   0x080044b3   Thumb Code     4  stm32f4xx_dma.o(.text)
    DMA_GetCurrDataCounter                   0x080044b7   Thumb Code     8  stm32f4xx_dma.o(.text)
    DMA_DoubleBufferModeConfig               0x080044bf   Thumb Code    24  stm32f4xx_dma.o(.text)
    DMA_DoubleBufferModeCmd                  0x080044d7   Thumb Code    22  stm32f4xx_dma.o(.text)
    DMA_MemoryTargetConfig                   0x080044ed   Thumb Code    10  stm32f4xx_dma.o(.text)
    DMA_GetCurrentMemoryTarget               0x080044f7   Thumb Code    20  stm32f4xx_dma.o(.text)
    DMA_GetCmdStatus                         0x0800450b   Thumb Code    20  stm32f4xx_dma.o(.text)
    DMA_GetFIFOStatus                        0x0800451f   Thumb Code    12  stm32f4xx_dma.o(.text)
    DMA_GetFlagStatus                        0x0800452b   Thumb Code    56  stm32f4xx_dma.o(.text)
    DMA_ClearFlag                            0x08004563   Thumb Code    40  stm32f4xx_dma.o(.text)
    DMA_ITConfig                             0x0800458b   Thumb Code    58  stm32f4xx_dma.o(.text)
    DMA_GetITStatus                          0x080045c5   Thumb Code    84  stm32f4xx_dma.o(.text)
    DMA_ClearITPendingBit                    0x08004619   Thumb Code    40  stm32f4xx_dma.o(.text)
    __aeabi_fadd                             0x08004661   Thumb Code   164  fadd.o(.text)
    __aeabi_fsub                             0x08004705   Thumb Code     6  fadd.o(.text)
    __aeabi_frsub                            0x0800470b   Thumb Code     6  fadd.o(.text)
    __aeabi_dadd                             0x08004711   Thumb Code   322  dadd.o(.text)
    __aeabi_dsub                             0x08004853   Thumb Code     6  dadd.o(.text)
    __aeabi_drsub                            0x08004859   Thumb Code     6  dadd.o(.text)
    __aeabi_dmul                             0x0800485f   Thumb Code   228  dmul.o(.text)
    __aeabi_ddiv                             0x08004943   Thumb Code   222  ddiv.o(.text)
    __aeabi_i2f                              0x08004a21   Thumb Code    18  fflti.o(.text)
    __aeabi_f2iz                             0x08004a33   Thumb Code    50  ffixi.o(.text)
    __aeabi_f2d                              0x08004a65   Thumb Code    38  f2d.o(.text)
    __aeabi_cdcmpeq                          0x08004a8d   Thumb Code     0  cdcmple.o(.text)
    __aeabi_cdcmple                          0x08004a8d   Thumb Code    48  cdcmple.o(.text)
    __aeabi_cdrcmple                         0x08004abd   Thumb Code    48  cdrcmple.o(.text)
    __aeabi_d2f                              0x08004aed   Thumb Code    56  d2f.o(.text)
    __aeabi_llsl                             0x08004b25   Thumb Code    30  llshl.o(.text)
    _ll_shift_l                              0x08004b25   Thumb Code     0  llshl.o(.text)
    __aeabi_lasr                             0x08004b43   Thumb Code    36  llsshr.o(.text)
    _ll_sshift_r                             0x08004b43   Thumb Code     0  llsshr.o(.text)
    __I$use$fp                               0x08004b67   Thumb Code     0  iusefp.o(.text)
    _float_round                             0x08004b67   Thumb Code    18  fepilogue.o(.text)
    _float_epilogue                          0x08004b79   Thumb Code    92  fepilogue.o(.text)
    _double_round                            0x08004bd5   Thumb Code    30  depilogue.o(.text)
    _double_epilogue                         0x08004bf3   Thumb Code   156  depilogue.o(.text)
    __scatterload                            0x08004c91   Thumb Code    28  init.o(.text)
    __scatterload_rt2                        0x08004c91   Thumb Code     0  init.o(.text)
    __aeabi_llsr                             0x08004cb5   Thumb Code    32  llushr.o(.text)
    _ll_ushift_r                             0x08004cb5   Thumb Code     0  llushr.o(.text)
    __0printf$bare                           0x08004cd5   Thumb Code     8  printfb.o(i.__0printf$bare)
    __1printf$bare                           0x08004cd5   Thumb Code     0  printfb.o(i.__0printf$bare)
    __2printf                                0x08004cd5   Thumb Code     0  printfb.o(i.__0printf$bare)
    __scatterload_copy                       0x08004ce5   Thumb Code    14  handlers.o(i.__scatterload_copy)
    __scatterload_null                       0x08004cf3   Thumb Code     2  handlers.o(i.__scatterload_null)
    __scatterload_zeroinit                   0x08004cf5   Thumb Code    14  handlers.o(i.__scatterload_zeroinit)
    Region$$Table$$Base                      0x08004d24   Number         0  anon$$obj.o(Region$$Table)
    Region$$Table$$Limit                     0x08004d44   Number         0  anon$$obj.o(Region$$Table)
    gyroADC_X_offset                         0x20000000   Data           4  mpu6050_driver.o(.data)
    gyroADC_Y_offset                         0x20000004   Data           4  mpu6050_driver.o(.data)
    gyroADC_Z_offset                         0x20000008   Data           4  mpu6050_driver.o(.data)
    OverCurr_flag                            0x20000020   Data           1  can1.o(.data)
    can_tx_success_flag                      0x20000021   Data           1  can1.o(.data)
    gyro_ok_flag                             0x20000024   Data           1  can2.o(.data)
    YAW_Angle                                0x20000028   Data           4  can2.o(.data)
    this_yaw_angle                           0x2000002c   Data           4  can2.o(.data)
    last_yaw_angle                           0x20000030   Data           4  can2.o(.data)
    turn_cnt                                 0x20000034   Data           4  can2.o(.data)
    dipan_gyro_angle                         0x20000038   Data           4  can2.o(.data)
    temp_dipan_gyro                          0x2000003c   Data           4  can2.o(.data)
    temp_yaw_angle                           0x20000040   Data           4  can2.o(.data)
    temp_pitch                               0x20000044   Data           4  can2.o(.data)
    temp_yaw                                 0x20000048   Data           4  can2.o(.data)
    shooting_flag                            0x2000004c   Data           1  can2.o(.data)
    mode_flag                                0x2000004d   Data           1  can2.o(.data)
    ShootFlag                                0x2000004e   Data           1  can2.o(.data)
    target_pitch_angle                       0x20000050   Data           4  can2.o(.data)
    target_yaw_angle                         0x20000054   Data           4  can2.o(.data)
    SystemCoreClock                          0x20000068   Data           4  system_stm32f4xx.o(.data)
    AHBPrescTable                            0x2000006c   Data          16  system_stm32f4xx.o(.data)
    __stdout                                 0x2000007c   Data           4  stdout.o(.data)
    MPU6050_Raw_Data                         0x20000080   Data          14  mpu6050_driver.o(.bss)
    MPU6050_Real_Data                        0x20000090   Data          28  mpu6050_driver.o(.bss)
    Camera_Data                              0x2000023c   Data          12  usart2.o(.bss)
    __initial_sp                             0x20000648   Data           0  startup_stm32f4xx.o(STACK)



==============================================================================

Memory Map of the image

  Image Entry point : 0x08000189

  Load Region LR_IROM1 (Base: 0x08000000, Size: 0x00004dc4, Max: 0x00100000, ABSOLUTE)

    Execution Region ER_IROM1 (Base: 0x08000000, Size: 0x00004d44, Max: 0x00100000, ABSOLUTE)

    Base Addr    Size         Type   Attr      Idx    E Section Name        Object

    0x08000000   0x00000188   Data   RO          700    RESET               startup_stm32f4xx.o
    0x08000188   0x00000000   Code   RO          788  * .ARM.Collect$$$$00000000  mc_w.l(entry.o)
    0x08000188   0x00000004   Code   RO         1075    .ARM.Collect$$$$00000001  mc_w.l(entry2.o)
    0x0800018c   0x00000004   Code   RO         1078    .ARM.Collect$$$$00000004  mc_w.l(entry5.o)
    0x08000190   0x00000000   Code   RO         1080    .ARM.Collect$$$$00000008  mc_w.l(entry7b.o)
    0x08000190   0x00000000   Code   RO         1082    .ARM.Collect$$$$0000000A  mc_w.l(entry8b.o)
    0x08000190   0x00000008   Code   RO         1083    .ARM.Collect$$$$0000000B  mc_w.l(entry9a.o)
    0x08000198   0x00000000   Code   RO         1085    .ARM.Collect$$$$0000000D  mc_w.l(entry10a.o)
    0x08000198   0x00000000   Code   RO         1087    .ARM.Collect$$$$0000000F  mc_w.l(entry11a.o)
    0x08000198   0x00000004   Code   RO         1076    .ARM.Collect$$$$00002712  mc_w.l(entry2.o)
    0x0800019c   0x0000001e   Code   RO            3    .text               stm32f4xx_it.o
    0x080001ba   0x00000002   PAD
    0x080001bc   0x00000074   Code   RO          198    .text               main.o
    0x08000230   0x0000041c   Code   RO          222    .text               mpu6050_driver.o
    0x0800064c   0x0000039c   Code   RO          249    .text               mpu6050_i2c.o
    0x080009e8   0x0000009c   Code   RO          269    .text               mpu6050_interrupt.o
    0x08000a84   0x00000024   Code   RO          289    .text               bsp.o
    0x08000aa8   0x000006c4   Code   RO          313    .text               can1.o
    0x0800116c   0x000004b8   Code   RO          340    .text               can2.o
    0x08001624   0x00000188   Code   RO          366    .text               usart1.o
    0x080017ac   0x00000036   Code   RO          386    .text               delay.o
    0x080017e2   0x00000002   PAD
    0x080017e4   0x00000040   Code   RO          429    .text               led.o
    0x08001824   0x00000148   Code   RO          449    .text               laser.o
    0x0800196c   0x00000124   Code   RO          469    .text               usart2.o
    0x08001a90   0x000000e8   Code   RO          492    .text               pwm.o
    0x08001b78   0x000000e0   Code   RO          512    .text               misc.o
    0x08001c58   0x00000ca2   Code   RO          532    .text               stm32f4xx_tim.o
    0x080028fa   0x00000002   PAD
    0x080028fc   0x00000588   Code   RO          552    .text               stm32f4xx_rcc.o
    0x08002e84   0x000009f0   Code   RO          574    .text               stm32f4xx_can.o
    0x08003874   0x0000011c   Code   RO          594    .text               stm32f4xx_exti.o
    0x08003990   0x0000025c   Code   RO          614    .text               stm32f4xx_gpio.o
    0x08003bec   0x0000041a   Code   RO          634    .text               stm32f4xx_usart.o
    0x08004006   0x00000002   PAD
    0x08004008   0x0000008c   Code   RO          654    .text               stm32f4xx_syscfg.o
    0x08004094   0x00000200   Code   RO          674    .text               system_stm32f4xx.o
    0x08004294   0x00000024   Code   RO          701    .text               startup_stm32f4xx.o
    0x080042b8   0x000003a8   Code   RO          770    .text               stm32f4xx_dma.o
    0x08004660   0x000000b0   Code   RO         1051    .text               mf_w.l(fadd.o)
    0x08004710   0x0000014e   Code   RO         1055    .text               mf_w.l(dadd.o)
    0x0800485e   0x000000e4   Code   RO         1057    .text               mf_w.l(dmul.o)
    0x08004942   0x000000de   Code   RO         1059    .text               mf_w.l(ddiv.o)
    0x08004a20   0x00000012   Code   RO         1061    .text               mf_w.l(fflti.o)
    0x08004a32   0x00000032   Code   RO         1063    .text               mf_w.l(ffixi.o)
    0x08004a64   0x00000026   Code   RO         1065    .text               mf_w.l(f2d.o)
    0x08004a8a   0x00000002   PAD
    0x08004a8c   0x00000030   Code   RO         1067    .text               mf_w.l(cdcmple.o)
    0x08004abc   0x00000030   Code   RO         1069    .text               mf_w.l(cdrcmple.o)
    0x08004aec   0x00000038   Code   RO         1071    .text               mf_w.l(d2f.o)
    0x08004b24   0x0000001e   Code   RO         1094    .text               mc_w.l(llshl.o)
    0x08004b42   0x00000024   Code   RO         1096    .text               mc_w.l(llsshr.o)
    0x08004b66   0x00000000   Code   RO         1098    .text               mc_w.l(iusefp.o)
    0x08004b66   0x0000006e   Code   RO         1099    .text               mf_w.l(fepilogue.o)
    0x08004bd4   0x000000ba   Code   RO         1101    .text               mf_w.l(depilogue.o)
    0x08004c8e   0x00000002   PAD
    0x08004c90   0x00000024   Code   RO         1105    .text               mc_w.l(init.o)
    0x08004cb4   0x00000020   Code   RO         1107    .text               mc_w.l(llushr.o)
    0x08004cd4   0x00000010   Code   RO          792    i.__0printf$bare    mc_w.l(printfb.o)
    0x08004ce4   0x0000000e   Code   RO         1111    i.__scatterload_copy  mc_w.l(handlers.o)
    0x08004cf2   0x00000002   Code   RO         1112    i.__scatterload_null  mc_w.l(handlers.o)
    0x08004cf4   0x0000000e   Code   RO         1113    i.__scatterload_zeroinit  mc_w.l(handlers.o)
    0x08004d02   0x00000022   Code   RO          799    i._printf_core      mc_w.l(printfb.o)
    0x08004d24   0x00000020   Data   RO         1109    Region$$Table       anon$$obj.o


    Execution Region RW_IRAM1 (Base: 0x20000000, Size: 0x00000648, Max: 0x00020000, ABSOLUTE)

    Base Addr    Size         Type   Attr      Idx    E Section Name        Object

    0x20000000   0x0000000c   Data   RW          224    .data               mpu6050_driver.o
    0x2000000c   0x00000016   Data   RW          315    .data               can1.o
    0x20000022   0x00000002   PAD
    0x20000024   0x00000034   Data   RW          341    .data               can2.o
    0x20000058   0x00000010   Data   RW          553    .data               stm32f4xx_rcc.o
    0x20000068   0x00000014   Data   RW          675    .data               system_stm32f4xx.o
    0x2000007c   0x00000004   Data   RW         1089    .data               mc_w.l(stdout.o)
    0x20000080   0x0000002c   Zero   RW          223    .bss                mpu6050_driver.o
    0x200000ac   0x00000190   Zero   RW          314    .bss                can1.o
    0x2000023c   0x0000000c   Zero   RW          470    .bss                usart2.o
    0x20000248   0x00000400   Zero   RW          698    STACK               startup_stm32f4xx.o


==============================================================================

Image component sizes


      Code (inc. data)   RO Data    RW Data    ZI Data      Debug   Object Name

        36          0          0          0          0        459   bsp.o
      1732        128          0         22        400       5312   can1.o
      1208        100          0         52          0       2996   can2.o
        54          0          0          0          0        776   delay.o
       328         12          0          0          0        989   laser.o
        64          6          0          0          0        496   led.o
       116          4          0          0          0        575   main.o
       224         20          0          0          0       1793   misc.o
      1052        164          0         12         44       2443   mpu6050_driver.o
       924         90          0          0          0       3855   mpu6050_i2c.o
       156          4          0          0          0        817   mpu6050_interrupt.o
       232         10          0          0          0        644   pwm.o
        36          8        392          0       1024        816   startup_stm32f4xx.o
      2544         38          0          0          0       7976   stm32f4xx_can.o
       936         32          0          0          0       6325   stm32f4xx_dma.o
       284         10          0          0          0       2251   stm32f4xx_exti.o
       604         36          0          0          0       3961   stm32f4xx_gpio.o
        30          0          0          0          0     284342   stm32f4xx_it.o
      1416         48          0         16          0      10959   stm32f4xx_rcc.o
       140         12          0          0          0       1519   stm32f4xx_syscfg.o
      3234         60          0          0          0      22844   stm32f4xx_tim.o
      1050         26          0          0          0       7688   stm32f4xx_usart.o
       512         44          0         20          0       1807   system_stm32f4xx.o
       392         10          0          0          0       2213   usart1.o
       292         26          0          0         12       1457   usart2.o

    ----------------------------------------------------------------------
     17604        888        424        124       1480     375313   Object Totals
         0          0         32          0          0          0   (incl. Generated)
         8          0          0          2          0          0   (incl. Padding)

    ----------------------------------------------------------------------

      Code (inc. data)   RO Data    RW Data    ZI Data      Debug   Library Member Name

         0          0          0          0          0          0   entry.o
         0          0          0          0          0          0   entry10a.o
         0          0          0          0          0          0   entry11a.o
         8          4          0          0          0          0   entry2.o
         4          0          0          0          0          0   entry5.o
         0          0          0          0          0          0   entry7b.o
         0          0          0          0          0          0   entry8b.o
         8          4          0          0          0          0   entry9a.o
        30          0          0          0          0          0   handlers.o
        36          8          0          0          0         68   init.o
         0          0          0          0          0          0   iusefp.o
        30          0          0          0          0         68   llshl.o
        36          0          0          0          0         68   llsshr.o
        32          0          0          0          0         68   llushr.o
        50          8          0          0          0        152   printfb.o
         0          0          0          4          0          0   stdout.o
        48          0          0          0          0         68   cdcmple.o
        48          0          0          0          0         68   cdrcmple.o
        56          0          0          0          0         88   d2f.o
       334          0          0          0          0        148   dadd.o
       222          0          0          0          0        100   ddiv.o
       186          0          0          0          0        176   depilogue.o
       228          0          0          0          0         96   dmul.o
        38          0          0          0          0         68   f2d.o
       176          0          0          0          0        140   fadd.o
       110          0          0          0          0        168   fepilogue.o
        50          0          0          0          0         68   ffixi.o
        18          0          0          0          0         68   fflti.o

    ----------------------------------------------------------------------
      1752         24          0          4          0       1680   Library Totals
         4          0          0          0          0          0   (incl. Padding)

    ----------------------------------------------------------------------

      Code (inc. data)   RO Data    RW Data    ZI Data      Debug   Library Name

       234         24          0          4          0        424   mc_w.l
      1514          0          0          0          0       1256   mf_w.l

    ----------------------------------------------------------------------
      1752         24          0          4          0       1680   Library Totals

    ----------------------------------------------------------------------

==============================================================================


      Code (inc. data)   RO Data    RW Data    ZI Data      Debug   

     19356        912        424        128       1480     374389   Grand Totals
     19356        912        424        128       1480     374389   ELF Image Totals
     19356        912        424        128          0          0   ROM Totals

==============================================================================

    Total RO  Size (Code + RO Data)                19780 (  19.32kB)
    Total RW  Size (RW Data + ZI Data)              1608 (   1.57kB)
    Total ROM Size (Code + RO Data + RW Data)      19908 (  19.44kB)

==============================================================================

